Component: ARM Compiler 5.06 update 7 (build 960) Tool: armlink [4d3601]

==============================================================================

Section Cross References

    startup_stm32f030x8.o(RESET) refers to startup_stm32f030x8.o(STACK) for __initial_sp
    startup_stm32f030x8.o(RESET) refers to startup_stm32f030x8.o(.text) for Reset_Handler
    startup_stm32f030x8.o(RESET) refers to stm32f0xx_it.o(i.NMI_Handler) for NMI_Handler
    startup_stm32f030x8.o(RESET) refers to stm32f0xx_it.o(i.HardFault_Handler) for HardFault_Handler
    startup_stm32f030x8.o(RESET) refers to stm32f0xx_it.o(i.SVC_Handler) for SVC_Handler
    startup_stm32f030x8.o(RESET) refers to stm32f0xx_it.o(i.PendSV_Handler) for PendSV_Handler
    startup_stm32f030x8.o(RESET) refers to stm32f0xx_it.o(i.SysTick_Handler) for SysTick_Handler
    startup_stm32f030x8.o(RESET) refers to stm32f0xx_it.o(i.DMA1_Channel2_3_IRQHandler) for DMA1_Channel2_3_IRQHandler
    startup_stm32f030x8.o(RESET) refers to stm32f0xx_it.o(i.DMA1_Channel4_5_IRQHandler) for DMA1_Channel4_5_IRQHandler
    startup_stm32f030x8.o(RESET) refers to stm32f0xx_it.o(i.TIM16_IRQHandler) for TIM16_IRQHandler
    startup_stm32f030x8.o(RESET) refers to stm32f0xx_it.o(i.TIM17_IRQHandler) for TIM17_IRQHandler
    startup_stm32f030x8.o(RESET) refers to stm32f0xx_it.o(i.USART1_IRQHandler) for USART1_IRQHandler
    startup_stm32f030x8.o(RESET) refers to stm32f0xx_it.o(i.USART2_IRQHandler) for USART2_IRQHandler
    startup_stm32f030x8.o(.text) refers to system_stm32f0xx.o(i.SystemInit) for SystemInit
    startup_stm32f030x8.o(.text) refers to entry.o(.ARM.Collect$$$$00000000) for __main
    main.o(i.SystemClock_Config) refers to memseta.o(.text) for __aeabi_memclr4
    main.o(i.SystemClock_Config) refers to stm32f0xx_hal_rcc.o(i.HAL_RCC_OscConfig) for HAL_RCC_OscConfig
    main.o(i.SystemClock_Config) refers to main.o(i.Error_Handler) for Error_Handler
    main.o(i.SystemClock_Config) refers to stm32f0xx_hal_rcc.o(i.HAL_RCC_ClockConfig) for HAL_RCC_ClockConfig
    main.o(i.SystemClock_Config) refers to stm32f0xx_hal_rcc_ex.o(i.HAL_RCCEx_PeriphCLKConfig) for HAL_RCCEx_PeriphCLKConfig
    main.o(i.key_click_handle) refers to segger_rtt.o(i.SEGGER_RTT_SetTerminal) for SEGGER_RTT_SetTerminal
    main.o(i.key_click_handle) refers to segger_rtt.o(i.SEGGER_RTT_WriteString) for SEGGER_RTT_WriteString
    main.o(i.key_click_handle) refers to segment_lcd_ui.o(i.LCD_UI_KeyEvent) for LCD_UI_KeyEvent
    main.o(i.key_double_click_handle) refers to segger_rtt.o(i.SEGGER_RTT_SetTerminal) for SEGGER_RTT_SetTerminal
    main.o(i.key_double_click_handle) refers to segger_rtt.o(i.SEGGER_RTT_WriteString) for SEGGER_RTT_WriteString
    main.o(i.main) refers to stm32f0xx_hal.o(i.HAL_Init) for HAL_Init
    main.o(i.main) refers to main.o(i.SystemClock_Config) for SystemClock_Config
    main.o(i.main) refers to dma.o(i.MX_DMA_Init) for MX_DMA_Init
    main.o(i.main) refers to tim.o(i.MX_TIM17_Init) for MX_TIM17_Init
    main.o(i.main) refers to tim.o(i.MX_TIM16_Init) for MX_TIM16_Init
    main.o(i.main) refers to tim.o(i.TIM17_Start) for TIM17_Start
    main.o(i.main) refers to lcd_gpio.o(i.ht16220_gpio_init) for ht16220_gpio_init
    main.o(i.main) refers to key.o(i.key_init) for key_init
    main.o(i.main) refers to led.o(i.led_init) for led_init
    main.o(i.main) refers to segger_rtt.o(i.SEGGER_RTT_SetTerminal) for SEGGER_RTT_SetTerminal
    main.o(i.main) refers to segger_rtt.o(i.SEGGER_RTT_WriteString) for SEGGER_RTT_WriteString
    main.o(i.main) refers to key.o(i.key_click_register_task) for key_click_register_task
    main.o(i.main) refers to key.o(i.key_double_click_register_task) for key_double_click_register_task
    main.o(i.main) refers to stm32f0xx_hal_gpio.o(i.HAL_GPIO_WritePin) for HAL_GPIO_WritePin
    main.o(i.main) refers to segment_lcd_ui.o(i.LCD_UI_SetMeasurements) for LCD_UI_SetMeasurements
    main.o(i.main) refers to segment_lcd_ui.o(i.LCD_UI_SetHighLevelConfig) for LCD_UI_SetHighLevelConfig
    main.o(i.main) refers to segment_lcd_ui.o(i.LCD_UI_SetProgressPercent) for LCD_UI_SetProgressPercent
    main.o(i.main) refers to segment_lcd_ui.o(i.LCD_UI_Task) for LCD_UI_Task
    main.o(i.main) refers to main.o(i.key_click_handle) for key_click_handle
    main.o(i.main) refers to main.o(i.key_double_click_handle) for key_double_click_handle
    gpio.o(i.MX_GPIO_Init) refers to memseta.o(.text) for __aeabi_memclr4
    gpio.o(i.MX_GPIO_Init) refers to stm32f0xx_hal_gpio.o(i.HAL_GPIO_WritePin) for HAL_GPIO_WritePin
    gpio.o(i.MX_GPIO_Init) refers to stm32f0xx_hal_gpio.o(i.HAL_GPIO_Init) for HAL_GPIO_Init
    dma.o(i.MX_DMA_Init) refers to stm32f0xx_hal_cortex.o(i.HAL_NVIC_SetPriority) for HAL_NVIC_SetPriority
    dma.o(i.MX_DMA_Init) refers to stm32f0xx_hal_cortex.o(i.HAL_NVIC_EnableIRQ) for HAL_NVIC_EnableIRQ
    tim.o(i.HAL_TIM_Base_MspDeInit) refers to stm32f0xx_hal_cortex.o(i.HAL_NVIC_DisableIRQ) for HAL_NVIC_DisableIRQ
[...]
    Removing stm32f0xx_hal.o(i.HAL_SuspendTick), (20 bytes).
    Removing stm32f0xx_hal_i2c.o(.rev16_text), (4 bytes).
    Removing stm32f0xx_hal_i2c.o(.revsh_text), (4 bytes).
    Removing stm32f0xx_hal_i2c.o(i.HAL_I2C_AbortCpltCallback), (2 bytes).
    Removing stm32f0xx_hal_i2c.o(i.HAL_I2C_AddrCallback), (2 bytes).
    Removing stm32f0xx_hal_i2c.o(i.HAL_I2C_DeInit), (66 bytes).
    Removing stm32f0xx_hal_i2c.o(i.HAL_I2C_DisableListen_IT), (62 bytes).
    Removing stm32f0xx_hal_i2c.o(i.HAL_I2C_ER_IRQHandler), (140 bytes).
    Removing stm32f0xx_hal_i2c.o(i.HAL_I2C_EV_IRQHandler), (30 bytes).
    Removing stm32f0xx_hal_i2c.o(i.HAL_I2C_EnableListen_IT), (44 bytes).
    Removing stm32f0xx_hal_i2c.o(i.HAL_I2C_ErrorCallback), (2 bytes).
    Removing stm32f0xx_hal_i2c.o(i.HAL_I2C_GetError), (6 bytes).
    Removing stm32f0xx_hal_i2c.o(i.HAL_I2C_GetMode), (8 bytes).
    Removing stm32f0xx_hal_i2c.o(i.HAL_I2C_GetState), (8 bytes).
    Removing stm32f0xx_hal_i2c.o(i.HAL_I2C_Init), (236 bytes).
    Removing stm32f0xx_hal_i2c.o(i.HAL_I2C_IsDeviceReady), (390 bytes).
    Removing stm32f0xx_hal_i2c.o(i.HAL_I2C_ListenCpltCallback), (2 bytes).
    Removing stm32f0xx_hal_i2c.o(i.HAL_I2C_MasterRxCpltCallback), (2 bytes).
    Removing stm32f0xx_hal_i2c.o(i.HAL_I2C_MasterTxCpltCallback), (2 bytes).
    Removing stm32f0xx_hal_i2c.o(i.HAL_I2C_Master_Abort_IT), (132 bytes).
    Removing stm32f0xx_hal_i2c.o(i.HAL_I2C_Master_Receive), (364 bytes).
    Removing stm32f0xx_hal_i2c.o(i.HAL_I2C_Master_Receive_DMA), (376 bytes).
    Removing stm32f0xx_hal_i2c.o(i.HAL_I2C_Master_Receive_IT), (168 bytes).
    Removing stm32f0xx_hal_i2c.o(i.HAL_I2C_Master_Seq_Receive_DMA), (404 bytes).
    Removing stm32f0xx_hal_i2c.o(i.HAL_I2C_Master_Seq_Receive_IT), (192 bytes).
    Removing stm32f0xx_hal_i2c.o(i.HAL_I2C_Master_Seq_Transmit_DMA), (508 bytes).
    Removing stm32f0xx_hal_i2c.o(i.HAL_I2C_Master_Seq_Transmit_IT), (280 bytes).
    Removing stm32f0xx_hal_i2c.o(i.HAL_I2C_Master_Transmit), (404 bytes).
    Removing stm32f0xx_hal_i2c.o(i.HAL_I2C_Master_Transmit_DMA), (420 bytes).
    Removing stm32f0xx_hal_i2c.o(i.HAL_I2C_Master_Transmit_IT), (224 bytes).
    Removing stm32f0xx_hal_i2c.o(i.HAL_I2C_MemRxCpltCallback), (2 bytes).
    Removing stm32f0xx_hal_i2c.o(i.HAL_I2C_MemTxCpltCallback), (2 bytes).
    Removing stm32f0xx_hal_i2c.o(i.HAL_I2C_Mem_Read), (428 bytes).
    Removing stm32f0xx_hal_i2c.o(i.HAL_I2C_Mem_Read_DMA), (356 bytes).
    Removing stm32f0xx_hal_i2c.o(i.HAL_I2C_Mem_Read_IT), (204 bytes).
    Removing stm32f0xx_hal_i2c.o(i.HAL_I2C_Mem_Write), (420 bytes).
    Removing stm32f0xx_hal_i2c.o(i.HAL_I2C_Mem_Write_DMA), (356 bytes).
    Removing stm32f0xx_hal_i2c.o(i.HAL_I2C_Mem_Write_IT), (204 bytes).
    Removing stm32f0xx_hal_i2c.o(i.HAL_I2C_MspDeInit), (2 bytes).
    Removing stm32f0xx_hal_i2c.o(i.HAL_I2C_MspInit), (2 bytes).
    Removing stm32f0xx_hal_i2c.o(i.HAL_I2C_SlaveRxCpltCallback), (2 bytes).
    Removing stm32f0xx_hal_i2c.o(i.HAL_I2C_SlaveTxCpltCallback), (2 bytes).
    Removing stm32f0xx_hal_i2c.o(i.HAL_I2C_Slave_Receive), (408 bytes).
    Removing stm32f0xx_hal_i2c.o(i.HAL_I2C_Slave_Receive_DMA), (284 bytes).
    Removing stm32f0xx_hal_i2c.o(i.HAL_I2C_Slave_Receive_IT), (120 bytes).
    Removing stm32f0xx_hal_i2c.o(i.HAL_I2C_Slave_Seq_Receive_DMA), (484 bytes).
    Removing stm32f0xx_hal_i2c.o(i.HAL_I2C_Slave_Seq_Receive_IT), (256 bytes).
    Removing stm32f0xx_hal_i2c.o(i.HAL_I2C_Slave_Seq_Transmit_DMA), (488 bytes).
    Removing stm32f0xx_hal_i2c.o(i.HAL_I2C_Slave_Seq_Transmit_IT), (256 bytes).
    Removing stm32f0xx_hal_i2c.o(i.HAL_I2C_Slave_Transmit), (528 bytes).
    Removing stm32f0xx_hal_i2c.o(i.HAL_I2C_Slave_Transmit_DMA), (356 bytes).
    Removing stm32f0xx_hal_i2c.o(i.HAL_I2C_Slave_Transmit_IT), (156 bytes).
    Removing stm32f0xx_hal_i2c.o(i.I2C_ConvertOtherXferOptions), (30 bytes).
    Removing stm32f0xx_hal_i2c.o(i.I2C_DMAAbort), (38 bytes).
    Removing stm32f0xx_hal_i2c.o(i.I2C_DMAError), (30 bytes).
    Removing stm32f0xx_hal_i2c.o(i.I2C_DMAMasterReceiveCplt), (122 bytes).
    Removing stm32f0xx_hal_i2c.o(i.I2C_DMAMasterTransmitCplt), (100 bytes).
    Removing stm32f0xx_hal_i2c.o(i.I2C_DMASlaveReceiveCplt), (52 bytes).
    Removing stm32f0xx_hal_i2c.o(i.I2C_DMASlaveTransmitCplt), (42 bytes).
    Removing stm32f0xx_hal_i2c.o(i.I2C_Disable_IRQ), (116 bytes).
    Removing stm32f0xx_hal_i2c.o(i.I2C_Enable_IRQ), (180 bytes).
    Removing stm32f0xx_hal_i2c.o(i.I2C_Flush_TXDR), (50 bytes).
    Removing stm32f0xx_hal_i2c.o(i.I2C_ITAddrCplt), (208 bytes).
    Removing stm32f0xx_hal_i2c.o(i.I2C_ITError), (348 bytes).
    Removing stm32f0xx_hal_i2c.o(i.I2C_ITListenCplt), (120 bytes).
    Removing stm32f0xx_hal_i2c.o(i.I2C_ITMasterCplt), (308 bytes).
    Removing stm32f0xx_hal_i2c.o(i.I2C_ITMasterSeqCplt), (98 bytes).
    Removing stm32f0xx_hal_i2c.o(i.I2C_ITSlaveCplt), (556 bytes).
    Removing stm32f0xx_hal_i2c.o(i.I2C_ITSlaveSeqCplt), (156 bytes).
    Removing stm32f0xx_hal_i2c.o(i.I2C_IsErrorOccurred), (348 bytes).
    Removing stm32f0xx_hal_i2c.o(i.I2C_Master_ISR_DMA), (412 bytes).
    Removing stm32f0xx_hal_i2c.o(i.I2C_Master_ISR_IT), (504 bytes).
    Removing stm32f0xx_hal_i2c.o(i.I2C_Mem_ISR_DMA), (520 bytes).
    Removing stm32f0xx_hal_i2c.o(i.I2C_Mem_ISR_IT), (512 bytes).
    Removing stm32f0xx_hal_i2c.o(i.I2C_RequestMemoryRead), (128 bytes).
    Removing stm32f0xx_hal_i2c.o(i.I2C_RequestMemoryWrite), (128 bytes).
    Removing stm32f0xx_hal_i2c.o(i.I2C_Slave_ISR_DMA), (372 bytes).
    Removing stm32f0xx_hal_i2c.o(i.I2C_Slave_ISR_IT), (384 bytes).
    Removing stm32f0xx_hal_i2c.o(i.I2C_TransferConfig), (60 bytes).
    Removing stm32f0xx_hal_i2c.o(i.I2C_TreatErrorCallback), (62 bytes).
    Removing stm32f0xx_hal_i2c.o(i.I2C_WaitOnFlagUntilTimeout), (126 bytes).
    Removing stm32f0xx_hal_i2c.o(i.I2C_WaitOnRXNEFlagUntilTimeout), (220 bytes).
    Removing stm32f0xx_hal_i2c.o(i.I2C_WaitOnSTOPFlagUntilTimeout), (102 bytes).
    Removing stm32f0xx_hal_i2c.o(i.I2C_WaitOnTXISFlagUntilTimeout), (110 bytes).
    Removing stm32f0xx_hal_i2c_ex.o(.rev16_text), (4 bytes).
    Removing stm32f0xx_hal_i2c_ex.o(.revsh_text), (4 bytes).
    Removing stm32f0xx_hal_i2c_ex.o(i.HAL_I2CEx_ConfigAnalogFilter), (110 bytes).
    Removing stm32f0xx_hal_i2c_ex.o(i.HAL_I2CEx_ConfigDigitalFilter), (112 bytes).
    Removing stm32f0xx_hal_i2c_ex.o(i.HAL_I2CEx_DisableFastModePlus), (52 bytes).
    Removing stm32f0xx_hal_i2c_ex.o(i.HAL_I2CEx_EnableFastModePlus), (52 bytes).
    Removing stm32f0xx_hal_gpio.o(.rev16_text), (4 bytes).
    Removing stm32f0xx_hal_gpio.o(.revsh_text), (4 bytes).
    Removing stm32f0xx_hal_gpio.o(i.HAL_GPIO_DeInit), (264 bytes).
    Removing stm32f0xx_hal_gpio.o(i.HAL_GPIO_EXTI_Callback), (2 bytes).
    Removing stm32f0xx_hal_gpio.o(i.HAL_GPIO_EXTI_IRQHandler), (32 bytes).
    Removing stm32f0xx_hal_gpio.o(i.HAL_GPIO_LockPin), (50 bytes).
    Removing stm32f0xx_hal_gpio.o(i.HAL_GPIO_TogglePin), (20 bytes).
    Removing stm32f0xx_hal_dma.o(.rev16_text), (4 bytes).
    Removing stm32f0xx_hal_dma.o(.revsh_text), (4 bytes).
    Removing stm32f0xx_hal_dma.o(i.DMA_CalcBaseAndBitshift), (32 bytes).
    Removing stm32f0xx_hal_dma.o(i.DMA_SetConfig), (42 bytes).
    Removing stm32f0xx_hal_dma.o(i.HAL_DMA_Abort), (82 bytes).
    Removing stm32f0xx_hal_dma.o(i.HAL_DMA_Abort_IT), (88 bytes).
    Removing stm32f0xx_hal_dma.o(i.HAL_DMA_DeInit), (88 bytes).
    Removing stm32f0xx_hal_dma.o(i.HAL_DMA_GetError), (6 bytes).
    Removing stm32f0xx_hal_dma.o(i.HAL_DMA_GetState), (8 bytes).
    Removing stm32f0xx_hal_dma.o(i.HAL_DMA_IRQHandler), (240 bytes).
    Removing stm32f0xx_hal_dma.o(i.HAL_DMA_Init), (92 bytes).
    Removing stm32f0xx_hal_dma.o(i.HAL_DMA_PollForTransfer), (236 bytes).
    Removing stm32f0xx_hal_dma.o(i.HAL_DMA_RegisterCallback), (92 bytes).
    Removing stm32f0xx_hal_dma.o(i.HAL_DMA_Start), (110 bytes).
    Removing stm32f0xx_hal_dma.o(i.HAL_DMA_Start_IT), (154 bytes).
    Removing stm32f0xx_hal_dma.o(i.HAL_DMA_UnRegisterCallback), (108 bytes).
    Removing stm32f0xx_hal_cortex.o(.rev16_text), (4 bytes).
    Removing stm32f0xx_hal_cortex.o(.revsh_text), (4 bytes).
    Removing stm32f0xx_hal_cortex.o(i.HAL_NVIC_ClearPendingIRQ), (28 bytes).
    Removing stm32f0xx_hal_cortex.o(i.HAL_NVIC_DisableIRQ), (60 bytes).
    Removing stm32f0xx_hal_cortex.o(i.HAL_NVIC_GetPendingIRQ), (48 bytes).
    Removing stm32f0xx_hal_cortex.o(i.HAL_NVIC_GetPriority), (72 bytes).
    Removing stm32f0xx_hal_cortex.o(i.HAL_NVIC_SetPendingIRQ), (28 bytes).
    Removing stm32f0xx_hal_cortex.o(i.HAL_NVIC_SystemReset), (56 bytes).
    Removing stm32f0xx_hal_cortex.o(i.HAL_SYSTICK_CLKSourceConfig), (36 bytes).
    Removing stm32f0xx_hal_cortex.o(i.HAL_SYSTICK_Callback), (2 bytes).
    Removing stm32f0xx_hal_cortex.o(i.HAL_SYSTICK_IRQHandler), (8 bytes).
    Removing stm32f0xx_hal_pwr.o(.rev16_text), (4 bytes).
    Removing stm32f0xx_hal_pwr.o(.revsh_text), (4 bytes).
    Removing stm32f0xx_hal_pwr.o(i.HAL_PWR_DeInit), (32 bytes).
    Removing stm32f0xx_hal_pwr.o(i.HAL_PWR_DisableBkUpAccess), (20 bytes).
    Removing stm32f0xx_hal_pwr.o(i.HAL_PWR_DisableSEVOnPend), (20 bytes).
    Removing stm32f0xx_hal_pwr.o(i.HAL_PWR_DisableSleepOnExit), (20 bytes).
    Removing stm32f0xx_hal_pwr.o(i.HAL_PWR_DisableWakeUpPin), (16 bytes).
    Removing stm32f0xx_hal_pwr.o(i.HAL_PWR_EnableBkUpAccess), (20 bytes).
    Removing stm32f0xx_hal_pwr.o(i.HAL_PWR_EnableSEVOnPend), (20 bytes).
    Removing stm32f0xx_hal_pwr.o(i.HAL_PWR_EnableSleepOnExit), (20 bytes).
    Removing stm32f0xx_hal_pwr.o(i.HAL_PWR_EnableWakeUpPin), (16 bytes).
    Removing stm32f0xx_hal_pwr.o(i.HAL_PWR_EnterSLEEPMode), (32 bytes).
    Removing stm32f0xx_hal_pwr.o(i.HAL_PWR_EnterSTANDBYMode), (40 bytes).
    Removing stm32f0xx_hal_pwr.o(i.HAL_PWR_EnterSTOPMode), (72 bytes).
    Removing stm32f0xx_hal_pwr_ex.o(.rev16_text), (4 bytes).
    Removing stm32f0xx_hal_pwr_ex.o(.revsh_text), (4 bytes).
    Removing stm32f0xx_hal_flash.o(.rev16_text), (4 bytes).
    Removing stm32f0xx_hal_flash.o(.revsh_text), (4 bytes).
    Removing stm32f0xx_hal_flash.o(i.FLASH_Program_HalfWord), (32 bytes).
    Removing stm32f0xx_hal_flash.o(i.FLASH_SetErrorCode), (72 bytes).
    Removing stm32f0xx_hal_flash.o(i.FLASH_WaitForLastOperation), (104 bytes).
    Removing stm32f0xx_hal_flash.o(i.HAL_FLASH_EndOfOperationCallback), (2 bytes).
    Removing stm32f0xx_hal_flash.o(i.HAL_FLASH_GetError), (12 bytes).
    Removing stm32f0xx_hal_flash.o(i.HAL_FLASH_IRQHandler), (396 bytes).
    Removing stm32f0xx_hal_flash.o(i.HAL_FLASH_Lock), (20 bytes).
    Removing stm32f0xx_hal_flash.o(i.HAL_FLASH_OB_Launch), (32 bytes).
    Removing stm32f0xx_hal_flash.o(i.HAL_FLASH_OB_Lock), (24 bytes).
    Removing stm32f0xx_hal_flash.o(i.HAL_FLASH_OB_Unlock), (48 bytes).
    Removing stm32f0xx_hal_flash.o(i.HAL_FLASH_OperationErrorCallback), (2 bytes).
    Removing stm32f0xx_hal_flash.o(i.HAL_FLASH_Program), (188 bytes).
    Removing stm32f0xx_hal_flash.o(i.HAL_FLASH_Program_IT), (120 bytes).
    Removing stm32f0xx_hal_flash.o(i.HAL_FLASH_Unlock), (52 bytes).
    Removing stm32f0xx_hal_flash.o(.bss), (32 bytes).
    Removing stm32f0xx_hal_flash_ex.o(.rev16_text), (4 bytes).
    Removing stm32f0xx_hal_flash_ex.o(.revsh_text), (4 bytes).
    Removing stm32f0xx_hal_flash_ex.o(i.FLASH_MassErase), (40 bytes).
    Removing stm32f0xx_hal_flash_ex.o(i.FLASH_OB_DisableWRP), (148 bytes).
    Removing stm32f0xx_hal_flash_ex.o(i.FLASH_OB_EnableWRP), (152 bytes).
    Removing stm32f0xx_hal_flash_ex.o(i.FLASH_OB_GetRDP), (40 bytes).
    Removing stm32f0xx_hal_flash_ex.o(i.FLASH_OB_GetUser), (20 bytes).
    Removing stm32f0xx_hal_flash_ex.o(i.FLASH_OB_GetWRP), (12 bytes).
    Removing stm32f0xx_hal_flash_ex.o(i.FLASH_OB_ProgramData), (76 bytes).
    Removing stm32f0xx_hal_flash_ex.o(i.FLASH_OB_RDP_LevelConfig), (128 bytes).
    Removing stm32f0xx_hal_flash_ex.o(i.FLASH_OB_UserConfig), (84 bytes).
    Removing stm32f0xx_hal_flash_ex.o(i.FLASH_PageErase), (44 bytes).
    Removing stm32f0xx_hal_flash_ex.o(i.HAL_FLASHEx_Erase), (172 bytes).
    Removing stm32f0xx_hal_flash_ex.o(i.HAL_FLASHEx_Erase_IT), (104 bytes).
    Removing stm32f0xx_hal_flash_ex.o(i.HAL_FLASHEx_OBErase), (100 bytes).
    Removing stm32f0xx_hal_flash_ex.o(i.HAL_FLASHEx_OBGetConfig), (28 bytes).
    Removing stm32f0xx_hal_flash_ex.o(i.HAL_FLASHEx_OBGetUserData), (40 bytes).
    Removing stm32f0xx_hal_flash_ex.o(i.HAL_FLASHEx_OBProgram), (208 bytes).
    Removing stm32f0xx_hal_exti.o(.rev16_text), (4 bytes).
    Removing stm32f0xx_hal_exti.o(.revsh_text), (4 bytes).
    Removing stm32f0xx_hal_exti.o(i.HAL_EXTI_ClearConfigLine), (124 bytes).
    Removing stm32f0xx_hal_exti.o(i.HAL_EXTI_ClearPending), (28 bytes).
    Removing stm32f0xx_hal_exti.o(i.HAL_EXTI_GenerateSWI), (24 bytes).
    Removing stm32f0xx_hal_exti.o(i.HAL_EXTI_GetConfigLine), (164 bytes).
    Removing stm32f0xx_hal_exti.o(i.HAL_EXTI_GetHandle), (16 bytes).
    Removing stm32f0xx_hal_exti.o(i.HAL_EXTI_GetPending), (36 bytes).
    Removing stm32f0xx_hal_exti.o(i.HAL_EXTI_IRQHandler), (48 bytes).
    Removing stm32f0xx_hal_exti.o(i.HAL_EXTI_RegisterCallback), (22 bytes).
    Removing stm32f0xx_hal_exti.o(i.HAL_EXTI_SetConfigLine), (236 bytes).
    Removing stm32f0xx_hal_uart.o(.rev16_text), (4 bytes).
    Removing stm32f0xx_hal_uart.o(.revsh_text), (4 bytes).
    Removing stm32f0xx_hal_uart.o(i.HAL_HalfDuplex_EnableReceiver), (116 bytes).
    Removing stm32f0xx_hal_uart.o(i.HAL_HalfDuplex_EnableTransmitter), (116 bytes).
    Removing stm32f0xx_hal_uart.o(i.HAL_HalfDuplex_Init), (116 bytes).
    Removing stm32f0xx_hal_uart.o(i.HAL_MultiProcessor_DisableMuteMode), (78 bytes).
    Removing stm32f0xx_hal_uart.o(i.HAL_MultiProcessor_EnableMuteMode), (78 bytes).
    Removing stm32f0xx_hal_uart.o(i.HAL_MultiProcessor_EnterMuteMode), (14 bytes).
    Removing stm32f0xx_hal_uart.o(i.HAL_MultiProcessor_Init), (160 bytes).
    Removing stm32f0xx_hal_uart.o(i.HAL_UARTEx_RxEventCallback), (2 bytes).
    Removing stm32f0xx_hal_uart.o(i.HAL_UART_Abort), (342 bytes).
    Removing stm32f0xx_hal_uart.o(i.HAL_UART_AbortCpltCallback), (2 bytes).
    Removing stm32f0xx_hal_uart.o(i.HAL_UART_AbortReceive), (240 bytes).
    Removing stm32f0xx_hal_uart.o(i.HAL_UART_AbortReceiveCpltCallback), (2 bytes).
    Removing stm32f0xx_hal_uart.o(i.HAL_UART_AbortReceive_IT), (276 bytes).
    Removing stm32f0xx_hal_uart.o(i.HAL_UART_AbortTransmit), (140 bytes).
    Removing stm32f0xx_hal_uart.o(i.HAL_UART_AbortTransmitCpltCallback), (2 bytes).
    Removing stm32f0xx_hal_uart.o(i.HAL_UART_AbortTransmit_IT), (164 bytes).
    Removing stm32f0xx_hal_uart.o(i.HAL_UART_Abort_IT), (400 bytes).
    Removing stm32f0xx_hal_uart.o(i.HAL_UART_DMAPause), (184 bytes).
    Removing stm32f0xx_hal_uart.o(i.HAL_UART_DMAResume), (172 bytes).
    Removing stm32f0xx_hal_uart.o(i.HAL_UART_DMAStop), (198 bytes).
    Removing stm32f0xx_hal_uart.o(i.HAL_UART_DeInit), (80 bytes).
    Removing stm32f0xx_hal_uart.o(i.HAL_UART_DisableReceiverTimeout), (68 bytes).
    Removing stm32f0xx_hal_uart.o(i.HAL_UART_EnableReceiverTimeout), (68 bytes).
    Removing stm32f0xx_hal_uart.o(i.HAL_UART_ErrorCallback), (2 bytes).
    Removing stm32f0xx_hal_uart.o(i.HAL_UART_GetError), (8 bytes).
    Removing stm32f0xx_hal_uart.o(i.HAL_UART_GetState), (14 bytes).
    Removing stm32f0xx_hal_uart.o(i.HAL_UART_IRQHandler), (940 bytes).
    Removing stm32f0xx_hal_uart.o(i.HAL_UART_Init), (126 bytes).
    Removing stm32f0xx_hal_uart.o(i.HAL_UART_MspDeInit), (2 bytes).
    Removing stm32f0xx_hal_uart.o(i.HAL_UART_MspInit), (2 bytes).
    Removing stm32f0xx_hal_uart.o(i.HAL_UART_Receive), (304 bytes).
    Removing stm32f0xx_hal_uart.o(i.HAL_UART_Receive_DMA), (126 bytes).
    Removing stm32f0xx_hal_uart.o(i.HAL_UART_Receive_IT), (126 bytes).
    Removing stm32f0xx_hal_uart.o(i.HAL_UART_ReceiverTimeout_Config), (16 bytes).
    Removing stm32f0xx_hal_uart.o(i.HAL_UART_RxCpltCallback), (2 bytes).
    Removing stm32f0xx_hal_uart.o(i.HAL_UART_RxHalfCpltCallback), (2 bytes).
    Removing stm32f0xx_hal_uart.o(i.HAL_UART_Transmit), (232 bytes).
    Removing stm32f0xx_hal_uart.o(i.HAL_UART_Transmit_DMA), (200 bytes).
    Removing stm32f0xx_hal_uart.o(i.HAL_UART_Transmit_IT), (156 bytes).
    Removing stm32f0xx_hal_uart.o(i.HAL_UART_TxCpltCallback), (2 bytes).
    Removing stm32f0xx_hal_uart.o(i.HAL_UART_TxHalfCpltCallback), (2 bytes).
    Removing stm32f0xx_hal_uart.o(i.UART_AdvFeatureConfig), (240 bytes).
    Removing stm32f0xx_hal_uart.o(i.UART_CheckIdleState), (256 bytes).
    Removing stm32f0xx_hal_uart.o(i.UART_DMAAbortOnError), (24 bytes).
    Removing stm32f0xx_hal_uart.o(i.UART_DMAError), (88 bytes).
    Removing stm32f0xx_hal_uart.o(i.UART_DMAReceiveCplt), (198 bytes).
    Removing stm32f0xx_hal_uart.o(i.UART_DMARxAbortCallback), (84 bytes).
    Removing stm32f0xx_hal_uart.o(i.UART_DMARxHalfCplt), (38 bytes).
    Removing stm32f0xx_hal_uart.o(i.UART_DMARxOnlyAbortCallback), (48 bytes).
    Removing stm32f0xx_hal_uart.o(i.UART_DMATransmitCplt), (94 bytes).
    Removing stm32f0xx_hal_uart.o(i.UART_DMATxAbortCallback), (72 bytes).
    Removing stm32f0xx_hal_uart.o(i.UART_DMATxHalfCplt), (14 bytes).
    Removing stm32f0xx_hal_uart.o(i.UART_DMATxOnlyAbortCallback), (24 bytes).
    Removing stm32f0xx_hal_uart.o(i.UART_EndRxTransfer), (128 bytes).
    Removing stm32f0xx_hal_uart.o(i.UART_EndTransmit_IT), (54 bytes).
    Removing stm32f0xx_hal_uart.o(i.UART_EndTxTransfer), (44 bytes).
    Removing stm32f0xx_hal_uart.o(i.UART_RxISR_16BIT), (282 bytes).
    Removing stm32f0xx_hal_uart.o(i.UART_RxISR_8BIT), (282 bytes).
    Removing stm32f0xx_hal_uart.o(i.UART_SetConfig), (416 bytes).
    Removing stm32f0xx_hal_uart.o(i.UART_Start_Receive_DMA), (220 bytes).
    Removing stm32f0xx_hal_uart.o(i.UART_Start_Receive_IT), (256 bytes).
    Removing stm32f0xx_hal_uart.o(i.UART_TxISR_16BIT), (118 bytes).
    Removing stm32f0xx_hal_uart.o(i.UART_TxISR_8BIT), (114 bytes).
    Removing stm32f0xx_hal_uart.o(i.UART_WaitOnFlagUntilTimeout), (180 bytes).
    Removing stm32f0xx_hal_uart.o(i.__get_PRIMASK), (6 bytes).
    Removing stm32f0xx_hal_uart.o(i.__set_PRIMASK), (6 bytes).
    Removing stm32f0xx_hal_uart_ex.o(.rev16_text), (4 bytes).
    Removing stm32f0xx_hal_uart_ex.o(.revsh_text), (4 bytes).
    Removing stm32f0xx_hal_uart_ex.o(i.HAL_MultiProcessorEx_AddressLength_Set), (64 bytes).
    Removing stm32f0xx_hal_uart_ex.o(i.HAL_RS485Ex_Init), (156 bytes).
    Removing stm32f0xx_hal_uart_ex.o(i.HAL_UARTEx_GetRxEventType), (6 bytes).
    Removing stm32f0xx_hal_uart_ex.o(i.HAL_UARTEx_ReceiveToIdle), (392 bytes).
    Removing stm32f0xx_hal_uart_ex.o(i.HAL_UARTEx_ReceiveToIdle_DMA), (138 bytes).
    Removing stm32f0xx_hal_uart_ex.o(i.HAL_UARTEx_ReceiveToIdle_IT), (138 bytes).
    Removing stm32f0xx_hal_uart_ex.o(i.__set_PRIMASK), (6 bytes).
    Removing system_stm32f0xx.o(.rev16_text), (4 bytes).
    Removing system_stm32f0xx.o(.revsh_text), (4 bytes).
    Removing system_stm32f0xx.o(i.SystemCoreClockUpdate), (176 bytes).
    Removing segger_rtt.o(i.SEGGER_RTT_AllocDownBuffer), (172 bytes).
    Removing segger_rtt.o(i.SEGGER_RTT_AllocUpBuffer), (172 bytes).
    Removing segger_rtt.o(i.SEGGER_RTT_ConfigDownBuffer), (116 bytes).
    Removing segger_rtt.o(i.SEGGER_RTT_ConfigUpBuffer), (116 bytes).
    Removing segger_rtt.o(i.SEGGER_RTT_GetAvailWriteSpace), (24 bytes).
    Removing segger_rtt.o(i.SEGGER_RTT_GetBytesInBuffer), (56 bytes).
    Removing segger_rtt.o(i.SEGGER_RTT_GetKey), (32 bytes).
    Removing segger_rtt.o(i.SEGGER_RTT_HasData), (24 bytes).
    Removing segger_rtt.o(i.SEGGER_RTT_HasDataUp), (24 bytes).
    Removing segger_rtt.o(i.SEGGER_RTT_HasKey), (44 bytes).
    Removing segger_rtt.o(i.SEGGER_RTT_Init), (8 bytes).
    Removing segger_rtt.o(i.SEGGER_RTT_PutChar), (124 bytes).
    Removing segger_rtt.o(i.SEGGER_RTT_PutCharSkip), (112 bytes).
    Removing segger_rtt.o(i.SEGGER_RTT_PutCharSkipNoLock), (56 bytes).
    Removing segger_rtt.o(i.SEGGER_RTT_Read), (50 bytes).
    Removing segger_rtt.o(i.SEGGER_RTT_ReadNoLock), (184 bytes).
    Removing segger_rtt.o(i.SEGGER_RTT_ReadUpBuffer), (50 bytes).
    Removing segger_rtt.o(i.SEGGER_RTT_ReadUpBufferNoLock), (184 bytes).
    Removing segger_rtt.o(i.SEGGER_RTT_SetFlagsDownBuffer), (88 bytes).
    Removing segger_rtt.o(i.SEGGER_RTT_SetFlagsUpBuffer), (88 bytes).
    Removing segger_rtt.o(i.SEGGER_RTT_SetNameDownBuffer), (88 bytes).
    Removing segger_rtt.o(i.SEGGER_RTT_SetNameUpBuffer), (88 bytes).
    Removing segger_rtt.o(i.SEGGER_RTT_TerminalOut), (260 bytes).
    Removing segger_rtt.o(i.SEGGER_RTT_WaitKey), (14 bytes).
    Removing segger_rtt.o(i.SEGGER_RTT_WriteDownBuffer), (72 bytes).
    Removing segger_rtt.o(i.SEGGER_RTT_WriteDownBufferNoLock), (132 bytes).
    Removing segger_rtt.o(i.SEGGER_RTT_WriteSkipNoLock), (160 bytes).
    Removing segger_rtt.o(i.SEGGER_RTT_WriteWithOverwriteNoLock), (180 bytes).
    Removing segger_rtt.o(i._PostTerminalSwitch), (36 bytes).
    Removing segger_rtt_printf.o(i.SEGGER_RTT_printf), (36 bytes).
    Removing segger_rtt_printf.o(i.SEGGER_RTT_vprintf), (556 bytes).
    Removing segger_rtt_printf.o(i._PrintInt), (270 bytes).
    Removing segger_rtt_printf.o(i._PrintUnsigned), (284 bytes).
    Removing segger_rtt_printf.o(i._StoreChar), (68 bytes).
    Removing segger_rtt_printf.o(.constdata), (16 bytes).
    Removing key.o(.rev16_text), (4 bytes).
    Removing key.o(.revsh_text), (4 bytes).
    Removing led.o(.rev16_text), (4 bytes).
    Removing led.o(.revsh_text), (4 bytes).
    Removing ht16220.o(i.HT16220_GetPoint), (40 bytes).
    Removing ht16220.o(i.HT16220_GetSegByte), (20 bytes).
    Removing ht16220.o(i.HT16220_Init), (80 bytes).
    Removing ht16220.o(i.HT16220_IsFlushDone), (40 bytes).
    Removing ht16220.o(i.HT16220_RequestFullRefresh), (44 bytes).
    Removing ht16220.o(i.HT16220_SetSegByte), (16 bytes).
    Removing ht16220.o(i.ht_send_command), (40 bytes).
    Removing lcd_gpio.o(.rev16_text), (4 bytes).
    Removing lcd_gpio.o(.revsh_text), (4 bytes).
    Removing segment_lcd_ui.o(i.LCD_UI_GetData), (24 bytes).
    Removing segment_lcd_ui.o(i.LCD_UI_GetPage), (12 bytes).
    Removing segment_lcd_ui.o(i.LCD_UI_Init), (108 bytes).
    Removing segment_lcd_ui.o(i.LCD_UI_IsEditing), (12 bytes).
    Removing usart_test.o(.rev16_text), (4 bytes).
    Removing usart_test.o(.revsh_text), (4 bytes).
    Removing usart_test.o(i.loop_buffer_available), (34 bytes).
    Removing usart_test.o(i.loop_buffer_free), (20 bytes).
    Removing usart_test.o(i.loop_buffer_init), (12 bytes).
    Removing usart_test.o(i.loop_buffer_next_index), (18 bytes).
    Removing usart_test.o(i.loop_buffer_pop), (42 bytes).
    Removing usart_test.o(i.loop_buffer_pop_array), (42 bytes).
    Removing usart_test.o(i.loop_buffer_push), (38 bytes).
    Removing usart_test.o(i.loop_buffer_push_array), (42 bytes).
    Removing usart_test.o(i.send_loop_buffer_count_empty), (18 bytes).
    Removing usart_test.o(i.send_loop_buffer_count_free), (38 bytes).
    Removing usart_test.o(i.send_loop_buffer_data_free), (38 bytes).
    Removing usart_test.o(i.send_loop_buffer_init), (24 bytes).
    Removing usart_test.o(i.send_loop_buffer_pop), (112 bytes).
    Removing usart_test.o(i.send_loop_buffer_push), (140 bytes).
    Removing usart_test.o(i.uart_send_enter_critical), (4 bytes).
    Removing usart_test.o(i.uart_send_exit_critical), (4 bytes).
    Removing usart_ywy.o(.rev16_text), (4 bytes).
    Removing usart_ywy.o(.revsh_text), (4 bytes).
    Removing usart_ywy.o(i.uart_send_check), (76 bytes).
    Removing usart_ywy.o(i.uart_send_data), (24 bytes).
    Removing usart_ywy.o(i.uart_send_fifo_init), (44 bytes).
    Removing usart_ywy.o(i.uart_send_string), (28 bytes).
    Removing usart_ywy.o(i.usart_ywy_dma_init), (376 bytes).
    Removing usart_ywy.o(.bss), (1332 bytes).
    Removing usart_ywy.o(.data), (1 bytes).

551 unused section(s) (total 62895 bytes) removed from the image.

==============================================================================

Image Symbol Table

    Local Symbols

    Symbol Name                              Value     Ov Type        Size  Object(Section)

    ../Core/Src/dma.c                        0x00000000   Number         0  dma.o ABSOLUTE
    ../Core/Src/gpio.c                       0x00000000   Number         0  gpio.o ABSOLUTE
    ../Core/Src/main.c                       0x00000000   Number         0  main.o ABSOLUTE
    ../Core/Src/stm32f0xx_hal_msp.c          0x00000000   Number         0  stm32f0xx_hal_msp.o ABSOLUTE
    ../Core/Src/stm32f0xx_it.c               0x00000000   Number         0  stm32f0xx_it.o ABSOLUTE
    ../Core/Src/system_stm32f0xx.c           0x00000000   Number         0  system_stm32f0xx.o ABSOLUTE
    ../Core/Src/tim.c                        0x00000000   Number         0  tim.o ABSOLUTE
    ../Drivers/STM32F0xx_HAL_Driver/Src/stm32f0xx_hal.c 0x00000000   Number         0  stm32f0xx_hal.o ABSOLUTE
    ../Drivers/STM32F0xx_HAL_Driver/Src/stm32f0xx_hal_cortex.c 0x00000000   Number         0  stm32f0xx_hal_cortex.o ABSOLUTE
    ../Drivers/STM32F0xx_HAL_Driver/Src/stm32f0xx_hal_dma.c 0x00000000   Number         0  stm32f0xx_hal_dma.o ABSOLUTE
    ../Drivers/STM32F0xx_HAL_Driver/Src/stm32f0xx_hal_exti.c 0x00000000   Number         0  stm32f0xx_hal_exti.o ABSOLUTE
    ../Drivers/STM32F0xx_HAL_Driver/Src/stm32f0xx_hal_flash.c 0x00000000   Number         0  stm32f0xx_hal_flash.o ABSOLUTE
    ../Drivers/STM32F0xx_HAL_Driver/Src/stm32f0xx_hal_flash_ex.c 0x00000000   Number         0  stm32f0xx_hal_flash_ex.o ABSOLUTE
    ../Drivers/STM32F0xx_HAL_Driver/Src/stm32f0xx_hal_gpio.c 0x00000000   Number         0  stm32f0xx_hal_gpio.o ABSOLUTE
    ../Drivers/STM32F0xx_HAL_Driver/Src/stm32f0xx_hal_i2c.c 0x00000000   Number         0  stm32f0xx_hal_i2c.o ABSOLUTE
    ../Drivers/STM32F0xx_HAL_Driver/Src/stm32f0xx_hal_i2c_ex.c 0x00000000   Number         0  stm32f0xx_hal_i2c_ex.o ABSOLUTE
    ../Drivers/STM32F0xx_HAL_Driver/Src/stm32f0xx_hal_pwr.c 0x00000000   Number         0  stm32f0xx_hal_pwr.o ABSOLUTE
    ../Drivers/STM32F0xx_HAL_Driver/Src/stm32f0xx_hal_pwr_ex.c 0x00000000   Number         0  stm32f0xx_hal_pwr_ex.o ABSOLUTE
    ../Drivers/STM32F0xx_HAL_Driver/Src/stm32f0xx_hal_rcc.c 0x00000000   Number         0  stm32f0xx_hal_rcc.o ABSOLUTE
    ../Drivers/STM32F0xx_HAL_Driver/Src/stm32f0xx_hal_rcc_ex.c 0x00000000   Number         0  stm32f0xx_hal_rcc_ex.o ABSOLUTE
    ../Drivers/STM32F0xx_HAL_Driver/Src/stm32f0xx_hal_tim.c 0x00000000   Number         0  stm32f0xx_hal_tim.o ABSOLUTE
    ../Drivers/STM32F0xx_HAL_Driver/Src/stm32f0xx_hal_tim_ex.c 0x00000000   Number         0  stm32f0xx_hal_tim_ex.o ABSOLUTE
    ../Drivers/STM32F0xx_HAL_Driver/Src/stm32f0xx_hal_uart.c 0x00000000   Number         0  stm32f0xx_hal_uart.o ABSOLUTE
    ../Drivers/STM32F0xx_HAL_Driver/Src/stm32f0xx_hal_uart_ex.c 0x00000000   Number         0  stm32f0xx_hal_uart_ex.o ABSOLUTE
    ../clib/microlib/division.c              0x00000000   Number         0  uidiv.o ABSOLUTE
    ../clib/microlib/division.c              0x00000000   Number         0  idiv.o ABSOLUTE
    ../clib/microlib/division.c              0x00000000   Number         0  uldiv.o ABSOLUTE
    ../clib/microlib/init/entry.s            0x00000000   Number         0  entry2.o ABSOLUTE
    ../clib/microlib/init/entry.s            0x00000000   Number         0  entry8b.o ABSOLUTE
    ../clib/microlib/init/entry.s            0x00000000   Number         0  entry.o ABSOLUTE
    ../clib/microlib/init/entry.s            0x00000000   Number         0  entry7a.o ABSOLUTE
    ../clib/microlib/init/entry.s            0x00000000   Number         0  entry7b.o ABSOLUTE
    ../clib/microlib/init/entry.s            0x00000000   Number         0  entry9a.o ABSOLUTE
    ../clib/microlib/init/entry.s            0x00000000   Number         0  entry9b.o ABSOLUTE
    ../clib/microlib/init/entry.s            0x00000000   Number         0  entry10a.o ABSOLUTE
    ../clib/microlib/init/entry.s            0x00000000   Number         0  entry10b.o ABSOLUTE
    ../clib/microlib/init/entry.s            0x00000000   Number         0  entry11a.o ABSOLUTE
    ../clib/microlib/init/entry.s            0x00000000   Number         0  entry8a.o ABSOLUTE
    ../clib/microlib/init/entry.s            0x00000000   Number         0  entry5.o ABSOLUTE
    ../clib/microlib/init/entry.s            0x00000000   Number         0  entry11b.o ABSOLUTE
    ../clib/microlib/init/entry.s            0x00000000   Number         0  entry12a.o ABSOLUTE
    ../clib/microlib/init/entry.s            0x00000000   Number         0  entry12b.o ABSOLUTE
    ../clib/microlib/longlong.c              0x00000000   Number         0  llshl.o ABSOLUTE
    ../clib/microlib/longlong.c              0x00000000   Number         0  llushr.o ABSOLUTE
    ../clib/microlib/string/memcpy.c         0x00000000   Number         0  memcpya.o ABSOLUTE
    ../clib/microlib/string/memcpy.c         0x00000000   Number         0  memcpyb.o ABSOLUTE
    ../clib/microlib/string/memset.c         0x00000000   Number         0  memseta.o ABSOLUTE
    ../clib/microlib/string/strlen.c         0x00000000   Number         0  strlen.o ABSOLUTE
    ..\BSP\HT16220\ht16220.c                 0x00000000   Number         0  ht16220.o ABSOLUTE
    ..\BSP\KEY\KEY.c                         0x00000000   Number         0  key.o ABSOLUTE
    ..\BSP\LCD\lcd_gpio.c                    0x00000000   Number         0  lcd_gpio.o ABSOLUTE
    ..\BSP\LCD\segment_lcd_ui.c              0x00000000   Number         0  segment_lcd_ui.o ABSOLUTE
    ..\BSP\LED\LED.c                         0x00000000   Number         0  led.o ABSOLUTE
    ..\BSP\RTT\SEGGER_RTT.c                  0x00000000   Number         0  segger_rtt.o ABSOLUTE
    ..\BSP\RTT\SEGGER_RTT_printf.c           0x00000000   Number         0  segger_rtt_printf.o ABSOLUTE
    ..\BSP\USART_FIFO\usart_test.c           0x00000000   Number         0  usart_test.o ABSOLUTE
    ..\BSP\USART_YWY\usart_ywy.c             0x00000000   Number         0  usart_ywy.o ABSOLUTE
    ..\Core\Src\dma.c                        0x00000000   Number         0  dma.o ABSOLUTE
    ..\Core\Src\gpio.c                       0x00000000   Number         0  gpio.o ABSOLUTE
    ..\Core\Src\main.c                       0x00000000   Number         0  main.o ABSOLUTE
    ..\Core\Src\stm32f0xx_hal_msp.c          0x00000000   Number         0  stm32f0xx_hal_msp.o ABSOLUTE
    ..\Core\Src\stm32f0xx_it.c               0x00000000   Number         0  stm32f0xx_it.o ABSOLUTE
    ..\Core\Src\system_stm32f0xx.c           0x00000000   Number         0  system_stm32f0xx.o ABSOLUTE
    ..\Core\Src\tim.c                        0x00000000   Number         0  tim.o ABSOLUTE
    ..\Drivers\STM32F0xx_HAL_Driver\Src\stm32f0xx_hal.c 0x00000000   Number         0  stm32f0xx_hal.o ABSOLUTE
    ..\Drivers\STM32F0xx_HAL_Driver\Src\stm32f0xx_hal_cortex.c 0x00000000   Number         0  stm32f0xx_hal_cortex.o ABSOLUTE
    ..\Drivers\STM32F0xx_HAL_Driver\Src\stm32f0xx_hal_dma.c 0x00000000   Number         0  stm32f0xx_hal_dma.o ABSOLUTE
    ..\Drivers\STM32F0xx_HAL_Driver\Src\stm32f0xx_hal_exti.c 0x00000000   Number         0  stm32f0xx_hal_exti.o ABSOLUTE
    ..\Drivers\STM32F0xx_HAL_Driver\Src\stm32f0xx_hal_flash.c 0x00000000   Number         0  stm32f0xx_hal_flash.o ABSOLUTE
    ..\Drivers\STM32F0xx_HAL_Driver\Src\stm32f0xx_hal_flash_ex.c 0x00000000   Number         0  stm32f0xx_hal_flash_ex.o ABSOLUTE
    ..\Drivers\STM32F0xx_HAL_Driver\Src\stm32f0xx_hal_gpio.c 0x00000000   Number         0  stm32f0xx_hal_gpio.o ABSOLUTE
    ..\Drivers\STM32F0xx_HAL_Driver\Src\stm32f0xx_hal_i2c.c 0x00000000   Number         0  stm32f0xx_hal_i2c.o ABSOLUTE
    ..\Drivers\STM32F0xx_HAL_Driver\Src\stm32f0xx_hal_i2c_ex.c 0x00000000   Number         0  stm32f0xx_hal_i2c_ex.o ABSOLUTE
    ..\Drivers\STM32F0xx_HAL_Driver\Src\stm32f0xx_hal_pwr.c 0x00000000   Number         0  stm32f0xx_hal_pwr.o ABSOLUTE
    ..\Drivers\STM32F0xx_HAL_Driver\Src\stm32f0xx_hal_pwr_ex.c 0x00000000   Number         0  stm32f0xx_hal_pwr_ex.o ABSOLUTE
    ..\Drivers\STM32F0xx_HAL_Driver\Src\stm32f0xx_hal_rcc.c 0x00000000   Number         0  stm32f0xx_hal_rcc.o ABSOLUTE
    ..\Drivers\STM32F0xx_HAL_Driver\Src\stm32f0xx_hal_rcc_ex.c 0x00000000   Number         0  stm32f0xx_hal_rcc_ex.o ABSOLUTE
    ..\Drivers\STM32F0xx_HAL_Driver\Src\stm32f0xx_hal_tim.c 0x00000000   Number         0  stm32f0xx_hal_tim.o ABSOLUTE
    ..\Drivers\STM32F0xx_HAL_Driver\Src\stm32f0xx_hal_tim_ex.c 0x00000000   Number         0  stm32f0xx_hal_tim_ex.o ABSOLUTE
    ..\Drivers\STM32F0xx_HAL_Driver\Src\stm32f0xx_hal_uart.c 0x00000000   Number         0  stm32f0xx_hal_uart.o ABSOLUTE
    ..\Drivers\STM32F0xx_HAL_Driver\Src\stm32f0xx_hal_uart_ex.c 0x00000000   Number         0  stm32f0xx_hal_uart_ex.o ABSOLUTE
    ..\\BSP\\KEY\\KEY.c                      0x00000000   Number         0  key.o ABSOLUTE
    ..\\BSP\\LCD\\lcd_gpio.c                 0x00000000   Number         0  lcd_gpio.o ABSOLUTE
    ..\\BSP\\LED\\LED.c                      0x00000000   Number         0  led.o ABSOLUTE
    ..\\BSP\\USART_FIFO\\usart_test.c        0x00000000   Number         0  usart_test.o ABSOLUTE
    ..\\BSP\\USART_YWY\\usart_ywy.c          0x00000000   Number         0  usart_ywy.o ABSOLUTE
    dc.s                                     0x00000000   Number         0  dc.o ABSOLUTE
    handlers.s                               0x00000000   Number         0  handlers.o ABSOLUTE
    init.s                                   0x00000000   Number         0  init.o ABSOLUTE
    startup_stm32f030x8.s                    0x00000000   Number         0  startup_stm32f030x8.o ABSOLUTE
    RESET                                    0x08000000   Section      180  startup_stm32f030x8.o(RESET)
    .ARM.Collect$$$$00000000                 0x080000b4   Section        0  entry.o(.ARM.Collect$$$$00000000)
    .ARM.Collect$$$$00000001                 0x080000b4   Section        4  entry2.o(.ARM.Collect$$$$00000001)
    .ARM.Collect$$$$00000004                 0x080000b8   Section        4  entry5.o(.ARM.Collect$$$$00000004)
    .ARM.Collect$$$$00000008                 0x080000bc   Section        0  entry7b.o(.ARM.Collect$$$$00000008)
    .ARM.Collect$$$$0000000A                 0x080000bc   Section        0  entry8b.o(.ARM.Collect$$$$0000000A)
    .ARM.Collect$$$$0000000B                 0x080000bc   Section        8  entry9a.o(.ARM.Collect$$$$0000000B)
    .ARM.Collect$$$$0000000E                 0x080000c4   Section        4  entry12b.o(.ARM.Collect$$$$0000000E)
    .ARM.Collect$$$$0000000F                 0x080000c8   Section        0  entry10a.o(.ARM.Collect$$$$0000000F)
    .ARM.Collect$$$$00000011                 0x080000c8   Section        0  entry11a.o(.ARM.Collect$$$$00000011)
    .ARM.Collect$$$$00002712                 0x080000c8   Section        4  entry2.o(.ARM.Collect$$$$00002712)
    __lit__00000000                          0x080000c8   Data           4  entry2.o(.ARM.Collect$$$$00002712)
    .text                                    0x080000cc   Section       28  startup_stm32f030x8.o(.text)
    .text                                    0x080000e8   Section        0  uidiv.o(.text)
    .text                                    0x08000114   Section        0  uldiv.o(.text)
    .text                                    0x08000174   Section        0  llushr.o(.text)
    .text                                    0x08000196   Section        0  memcpya.o(.text)
    .text                                    0x080001ba   Section        0  memseta.o(.text)
    .text                                    0x080001de   Section        0  strlen.o(.text)
    .text                                    0x080001ec   Section        0  llshl.o(.text)
    .text                                    0x0800020c   Section       36  init.o(.text)
    i.DMA1_Channel2_3_IRQHandler             0x08000230   Section        0  stm32f0xx_it.o(i.DMA1_Channel2_3_IRQHandler)
    i.DMA1_Channel4_5_IRQHandler             0x08000232   Section        0  stm32f0xx_it.o(i.DMA1_Channel4_5_IRQHandler)
    i.Error_Handler                          0x08000234   Section        0  main.o(i.Error_Handler)
    i.HAL_GPIO_Init                          0x0800023c   Section        0  stm32f0xx_hal_gpio.o(i.HAL_GPIO_Init)
    i.HAL_GPIO_ReadPin                       0x0800042c   Section        0  stm32f0xx_hal_gpio.o(i.HAL_GPIO_ReadPin)
    i.HAL_GPIO_WritePin                      0x0800043e   Section        0  stm32f0xx_hal_gpio.o(i.HAL_GPIO_WritePin)
    i.HAL_GetTick                            0x0800044c   Section        0  stm32f0xx_hal.o(i.HAL_GetTick)
    i.HAL_IncTick                            0x08000458   Section        0  stm32f0xx_hal.o(i.HAL_IncTick)
    i.HAL_Init                               0x08000470   Section        0  stm32f0xx_hal.o(i.HAL_Init)
    i.HAL_InitTick                           0x08000490   Section        0  stm32f0xx_hal.o(i.HAL_InitTick)
    i.HAL_MspInit                            0x080004e4   Section        0  stm32f0xx_hal_msp.o(i.HAL_MspInit)
    i.HAL_NVIC_EnableIRQ                     0x08000524   Section        0  stm32f0xx_hal_cortex.o(i.HAL_NVIC_EnableIRQ)
    i.HAL_NVIC_SetPriority                   0x08000540   Section        0  stm32f0xx_hal_cortex.o(i.HAL_NVIC_SetPriority)
    i.HAL_RCCEx_PeriphCLKConfig              0x08000554   Section        0  stm32f0xx_hal_rcc_ex.o(i.HAL_RCCEx_PeriphCLKConfig)
    i.HAL_RCC_ClockConfig                    0x080006a4   Section        0  stm32f0xx_hal_rcc.o(i.HAL_RCC_ClockConfig)
    i.HAL_RCC_GetSysClockFreq                0x08000810   Section        0  stm32f0xx_hal_rcc.o(i.HAL_RCC_GetSysClockFreq)
    i.HAL_RCC_OscConfig                      0x080008a8   Section        0  stm32f0xx_hal_rcc.o(i.HAL_RCC_OscConfig)
    i.HAL_SYSTICK_Config                     0x08000e34   Section        0  stm32f0xx_hal_cortex.o(i.HAL_SYSTICK_Config)
    i.HAL_TIMEx_BreakCallback                0x08000e6c   Section        0  stm32f0xx_hal_tim_ex.o(i.HAL_TIMEx_BreakCallback)
    i.HAL_TIMEx_CommutCallback               0x08000e6e   Section        0  stm32f0xx_hal_tim_ex.o(i.HAL_TIMEx_CommutCallback)
    i.HAL_TIM_Base_Init                      0x08000e70   Section        0  stm32f0xx_hal_tim.o(i.HAL_TIM_Base_Init)
    i.HAL_TIM_Base_MspInit                   0x08000ed4   Section        0  tim.o(i.HAL_TIM_Base_MspInit)
    i.HAL_TIM_Base_Start_IT                  0x08000f58   Section        0  stm32f0xx_hal_tim.o(i.HAL_TIM_Base_Start_IT)
    i.HAL_TIM_IC_CaptureCallback             0x08000fc8   Section        0  stm32f0xx_hal_tim.o(i.HAL_TIM_IC_CaptureCallback)
    i.HAL_TIM_IRQHandler                     0x08000fca   Section        0  stm32f0xx_hal_tim.o(i.HAL_TIM_IRQHandler)
    i.HAL_TIM_OC_DelayElapsedCallback        0x08001138   Section        0  stm32f0xx_hal_tim.o(i.HAL_TIM_OC_DelayElapsedCallback)
    i.HAL_TIM_PWM_PulseFinishedCallback      0x0800113a   Section        0  stm32f0xx_hal_tim.o(i.HAL_TIM_PWM_PulseFinishedCallback)
    i.HAL_TIM_PeriodElapsedCallback          0x0800113c   Section        0  stm32f0xx_it.o(i.HAL_TIM_PeriodElapsedCallback)
    i.HAL_TIM_TriggerCallback                0x0800117c   Section        0  stm32f0xx_hal_tim.o(i.HAL_TIM_TriggerCallback)
    i.HT16220_Clear                          0x08001180   Section        0  ht16220.o(i.HT16220_Clear)
    i.HT16220_FlushStep                      0x08001190   Section        0  ht16220.o(i.HT16220_FlushStep)
    i.HT16220_PortCS                         0x080011e8   Section        0  lcd_gpio.o(i.HT16220_PortCS)
    i.HT16220_PortDATA                       0x08001208   Section        0  lcd_gpio.o(i.HT16220_PortDATA)
    i.HT16220_PortDelay                      0x08001228   Section        0  lcd_gpio.o(i.HT16220_PortDelay)
    i.HT16220_PortWR                         0x08001240   Section        0  lcd_gpio.o(i.HT16220_PortWR)
    i.HT16220_SetPoint                       0x08001260   Section        0  ht16220.o(i.HT16220_SetPoint)
    i.HardFault_Handler                      0x08001298   Section        0  stm32f0xx_it.o(i.HardFault_Handler)
    i.LCD_UI_ConfigChangedCallback           0x0800129c   Section        0  segment_lcd_ui.o(i.LCD_UI_ConfigChangedCallback)
    i.LCD_UI_KeyEvent                        0x080012a0   Section        0  segment_lcd_ui.o(i.LCD_UI_KeyEvent)
    i.LCD_UI_SetHighLevelConfig              0x080013a8   Section        0  segment_lcd_ui.o(i.LCD_UI_SetHighLevelConfig)
    i.LCD_UI_SetMeasurements                 0x080013d8   Section        0  segment_lcd_ui.o(i.LCD_UI_SetMeasurements)
    i.LCD_UI_SetProgressPercent              0x0800141c   Section        0  segment_lcd_ui.o(i.LCD_UI_SetProgressPercent)
    i.LCD_UI_Task                            0x08001444   Section        0  segment_lcd_ui.o(i.LCD_UI_Task)
    i.LCD_UI_Tick10ms                        0x080014cc   Section        0  segment_lcd_ui.o(i.LCD_UI_Tick10ms)
    i.MX_DMA_Init                            0x0800154c   Section        0  dma.o(i.MX_DMA_Init)
    i.MX_TIM16_Init                          0x08001590   Section        0  tim.o(i.MX_TIM16_Init)
    i.MX_TIM17_Init                          0x080015cc   Section        0  tim.o(i.MX_TIM17_Init)
    i.NMI_Handler                            0x08001608   Section        0  stm32f0xx_it.o(i.NMI_Handler)
    i.PendSV_Handler                         0x0800160c   Section        0  stm32f0xx_it.o(i.PendSV_Handler)
    i.SEGGER_RTT_SetTerminal                 0x08001610   Section        0  segger_rtt.o(i.SEGGER_RTT_SetTerminal)
    i.SEGGER_RTT_Write                       0x080016ac   Section        0  segger_rtt.o(i.SEGGER_RTT_Write)
    i.SEGGER_RTT_WriteNoLock                 0x080016f4   Section        0  segger_rtt.o(i.SEGGER_RTT_WriteNoLock)
    i.SEGGER_RTT_WriteString                 0x08001778   Section        0  segger_rtt.o(i.SEGGER_RTT_WriteString)
    i.SVC_Handler                            0x08001792   Section        0  stm32f0xx_it.o(i.SVC_Handler)
    i.SysTick_Handler                        0x08001794   Section        0  stm32f0xx_it.o(i.SysTick_Handler)
    i.SystemClock_Config                     0x0800179c   Section        0  main.o(i.SystemClock_Config)
    i.SystemInit                             0x0800180a   Section        0  system_stm32f0xx.o(i.SystemInit)
    i.TIM16_IRQHandler                       0x0800180c   Section        0  stm32f0xx_it.o(i.TIM16_IRQHandler)
    i.TIM17_IRQHandler                       0x0800181c   Section        0  stm32f0xx_it.o(i.TIM17_IRQHandler)
    i.TIM17_Start                            0x0800182c   Section        0  tim.o(i.TIM17_Start)
    i.TIM_Base_SetConfig                     0x0800183c   Section        0  stm32f0xx_hal_tim.o(i.TIM_Base_SetConfig)
    i.USART1_IRQHandler                      0x080018ec   Section        0  stm32f0xx_it.o(i.USART1_IRQHandler)
    i.USART2_IRQHandler                      0x080018ee   Section        0  stm32f0xx_it.o(i.USART2_IRQHandler)
    i._DoInit                                0x080018f0   Section        0  segger_rtt.o(i._DoInit)
    _DoInit                                  0x080018f1   Thumb Code    82  segger_rtt.o(i._DoInit)
    i._GetAvailWriteSpace                    0x08001960   Section        0  segger_rtt.o(i._GetAvailWriteSpace)
    _GetAvailWriteSpace                      0x08001961   Thumb Code    28  segger_rtt.o(i._GetAvailWriteSpace)
    i._WriteBlocking                         0x0800197c   Section        0  segger_rtt.o(i._WriteBlocking)
    _WriteBlocking                           0x0800197d   Thumb Code   126  segger_rtt.o(i._WriteBlocking)
    i._WriteNoCheck                          0x080019fa   Section        0  segger_rtt.o(i._WriteNoCheck)
    _WriteNoCheck                            0x080019fb   Thumb Code    86  segger_rtt.o(i._WriteNoCheck)
    i.__ARM_common_ll_muluu                  0x08001a50   Section        0  stm32f0xx_hal_rcc.o(i.__ARM_common_ll_muluu)
    i.__ARM_common_switch8                   0x08001a80   Section        0  stm32f0xx_hal_tim.o(i.__ARM_common_switch8)
    i.__NVIC_SetPriority                     0x08001a9c   Section        0  stm32f0xx_hal_cortex.o(i.__NVIC_SetPriority)
    __NVIC_SetPriority                       0x08001a9d   Thumb Code   110  stm32f0xx_hal_cortex.o(i.__NVIC_SetPriority)
    i.__scatterload_copy                     0x08001b14   Section       14  handlers.o(i.__scatterload_copy)
    i.__scatterload_null                     0x08001b22   Section        2  handlers.o(i.__scatterload_null)
    i.__scatterload_zeroinit                 0x08001b24   Section       14  handlers.o(i.__scatterload_zeroinit)
    i.alpha_pattern                          0x08001b34   Section        0  segment_lcd_ui.o(i.alpha_pattern)
    alpha_pattern                            0x08001b35   Thumb Code   178  segment_lcd_ui.o(i.alpha_pattern)
    i.alpha_show_fixed5                      0x08001bf4   Section        0  segment_lcd_ui.o(i.alpha_show_fixed5)
    alpha_show_fixed5                        0x08001bf5   Thumb Code    38  segment_lcd_ui.o(i.alpha_show_fixed5)
    i.alpha_show_right                       0x08001c1a   Section        0  segment_lcd_ui.o(i.alpha_show_right)
    alpha_show_right                         0x08001c1b   Thumb Code    54  segment_lcd_ui.o(i.alpha_show_right)
    i.alpha_write                            0x08001c50   Section        0  segment_lcd_ui.o(i.alpha_write)
    alpha_write                              0x08001c51   Thumb Code    80  segment_lcd_ui.o(i.alpha_write)
    i.bsp_key_10ms_scan                      0x08001ca4   Section        0  key.o(i.bsp_key_10ms_scan)
    i.format_fixed5                          0x08001d60   Section        0  segment_lcd_ui.o(i.format_fixed5)
    format_fixed5                            0x08001d61   Thumb Code    50  segment_lcd_ui.o(i.format_fixed5)
    i.get_key_state                          0x08001d98   Section        0  key.o(i.get_key_state)
    get_key_state                            0x08001d99   Thumb Code   230  key.o(i.get_key_state)
    i.ht16220_gpio_init                      0x08001e84   Section        0  lcd_gpio.o(i.ht16220_gpio_init)
    i.ht_write_bit                           0x08001f24   Section        0  ht16220.o(i.ht_write_bit)
    ht_write_bit                             0x08001f25   Thumb Code    42  ht16220.o(i.ht_write_bit)
    i.ht_write_bits_msb                      0x08001f4e   Section        0  ht16220.o(i.ht_write_bits_msb)
    ht_write_bits_msb                        0x08001f4f   Thumb Code    34  ht16220.o(i.ht_write_bits_msb)
    i.ht_write_nibble_lsb                    0x08001f70   Section        0  ht16220.o(i.ht_write_nibble_lsb)
    ht_write_nibble_lsb                      0x08001f71   Thumb Code    30  ht16220.o(i.ht_write_nibble_lsb)
    i.ht_write_seg_byte                      0x08001f8e   Section        0  ht16220.o(i.ht_write_seg_byte)
    ht_write_seg_byte                        0x08001f8f   Thumb Code    60  ht16220.o(i.ht_write_seg_byte)
    i.key_click_handle                       0x08001fcc   Section        0  main.o(i.key_click_handle)
    i.key_click_register_task                0x0800206c   Section        0  key.o(i.key_click_register_task)
    i.key_double_click_handle                0x08002078   Section        0  main.o(i.key_double_click_handle)
    i.key_double_click_register_task         0x08002104   Section        0  key.o(i.key_double_click_register_task)
    i.key_gpio_init                          0x08002110   Section        0  key.o(i.key_gpio_init)
    i.key_init                               0x080021d0   Section        0  key.o(i.key_init)
    i.key_params_register                    0x080021dc   Section        0  key.o(i.key_params_register)
    key_params_register                      0x080021dd   Thumb Code   108  key.o(i.key_params_register)
    i.key_soft_init                          0x0800224c   Section        0  key.o(i.key_soft_init)
    i.led_init                               0x08002284   Section        0  led.o(i.led_init)
    i.main                                   0x08002318   Section        0  main.o(i.main)
    i.page_next                              0x080023c0   Section        0  segment_lcd_ui.o(i.page_next)
    page_next                                0x080023c1   Thumb Code    26  segment_lcd_ui.o(i.page_next)
    i.page_prev                              0x080023e4   Section        0  segment_lcd_ui.o(i.page_prev)
    page_prev                                0x080023e5   Thumb Code    34  segment_lcd_ui.o(i.page_prev)
    i.read_key_down_state                    0x08002410   Section        0  key.o(i.read_key_down_state)
    read_key_down_state                      0x08002411   Thumb Code    58  key.o(i.read_key_down_state)
    i.render_enable_page                     0x08002450   Section        0  segment_lcd_ui.o(i.render_enable_page)
    render_enable_page                       0x08002451   Thumb Code   102  segment_lcd_ui.o(i.render_enable_page)
    i.render_main_page                       0x080024d4   Section        0  segment_lcd_ui.o(i.render_main_page)
    render_main_page                         0x080024d5   Thumb Code   224  segment_lcd_ui.o(i.render_main_page)
    i.render_page                            0x080025c0   Section        0  segment_lcd_ui.o(i.render_page)
    render_page                              0x080025c1   Thumb Code    52  segment_lcd_ui.o(i.render_page)
    i.render_progress_bar                    0x080025f8   Section        0  segment_lcd_ui.o(i.render_progress_bar)
    render_progress_bar                      0x080025f9   Thumb Code    74  segment_lcd_ui.o(i.render_progress_bar)
    i.render_threshold_page                  0x0800264c   Section        0  segment_lcd_ui.o(i.render_threshold_page)
    render_threshold_page                    0x0800264d   Thumb Code   104  segment_lcd_ui.o(i.render_threshold_page)
    i.set_point                              0x080026cc   Section        0  segment_lcd_ui.o(i.set_point)
    set_point                                0x080026cd   Thumb Code    22  segment_lcd_ui.o(i.set_point)
    i.seven_pattern                          0x080026e2   Section        0  segment_lcd_ui.o(i.seven_pattern)
    seven_pattern                            0x080026e3   Thumb Code   140  segment_lcd_ui.o(i.seven_pattern)
    i.seven_write                            0x0800276e   Section        0  segment_lcd_ui.o(i.seven_write)
    seven_write                              0x0800276f   Thumb Code   108  segment_lcd_ui.o(i.seven_write)
    i.threshold_increment_selected           0x080027dc   Section        0  segment_lcd_ui.o(i.threshold_increment_selected)
    threshold_increment_selected             0x080027dd   Thumb Code    76  segment_lcd_ui.o(i.threshold_increment_selected)
    i.top_show_digits                        0x08002838   Section        0  segment_lcd_ui.o(i.top_show_digits)
    top_show_digits                          0x08002839   Thumb Code    48  segment_lcd_ui.o(i.top_show_digits)
    i.top_show_word                          0x0800286c   Section        0  segment_lcd_ui.o(i.top_show_word)
    top_show_word                            0x0800286d   Thumb Code    68  segment_lcd_ui.o(i.top_show_word)
    .constdata                               0x080028b4   Section       32  stm32f0xx_hal_rcc.o(.constdata)
    aPLLMULFactorTable                       0x080028b4   Data          16  stm32f0xx_hal_rcc.o(.constdata)
    aPredivFactorTable                       0x080028c4   Data          16  stm32f0xx_hal_rcc.o(.constdata)
    .constdata                               0x080028d4   Section       24  system_stm32f0xx.o(.constdata)
    .constdata                               0x080028ec   Section       33  segger_rtt.o(.constdata)
    _aTerminalId                             0x080028ec   Data          16  segger_rtt.o(.constdata)
    _aInitStr                                0x080028fc   Data          17  segger_rtt.o(.constdata)
    .constdata                               0x08002910   Section      320  segment_lcd_ui.o(.constdata)
    top_digit                                0x08002910   Data          70  segment_lcd_ui.o(.constdata)
    temp_digit                               0x08002956   Data          28  segment_lcd_ui.o(.constdata)
    alpha_digit                              0x08002972   Data         160  segment_lcd_ui.o(.constdata)
    progress_bar                             0x08002a12   Data          40  segment_lcd_ui.o(.constdata)
    power10                                  0x08002a3c   Data          20  segment_lcd_ui.o(.constdata)
    .data                                    0x20000000   Section        1  main.o(.data)
    .data                                    0x20000002   Section        2  stm32f0xx_it.o(.data)
    temp_count                               0x20000002   Data           2  stm32f0xx_it.o(.data)
    .data                                    0x20000004   Section        9  stm32f0xx_hal.o(.data)
    .data                                    0x20000010   Section        4  system_stm32f0xx.o(.data)
    .data                                    0x20000014   Section        1  segger_rtt.o(.data)
    _ActiveTerminal                          0x20000014   Data           1  segger_rtt.o(.data)
    .data                                    0x20000018   Section        8  key.o(.data)
    key_click_callback                       0x20000018   Data           4  key.o(.data)
    key_double_click_callback                0x2000001c   Data           4  key.o(.data)
    .data                                    0x20000020   Section        1  ht16220.o(.data)
    ht_flush_index                           0x20000020   Data           1  ht16220.o(.data)
    .data                                    0x20000022   Section       13  segment_lcd_ui.o(.data)
    ui_page                                  0x20000022   Data           1  segment_lcd_ui.o(.data)
    ui_editing                               0x20000023   Data           1  segment_lcd_ui.o(.data)
    ui_selected_digit                        0x20000024   Data           1  segment_lcd_ui.o(.data)
    ui_blink_tick                            0x20000026   Data           2  segment_lcd_ui.o(.data)
    ui_blink_toggle_pending                  0x20000028   Data           1  segment_lcd_ui.o(.data)
    ui_inactive_tick                         0x2000002a   Data           2  segment_lcd_ui.o(.data)
    ui_return_main_pending                   0x2000002c   Data           1  segment_lcd_ui.o(.data)
    ui_blink_visible                         0x2000002d   Data           1  segment_lcd_ui.o(.data)
    ui_render_pending                        0x2000002e   Data           1  segment_lcd_ui.o(.data)
    .bss                                     0x20000030   Section      144  tim.o(.bss)
    .bss                                     0x200000c0   Section     1208  segger_rtt.o(.bss)
    _acUpBuffer                              0x20000168   Data        1024  segger_rtt.o(.bss)
    _acDownBuffer                            0x20000568   Data          16  segger_rtt.o(.bss)
    .bss                                     0x20000578   Section       84  key.o(.bss)
    .bss                                     0x200005cc   Section       64  ht16220.o(.bss)
    ht_ram                                   0x200005cc   Data          32  ht16220.o(.bss)
    ht_sent_ram                              0x200005ec   Data          32  ht16220.o(.bss)
    .bss                                     0x2000060c   Section       20  lcd_gpio.o(.bss)
    .bss                                     0x20000620   Section       20  segment_lcd_ui.o(.bss)
    ui_data                                  0x20000620   Data          20  segment_lcd_ui.o(.bss)
    STACK                                    0x20000638   Section     1024  startup_stm32f030x8.o(STACK)

    Global Symbols

    Symbol Name                              Value     Ov Type        Size  Object(Section)

    BuildAttributes$$THM_ISAv3M$S$PE$A:L22$X:L11$S22$IEEE1$IW$USESV6$~STKCKD$USESV7$~SHL$OSPACE$EBA8$MICROLIB$REQ8$PRES8$EABIv2 0x00000000   Number         0  anon$$obj.o ABSOLUTE
    __ARM_use_no_argv                        0x00000000   Number         0  main.o ABSOLUTE
    __arm_fini_                               - Undefined Weak Reference
    __cpp_initialize__aeabi_                  - Undefined Weak Reference
    __cxa_finalize                            - Undefined Weak Reference
    __decompress                              - Undefined Weak Reference
    _clock_init                               - Undefined Weak Reference
    _microlib_exit                            - Undefined Weak Reference
    __Vectors_Size                           0x000000b4   Number         0  startup_stm32f030x8.o ABSOLUTE
    __Vectors                                0x08000000   Data           4  startup_stm32f030x8.o(RESET)
    __Vectors_End                            0x080000b4   Data           0  startup_stm32f030x8.o(RESET)
    __main                                   0x080000b5   Thumb Code     0  entry.o(.ARM.Collect$$$$00000000)
    _main_stk                                0x080000b5   Thumb Code     0  entry2.o(.ARM.Collect$$$$00000001)
    _main_scatterload                        0x080000b9   Thumb Code     0  entry5.o(.ARM.Collect$$$$00000004)
    __main_after_scatterload                 0x080000bd   Thumb Code     0  entry5.o(.ARM.Collect$$$$00000004)
    _main_clock                              0x080000bd   Thumb Code     0  entry7b.o(.ARM.Collect$$$$00000008)
    _main_cpp_init                           0x080000bd   Thumb Code     0  entry8b.o(.ARM.Collect$$$$0000000A)
    _main_init                               0x080000bd   Thumb Code     0  entry9a.o(.ARM.Collect$$$$0000000B)
    __rt_lib_shutdown_fini                   0x080000c5   Thumb Code     0  entry12b.o(.ARM.Collect$$$$0000000E)
    __rt_final_cpp                           0x080000c9   Thumb Code     0  entry10a.o(.ARM.Collect$$$$0000000F)
    __rt_final_exit                          0x080000c9   Thumb Code     0  entry11a.o(.ARM.Collect$$$$00000011)
    Reset_Handler                            0x080000cd   Thumb Code     8  startup_stm32f030x8.o(.text)
    ADC1_IRQHandler                          0x080000df   Thumb Code     0  startup_stm32f030x8.o(.text)
    DMA1_Channel1_IRQHandler                 0x080000df   Thumb Code     0  startup_stm32f030x8.o(.text)
    EXTI0_1_IRQHandler                       0x080000df   Thumb Code     0  startup_stm32f030x8.o(.text)
    EXTI2_3_IRQHandler                       0x080000df   Thumb Code     0  startup_stm32f030x8.o(.text)
    EXTI4_15_IRQHandler                      0x080000df   Thumb Code     0  startup_stm32f030x8.o(.text)
    FLASH_IRQHandler                         0x080000df   Thumb Code     0  startup_stm32f030x8.o(.text)
    I2C1_IRQHandler                          0x080000df   Thumb Code     0  startup_stm32f030x8.o(.text)
    I2C2_IRQHandler                          0x080000df   Thumb Code     0  startup_stm32f030x8.o(.text)
    RCC_IRQHandler                           0x080000df   Thumb Code     0  startup_stm32f030x8.o(.text)
    RTC_IRQHandler                           0x080000df   Thumb Code     0  startup_stm32f030x8.o(.text)
    SPI1_IRQHandler                          0x080000df   Thumb Code     0  startup_stm32f030x8.o(.text)
    SPI2_IRQHandler                          0x080000df   Thumb Code     0  startup_stm32f030x8.o(.text)
    TIM14_IRQHandler                         0x080000df   Thumb Code     0  startup_stm32f030x8.o(.text)
    TIM15_IRQHandler                         0x080000df   Thumb Code     0  startup_stm32f030x8.o(.text)
    TIM1_BRK_UP_TRG_COM_IRQHandler           0x080000df   Thumb Code     0  startup_stm32f030x8.o(.text)
    TIM1_CC_IRQHandler                       0x080000df   Thumb Code     0  startup_stm32f030x8.o(.text)
    TIM3_IRQHandler                          0x080000df   Thumb Code     0  startup_stm32f030x8.o(.text)
    TIM6_IRQHandler                          0x080000df   Thumb Code     0  startup_stm32f030x8.o(.text)
    WWDG_IRQHandler                          0x080000df   Thumb Code     0  startup_stm32f030x8.o(.text)
    __aeabi_uidiv                            0x080000e9   Thumb Code     0  uidiv.o(.text)
    __aeabi_uidivmod                         0x080000e9   Thumb Code    44  uidiv.o(.text)
    __aeabi_uldivmod                         0x08000115   Thumb Code    96  uldiv.o(.text)
    __aeabi_llsr                             0x08000175   Thumb Code    34  llushr.o(.text)
    _ll_ushift_r                             0x08000175   Thumb Code     0  llushr.o(.text)
    __aeabi_memcpy                           0x08000197   Thumb Code    36  memcpya.o(.text)
    __aeabi_memcpy4                          0x08000197   Thumb Code     0  memcpya.o(.text)
    __aeabi_memcpy8                          0x08000197   Thumb Code     0  memcpya.o(.text)
    __aeabi_memset                           0x080001bb   Thumb Code    14  memseta.o(.text)
    __aeabi_memset4                          0x080001bb   Thumb Code     0  memseta.o(.text)
    __aeabi_memset8                          0x080001bb   Thumb Code     0  memseta.o(.text)
    __aeabi_memclr                           0x080001c9   Thumb Code     4  memseta.o(.text)
    __aeabi_memclr4                          0x080001c9   Thumb Code     0  memseta.o(.text)
    __aeabi_memclr8                          0x080001c9   Thumb Code     0  memseta.o(.text)
    _memset$wrapper                          0x080001cd   Thumb Code    18  memseta.o(.text)
    strlen                                   0x080001df   Thumb Code    14  strlen.o(.text)
    __aeabi_llsl                             0x080001ed   Thumb Code    32  llshl.o(.text)
    _ll_shift_l                              0x080001ed   Thumb Code     0  llshl.o(.text)
    __scatterload                            0x0800020d   Thumb Code    28  init.o(.text)
    __scatterload_rt2                        0x0800020d   Thumb Code     0  init.o(.text)
    DMA1_Channel2_3_IRQHandler               0x08000231   Thumb Code     2  stm32f0xx_it.o(i.DMA1_Channel2_3_IRQHandler)
    DMA1_Channel4_5_IRQHandler               0x08000233   Thumb Code     2  stm32f0xx_it.o(i.DMA1_Channel4_5_IRQHandler)
    Error_Handler                            0x08000235   Thumb Code     6  main.o(i.Error_Handler)
    HAL_GPIO_Init                            0x0800023d   Thumb Code   470  stm32f0xx_hal_gpio.o(i.HAL_GPIO_Init)
    HAL_GPIO_ReadPin                         0x0800042d   Thumb Code    18  stm32f0xx_hal_gpio.o(i.HAL_GPIO_ReadPin)
    HAL_GPIO_WritePin                        0x0800043f   Thumb Code    12  stm32f0xx_hal_gpio.o(i.HAL_GPIO_WritePin)
    HAL_GetTick                              0x0800044d   Thumb Code     6  stm32f0xx_hal.o(i.HAL_GetTick)
    HAL_IncTick                              0x08000459   Thumb Code    16  stm32f0xx_hal.o(i.HAL_IncTick)
    HAL_Init                                 0x08000471   Thumb Code    28  stm32f0xx_hal.o(i.HAL_Init)
    HAL_InitTick                             0x08000491   Thumb Code    70  stm32f0xx_hal.o(i.HAL_InitTick)
    HAL_MspInit                              0x080004e5   Thumb Code    60  stm32f0xx_hal_msp.o(i.HAL_MspInit)
    HAL_NVIC_EnableIRQ                       0x08000525   Thumb Code    22  stm32f0xx_hal_cortex.o(i.HAL_NVIC_EnableIRQ)
    HAL_NVIC_SetPriority                     0x08000541   Thumb Code    18  stm32f0xx_hal_cortex.o(i.HAL_NVIC_SetPriority)
    HAL_RCCEx_PeriphCLKConfig                0x08000555   Thumb Code   322  stm32f0xx_hal_rcc_ex.o(i.HAL_RCCEx_PeriphCLKConfig)
    HAL_RCC_ClockConfig                      0x080006a5   Thumb Code   342  stm32f0xx_hal_rcc.o(i.HAL_RCC_ClockConfig)
    HAL_RCC_GetSysClockFreq                  0x08000811   Thumb Code   130  stm32f0xx_hal_rcc.o(i.HAL_RCC_GetSysClockFreq)
    HAL_RCC_OscConfig                        0x080008a9   Thumb Code  1416  stm32f0xx_hal_rcc.o(i.HAL_RCC_OscConfig)
    HAL_SYSTICK_Config                       0x08000e35   Thumb Code    46  stm32f0xx_hal_cortex.o(i.HAL_SYSTICK_Config)
    HAL_TIMEx_BreakCallback                  0x08000e6d   Thumb Code     2  stm32f0xx_hal_tim_ex.o(i.HAL_TIMEx_BreakCallback)
    HAL_TIMEx_CommutCallback                 0x08000e6f   Thumb Code     2  stm32f0xx_hal_tim_ex.o(i.HAL_TIMEx_CommutCallback)
    HAL_TIM_Base_Init                        0x08000e71   Thumb Code   100  stm32f0xx_hal_tim.o(i.HAL_TIM_Base_Init)
    HAL_TIM_Base_MspInit                     0x08000ed5   Thumb Code   120  tim.o(i.HAL_TIM_Base_MspInit)
    HAL_TIM_Base_Start_IT                    0x08000f59   Thumb Code    98  stm32f0xx_hal_tim.o(i.HAL_TIM_Base_Start_IT)
    HAL_TIM_IC_CaptureCallback               0x08000fc9   Thumb Code     2  stm32f0xx_hal_tim.o(i.HAL_TIM_IC_CaptureCallback)
    HAL_TIM_IRQHandler                       0x08000fcb   Thumb Code   366  stm32f0xx_hal_tim.o(i.HAL_TIM_IRQHandler)
    HAL_TIM_OC_DelayElapsedCallback          0x08001139   Thumb Code     2  stm32f0xx_hal_tim.o(i.HAL_TIM_OC_DelayElapsedCallback)
    HAL_TIM_PWM_PulseFinishedCallback        0x0800113b   Thumb Code     2  stm32f0xx_hal_tim.o(i.HAL_TIM_PWM_PulseFinishedCallback)
    HAL_TIM_PeriodElapsedCallback            0x0800113d   Thumb Code    52  stm32f0xx_it.o(i.HAL_TIM_PeriodElapsedCallback)
    HAL_TIM_TriggerCallback                  0x0800117d   Thumb Code     2  stm32f0xx_hal_tim.o(i.HAL_TIM_TriggerCallback)
    HT16220_Clear                            0x08001181   Thumb Code    12  ht16220.o(i.HT16220_Clear)
    HT16220_FlushStep                        0x08001191   Thumb Code    76  ht16220.o(i.HT16220_FlushStep)
    HT16220_PortCS                           0x080011e9   Thumb Code    28  lcd_gpio.o(i.HT16220_PortCS)
    HT16220_PortDATA                         0x08001209   Thumb Code    28  lcd_gpio.o(i.HT16220_PortDATA)
    HT16220_PortDelay                        0x08001229   Thumb Code    24  lcd_gpio.o(i.HT16220_PortDelay)
    HT16220_PortWR                           0x08001241   Thumb Code    28  lcd_gpio.o(i.HT16220_PortWR)
    HT16220_SetPoint                         0x08001261   Thumb Code    50  ht16220.o(i.HT16220_SetPoint)
    HardFault_Handler                        0x08001299   Thumb Code     4  stm32f0xx_it.o(i.HardFault_Handler)
    LCD_UI_ConfigChangedCallback             0x0800129d   Thumb Code     2  segment_lcd_ui.o(i.LCD_UI_ConfigChangedCallback)
    LCD_UI_KeyEvent                          0x080012a1   Thumb Code   228  segment_lcd_ui.o(i.LCD_UI_KeyEvent)
    LCD_UI_SetHighLevelConfig                0x080013a9   Thumb Code    30  segment_lcd_ui.o(i.LCD_UI_SetHighLevelConfig)
    LCD_UI_SetMeasurements                   0x080013d9   Thumb Code    56  segment_lcd_ui.o(i.LCD_UI_SetMeasurements)
    LCD_UI_SetProgressPercent                0x0800141d   Thumb Code    30  segment_lcd_ui.o(i.LCD_UI_SetProgressPercent)
    LCD_UI_Task                              0x08001445   Thumb Code   102  segment_lcd_ui.o(i.LCD_UI_Task)
    LCD_UI_Tick10ms                          0x080014cd   Thumb Code   104  segment_lcd_ui.o(i.LCD_UI_Tick10ms)
    MX_DMA_Init                              0x0800154d   Thumb Code    64  dma.o(i.MX_DMA_Init)
    MX_TIM16_Init                            0x08001591   Thumb Code    46  tim.o(i.MX_TIM16_Init)
    MX_TIM17_Init                            0x080015cd   Thumb Code    46  tim.o(i.MX_TIM17_Init)
    NMI_Handler                              0x08001609   Thumb Code     4  stm32f0xx_it.o(i.NMI_Handler)
    PendSV_Handler                           0x0800160d   Thumb Code     2  stm32f0xx_it.o(i.PendSV_Handler)
    SEGGER_RTT_SetTerminal                   0x08001611   Thumb Code   142  segger_rtt.o(i.SEGGER_RTT_SetTerminal)
    SEGGER_RTT_Write                         0x080016ad   Thumb Code    66  segger_rtt.o(i.SEGGER_RTT_Write)
    SEGGER_RTT_WriteNoLock                   0x080016f5   Thumb Code   128  segger_rtt.o(i.SEGGER_RTT_WriteNoLock)
    SEGGER_RTT_WriteString                   0x08001779   Thumb Code    26  segger_rtt.o(i.SEGGER_RTT_WriteString)
    SVC_Handler                              0x08001793   Thumb Code     2  stm32f0xx_it.o(i.SVC_Handler)
    SysTick_Handler                          0x08001795   Thumb Code     8  stm32f0xx_it.o(i.SysTick_Handler)
    SystemClock_Config                       0x0800179d   Thumb Code   110  main.o(i.SystemClock_Config)
    SystemInit                               0x0800180b   Thumb Code     2  system_stm32f0xx.o(i.SystemInit)
    TIM16_IRQHandler                         0x0800180d   Thumb Code    10  stm32f0xx_it.o(i.TIM16_IRQHandler)
    TIM17_IRQHandler                         0x0800181d   Thumb Code    10  stm32f0xx_it.o(i.TIM17_IRQHandler)
    TIM17_Start                              0x0800182d   Thumb Code    10  tim.o(i.TIM17_Start)
    TIM_Base_SetConfig                       0x0800183d   Thumb Code   152  stm32f0xx_hal_tim.o(i.TIM_Base_SetConfig)
    USART1_IRQHandler                        0x080018ed   Thumb Code     2  stm32f0xx_it.o(i.USART1_IRQHandler)
    USART2_IRQHandler                        0x080018ef   Thumb Code     2  stm32f0xx_it.o(i.USART2_IRQHandler)
    __ARM_common_ll_muluu                    0x08001a51   Thumb Code    48  stm32f0xx_hal_rcc.o(i.__ARM_common_ll_muluu)
    __ARM_common_switch8                     0x08001a81   Thumb Code    28  stm32f0xx_hal_tim.o(i.__ARM_common_switch8)
    __scatterload_copy                       0x08001b15   Thumb Code    14  handlers.o(i.__scatterload_copy)
    __scatterload_null                       0x08001b23   Thumb Code     2  handlers.o(i.__scatterload_null)
    __scatterload_zeroinit                   0x08001b25   Thumb Code    14  handlers.o(i.__scatterload_zeroinit)
    bsp_key_10ms_scan                        0x08001ca5   Thumb Code   174  key.o(i.bsp_key_10ms_scan)
    ht16220_gpio_init                        0x08001e85   Thumb Code   146  lcd_gpio.o(i.ht16220_gpio_init)
    key_click_handle                         0x08001fcd   Thumb Code    94  main.o(i.key_click_handle)
    key_click_register_task                  0x0800206d   Thumb Code     6  key.o(i.key_click_register_task)
    key_double_click_handle                  0x08002079   Thumb Code    76  main.o(i.key_double_click_handle)
    key_double_click_register_task           0x08002105   Thumb Code     6  key.o(i.key_double_click_register_task)
    key_gpio_init                            0x08002111   Thumb Code   180  key.o(i.key_gpio_init)
    key_init                                 0x080021d1   Thumb Code    12  key.o(i.key_init)
    key_soft_init                            0x0800224d   Thumb Code    52  key.o(i.key_soft_init)
    led_init                                 0x08002285   Thumb Code   140  led.o(i.led_init)
    main                                     0x08002319   Thumb Code   132  main.o(i.main)
    AHBPrescTable                            0x080028d4   Data          16  system_stm32f0xx.o(.constdata)
    APBPrescTable                            0x080028e4   Data           8  system_stm32f0xx.o(.constdata)
    Region$$Table$$Base                      0x08002a50   Number         0  anon$$obj.o(Region$$Table)
    Region$$Table$$Limit                     0x08002a70   Number         0  anon$$obj.o(Region$$Table)
    timer_test_flag                          0x20000000   Data           1  main.o(.data)
    uwTick                                   0x20000004   Data           4  stm32f0xx_hal.o(.data)
    uwTickPrio                               0x20000008   Data           4  stm32f0xx_hal.o(.data)
    uwTickFreq                               0x2000000c   Data           1  stm32f0xx_hal.o(.data)
    SystemCoreClock                          0x20000010   Data           4  system_stm32f0xx.o(.data)
    htim16                                   0x20000030   Data          72  tim.o(.bss)
    htim17                                   0x20000078   Data          72  tim.o(.bss)
    _SEGGER_RTT                              0x200000c0   Data         168  segger_rtt.o(.bss)
    led_gpio_init_struct                     0x20000578   Data          20  key.o(.bss)
    key_params                               0x2000058c   Data          64  key.o(.bss)
    ht16220_gpio_initstruct                  0x2000060c   Data          20  lcd_gpio.o(.bss)
    __initial_sp                             0x20000a38   Data           0  startup_stm32f030x8.o(STACK)



==============================================================================

Memory Map of the image

  Image Entry point : 0x080000b5

  Load Region LR_IROM1 (Base: 0x08000000, Size: 0x00002aa0, Max: 0x00010000, ABSOLUTE)

    Execution Region ER_IROM1 (Exec base: 0x08000000, Load base: 0x08000000, Size: 0x00002a70, Max: 0x00010000, ABSOLUTE)

    Exec Addr    Load Addr    Size         Type   Attr      Idx    E Section Name        Object

    0x08000000   0x08000000   0x000000b4   Data   RO            3    RESET               startup_stm32f030x8.o
    0x080000b4   0x080000b4   0x00000000   Code   RO         4102  * .ARM.Collect$$$$00000000  mc_p.l(entry.o)
    0x080000b4   0x080000b4   0x00000004   Code   RO         4121    .ARM.Collect$$$$00000001  mc_p.l(entry2.o)
    0x080000b8   0x080000b8   0x00000004   Code   RO         4124    .ARM.Collect$$$$00000004  mc_p.l(entry5.o)
    0x080000bc   0x080000bc   0x00000000   Code   RO         4126    .ARM.Collect$$$$00000008  mc_p.l(entry7b.o)
    0x080000bc   0x080000bc   0x00000000   Code   RO         4128    .ARM.Collect$$$$0000000A  mc_p.l(entry8b.o)
    0x080000bc   0x080000bc   0x00000008   Code   RO         4129    .ARM.Collect$$$$0000000B  mc_p.l(entry9a.o)
    0x080000c4   0x080000c4   0x00000004   Code   RO         4136    .ARM.Collect$$$$0000000E  mc_p.l(entry12b.o)
    0x080000c8   0x080000c8   0x00000000   Code   RO         4131    .ARM.Collect$$$$0000000F  mc_p.l(entry10a.o)
    0x080000c8   0x080000c8   0x00000000   Code   RO         4133    .ARM.Collect$$$$00000011  mc_p.l(entry11a.o)
    0x080000c8   0x080000c8   0x00000004   Code   RO         4122    .ARM.Collect$$$$00002712  mc_p.l(entry2.o)
    0x080000cc   0x080000cc   0x0000001c   Code   RO            4    .text               startup_stm32f030x8.o
    0x080000e8   0x080000e8   0x0000002c   Code   RO         4105    .text               mc_p.l(uidiv.o)
    0x08000114   0x08000114   0x00000060   Code   RO         4109    .text               mc_p.l(uldiv.o)
    0x08000174   0x08000174   0x00000022   Code   RO         4111    .text               mc_p.l(llushr.o)
    0x08000196   0x08000196   0x00000024   Code   RO         4113    .text               mc_p.l(memcpya.o)
    0x080001ba   0x080001ba   0x00000024   Code   RO         4115    .text               mc_p.l(memseta.o)
    0x080001de   0x080001de   0x0000000e   Code   RO         4117    .text               mc_p.l(strlen.o)
    0x080001ec   0x080001ec   0x00000020   Code   RO         4137    .text               mc_p.l(llshl.o)
    0x0800020c   0x0800020c   0x00000024   Code   RO         4139    .text               mc_p.l(init.o)
    0x08000230   0x08000230   0x00000002   Code   RO          289    i.DMA1_Channel2_3_IRQHandler  stm32f0xx_it.o
    0x08000232   0x08000232   0x00000002   Code   RO          290    i.DMA1_Channel4_5_IRQHandler  stm32f0xx_it.o
    0x08000234   0x08000234   0x00000006   Code   RO           12    i.Error_Handler     main.o
    0x0800023a   0x0800023a   0x00000002   PAD
    0x0800023c   0x0800023c   0x000001f0   Code   RO         2172    i.HAL_GPIO_Init     stm32f0xx_hal_gpio.o
    0x0800042c   0x0800042c   0x00000012   Code   RO         2174    i.HAL_GPIO_ReadPin  stm32f0xx_hal_gpio.o
    0x0800043e   0x0800043e   0x0000000c   Code   RO         2176    i.HAL_GPIO_WritePin  stm32f0xx_hal_gpio.o
    0x0800044a   0x0800044a   0x00000002   PAD
    0x0800044c   0x0800044c   0x0000000c   Code   RO         1514    i.HAL_GetTick       stm32f0xx_hal.o
    0x08000458   0x08000458   0x00000018   Code   RO         1520    i.HAL_IncTick       stm32f0xx_hal.o
    0x08000470   0x08000470   0x00000020   Code   RO         1521    i.HAL_Init          stm32f0xx_hal.o
    0x08000490   0x08000490   0x00000054   Code   RO         1522    i.HAL_InitTick      stm32f0xx_hal.o
    0x080004e4   0x080004e4   0x00000040   Code   RO          380    i.HAL_MspInit       stm32f0xx_hal_msp.o
    0x08000524   0x08000524   0x0000001c   Code   RO         2329    i.HAL_NVIC_EnableIRQ  stm32f0xx_hal_cortex.o
    0x08000540   0x08000540   0x00000012   Code   RO         2333    i.HAL_NVIC_SetPriority  stm32f0xx_hal_cortex.o
    0x08000552   0x08000552   0x00000002   PAD
    0x08000554   0x08000554   0x00000150   Code   RO         1475    i.HAL_RCCEx_PeriphCLKConfig  stm32f0xx_hal_rcc_ex.o
    0x080006a4   0x080006a4   0x0000016c   Code   RO         1379    i.HAL_RCC_ClockConfig  stm32f0xx_hal_rcc.o
    0x08000810   0x08000810   0x00000098   Code   RO         1387    i.HAL_RCC_GetSysClockFreq  stm32f0xx_hal_rcc.o
    0x080008a8   0x080008a8   0x0000058c   Code   RO         1390    i.HAL_RCC_OscConfig  stm32f0xx_hal_rcc.o
    0x08000e34   0x08000e34   0x00000038   Code   RO         2337    i.HAL_SYSTICK_Config  stm32f0xx_hal_cortex.o
    0x08000e6c   0x08000e6c   0x00000002   Code   RO         1115    i.HAL_TIMEx_BreakCallback  stm32f0xx_hal_tim_ex.o
    0x08000e6e   0x08000e6e   0x00000002   Code   RO         1116    i.HAL_TIMEx_CommutCallback  stm32f0xx_hal_tim_ex.o
    0x08000e70   0x08000e70   0x00000064   Code   RO          402    i.HAL_TIM_Base_Init  stm32f0xx_hal_tim.o
    0x08000ed4   0x08000ed4   0x00000084   Code   RO          240    i.HAL_TIM_Base_MspInit  tim.o
    0x08000f58   0x08000f58   0x00000070   Code   RO          407    i.HAL_TIM_Base_Start_IT  stm32f0xx_hal_tim.o
    0x08000fc8   0x08000fc8   0x00000002   Code   RO          436    i.HAL_TIM_IC_CaptureCallback  stm32f0xx_hal_tim.o
    0x08000fca   0x08000fca   0x0000016e   Code   RO          450    i.HAL_TIM_IRQHandler  stm32f0xx_hal_tim.o
    0x08001138   0x08001138   0x00000002   Code   RO          453    i.HAL_TIM_OC_DelayElapsedCallback  stm32f0xx_hal_tim.o
    0x0800113a   0x0800113a   0x00000002   Code   RO          480    i.HAL_TIM_PWM_PulseFinishedCallback  stm32f0xx_hal_tim.o
    0x0800113c   0x0800113c   0x00000040   Code   RO          291    i.HAL_TIM_PeriodElapsedCallback  stm32f0xx_it.o
    0x0800117c   0x0800117c   0x00000002   Code   RO          493    i.HAL_TIM_TriggerCallback  stm32f0xx_hal_tim.o
    0x0800117e   0x0800117e   0x00000002   PAD
    0x08001180   0x08001180   0x00000010   Code   RO         3641    i.HT16220_Clear     ht16220.o
    0x08001190   0x08001190   0x00000058   Code   RO         3642    i.HT16220_FlushStep  ht16220.o
    0x080011e8   0x080011e8   0x00000020   Code   RO         3734    i.HT16220_PortCS    lcd_gpio.o
    0x08001208   0x08001208   0x00000020   Code   RO         3735    i.HT16220_PortDATA  lcd_gpio.o
    0x08001228   0x08001228   0x00000018   Code   RO         3736    i.HT16220_PortDelay  lcd_gpio.o
    0x08001240   0x08001240   0x00000020   Code   RO         3737    i.HT16220_PortWR    lcd_gpio.o
    0x08001260   0x08001260   0x00000038   Code   RO         3648    i.HT16220_SetPoint  ht16220.o
    0x08001298   0x08001298   0x00000004   Code   RO          292    i.HardFault_Handler  stm32f0xx_it.o
    0x0800129c   0x0800129c   0x00000002   Code   RO         3779    i.LCD_UI_ConfigChangedCallback  segment_lcd_ui.o
    0x0800129e   0x0800129e   0x00000002   PAD
    0x080012a0   0x080012a0   0x00000108   Code   RO         3784    i.LCD_UI_KeyEvent   segment_lcd_ui.o
    0x080013a8   0x080013a8   0x00000030   Code   RO         3785    i.LCD_UI_SetHighLevelConfig  segment_lcd_ui.o
    0x080013d8   0x080013d8   0x00000044   Code   RO         3786    i.LCD_UI_SetMeasurements  segment_lcd_ui.o
    0x0800141c   0x0800141c   0x00000028   Code   RO         3787    i.LCD_UI_SetProgressPercent  segment_lcd_ui.o
    0x08001444   0x08001444   0x00000088   Code   RO         3788    i.LCD_UI_Task       segment_lcd_ui.o
    0x080014cc   0x080014cc   0x00000080   Code   RO         3789    i.LCD_UI_Tick10ms   segment_lcd_ui.o
    0x0800154c   0x0800154c   0x00000044   Code   RO          219    i.MX_DMA_Init       dma.o
    0x08001590   0x08001590   0x0000003c   Code   RO          241    i.MX_TIM16_Init     tim.o
    0x080015cc   0x080015cc   0x0000003c   Code   RO          242    i.MX_TIM17_Init     tim.o
    0x08001608   0x08001608   0x00000004   Code   RO          293    i.NMI_Handler       stm32f0xx_it.o
    0x0800160c   0x0800160c   0x00000002   Code   RO          294    i.PendSV_Handler    stm32f0xx_it.o
    0x0800160e   0x0800160e   0x00000002   PAD
    0x08001610   0x08001610   0x0000009c   Code   RO         3292    i.SEGGER_RTT_SetTerminal  segger_rtt.o
    0x080016ac   0x080016ac   0x00000048   Code   RO         3295    i.SEGGER_RTT_Write  segger_rtt.o
    0x080016f4   0x080016f4   0x00000084   Code   RO         3298    i.SEGGER_RTT_WriteNoLock  segger_rtt.o
    0x08001778   0x08001778   0x0000001a   Code   RO         3300    i.SEGGER_RTT_WriteString  segger_rtt.o
    0x08001792   0x08001792   0x00000002   Code   RO          295    i.SVC_Handler       stm32f0xx_it.o
    0x08001794   0x08001794   0x00000008   Code   RO          296    i.SysTick_Handler   stm32f0xx_it.o
    0x0800179c   0x0800179c   0x0000006e   Code   RO           13    i.SystemClock_Config  main.o
    0x0800180a   0x0800180a   0x00000002   Code   RO         3240    i.SystemInit        system_stm32f0xx.o
    0x0800180c   0x0800180c   0x00000010   Code   RO          297    i.TIM16_IRQHandler  stm32f0xx_it.o
    0x0800181c   0x0800181c   0x00000010   Code   RO          298    i.TIM17_IRQHandler  stm32f0xx_it.o
    0x0800182c   0x0800182c   0x00000010   Code   RO          243    i.TIM17_Start       tim.o
    0x0800183c   0x0800183c   0x000000b0   Code   RO          495    i.TIM_Base_SetConfig  stm32f0xx_hal_tim.o
    0x080018ec   0x080018ec   0x00000002   Code   RO          299    i.USART1_IRQHandler  stm32f0xx_it.o
    0x080018ee   0x080018ee   0x00000002   Code   RO          300    i.USART2_IRQHandler  stm32f0xx_it.o
    0x080018f0   0x080018f0   0x00000070   Code   RO         3302    i._DoInit           segger_rtt.o
    0x08001960   0x08001960   0x0000001c   Code   RO         3303    i._GetAvailWriteSpace  segger_rtt.o
    0x0800197c   0x0800197c   0x0000007e   Code   RO         3305    i._WriteBlocking    segger_rtt.o
    0x080019fa   0x080019fa   0x00000056   Code   RO         3306    i._WriteNoCheck     segger_rtt.o
    0x08001a50   0x08001a50   0x00000030   Code   RO         1466    i.__ARM_common_ll_muluu  stm32f0xx_hal_rcc.o
    0x08001a80   0x08001a80   0x0000001c   Code   RO         1108    i.__ARM_common_switch8  stm32f0xx_hal_tim.o
    0x08001a9c   0x08001a9c   0x00000078   Code   RO         2339    i.__NVIC_SetPriority  stm32f0xx_hal_cortex.o
    0x08001b14   0x08001b14   0x0000000e   Code   RO         4143    i.__scatterload_copy  mc_p.l(handlers.o)
    0x08001b22   0x08001b22   0x00000002   Code   RO         4144    i.__scatterload_null  mc_p.l(handlers.o)
    0x08001b24   0x08001b24   0x0000000e   Code   RO         4145    i.__scatterload_zeroinit  mc_p.l(handlers.o)
    0x08001b32   0x08001b32   0x00000002   PAD
    0x08001b34   0x08001b34   0x000000c0   Code   RO         3790    i.alpha_pattern     segment_lcd_ui.o
    0x08001bf4   0x08001bf4   0x00000026   Code   RO         3791    i.alpha_show_fixed5  segment_lcd_ui.o
    0x08001c1a   0x08001c1a   0x00000036   Code   RO         3792    i.alpha_show_right  segment_lcd_ui.o
    0x08001c50   0x08001c50   0x00000054   Code   RO         3793    i.alpha_write       segment_lcd_ui.o
    0x08001ca4   0x08001ca4   0x000000bc   Code   RO         3550    i.bsp_key_10ms_scan  key.o
    0x08001d60   0x08001d60   0x00000038   Code   RO         3794    i.format_fixed5     segment_lcd_ui.o
    0x08001d98   0x08001d98   0x000000ec   Code   RO         3551    i.get_key_state     key.o
    0x08001e84   0x08001e84   0x000000a0   Code   RO         3738    i.ht16220_gpio_init  lcd_gpio.o
    0x08001f24   0x08001f24   0x0000002a   Code   RO         3651    i.ht_write_bit      ht16220.o
    0x08001f4e   0x08001f4e   0x00000022   Code   RO         3652    i.ht_write_bits_msb  ht16220.o
    0x08001f70   0x08001f70   0x0000001e   Code   RO         3653    i.ht_write_nibble_lsb  ht16220.o
    0x08001f8e   0x08001f8e   0x0000003c   Code   RO         3654    i.ht_write_seg_byte  ht16220.o
    0x08001fca   0x08001fca   0x00000002   PAD
    0x08001fcc   0x08001fcc   0x000000a0   Code   RO           14    i.key_click_handle  main.o
    0x0800206c   0x0800206c   0x0000000c   Code   RO         3552    i.key_click_register_task  key.o
    0x08002078   0x08002078   0x0000008c   Code   RO           15    i.key_double_click_handle  main.o
    0x08002104   0x08002104   0x0000000c   Code   RO         3553    i.key_double_click_register_task  key.o
    0x08002110   0x08002110   0x000000c0   Code   RO         3554    i.key_gpio_init     key.o
    0x080021d0   0x080021d0   0x0000000c   Code   RO         3555    i.key_init          key.o
    0x080021dc   0x080021dc   0x00000070   Code   RO         3556    i.key_params_register  key.o
    0x0800224c   0x0800224c   0x00000038   Code   RO         3557    i.key_soft_init     key.o
    0x08002284   0x08002284   0x00000094   Code   RO         3623    i.led_init          led.o
    0x08002318   0x08002318   0x000000a8   Code   RO           16    i.main              main.o
    0x080023c0   0x080023c0   0x00000024   Code   RO         3795    i.page_next         segment_lcd_ui.o
    0x080023e4   0x080023e4   0x0000002c   Code   RO         3796    i.page_prev         segment_lcd_ui.o
    0x08002410   0x08002410   0x00000040   Code   RO         3558    i.read_key_down_state  key.o
    0x08002450   0x08002450   0x00000084   Code   RO         3797    i.render_enable_page  segment_lcd_ui.o
    0x080024d4   0x080024d4   0x000000ec   Code   RO         3798    i.render_main_page  segment_lcd_ui.o
    0x080025c0   0x080025c0   0x00000038   Code   RO         3799    i.render_page       segment_lcd_ui.o
    0x080025f8   0x080025f8   0x00000054   Code   RO         3800    i.render_progress_bar  segment_lcd_ui.o
    0x0800264c   0x0800264c   0x00000080   Code   RO         3801    i.render_threshold_page  segment_lcd_ui.o
    0x080026cc   0x080026cc   0x00000016   Code   RO         3802    i.set_point         segment_lcd_ui.o
    0x080026e2   0x080026e2   0x0000008c   Code   RO         3803    i.seven_pattern     segment_lcd_ui.o
    0x0800276e   0x0800276e   0x0000006c   Code   RO         3804    i.seven_write       segment_lcd_ui.o
    0x080027da   0x080027da   0x00000002   PAD
    0x080027dc   0x080027dc   0x0000005c   Code   RO         3805    i.threshold_increment_selected  segment_lcd_ui.o
    0x08002838   0x08002838   0x00000034   Code   RO         3806    i.top_show_digits   segment_lcd_ui.o
    0x0800286c   0x0800286c   0x00000048   Code   RO         3807    i.top_show_word     segment_lcd_ui.o
    0x080028b4   0x080028b4   0x00000020   Data   RO         1391    .constdata          stm32f0xx_hal_rcc.o
    0x080028d4   0x080028d4   0x00000018   Data   RO         3241    .constdata          system_stm32f0xx.o
    0x080028ec   0x080028ec   0x00000021   Data   RO         3308    .constdata          segger_rtt.o
    0x0800290d   0x0800290d   0x00000003   PAD
    0x08002910   0x08002910   0x00000140   Data   RO         3809    .constdata          segment_lcd_ui.o
    0x08002a50   0x08002a50   0x00000020   Data   RO         4141    Region$$Table       anon$$obj.o


    Execution Region RW_IRAM1 (Exec base: 0x20000000, Load base: 0x08002a70, Size: 0x00000a38, Max: 0x00002000, ABSOLUTE)

    Exec Addr    Load Addr    Size         Type   Attr      Idx    E Section Name        Object

    0x20000000   0x08002a70   0x00000001   Data   RW           17    .data               main.o
    0x20000001   0x08002a71   0x00000001   PAD
    0x20000002   0x08002a72   0x00000002   Data   RW          301    .data               stm32f0xx_it.o
    0x20000004   0x08002a74   0x00000009   Data   RW         1528    .data               stm32f0xx_hal.o
    0x2000000d   0x08002a7d   0x00000003   PAD
    0x20000010   0x08002a80   0x00000004   Data   RW         3242    .data               system_stm32f0xx.o
    0x20000014   0x08002a84   0x00000001   Data   RW         3309    .data               segger_rtt.o
    0x20000015   0x08002a85   0x00000003   PAD
    0x20000018   0x08002a88   0x00000008   Data   RW         3560    .data               key.o
    0x20000020   0x08002a90   0x00000001   Data   RW         3656    .data               ht16220.o
    0x20000021   0x08002a91   0x00000001   PAD
    0x20000022   0x08002a92   0x0000000d   Data   RW         3810    .data               segment_lcd_ui.o
    0x2000002f   0x08002a9f   0x00000001   PAD
    0x20000030        -       0x00000090   Zero   RW          244    .bss                tim.o
    0x200000c0        -       0x000004b8   Zero   RW         3307    .bss                segger_rtt.o
    0x20000578        -       0x00000054   Zero   RW         3559    .bss                key.o
    0x200005cc        -       0x00000040   Zero   RW         3655    .bss                ht16220.o
    0x2000060c        -       0x00000014   Zero   RW         3739    .bss                lcd_gpio.o
    0x20000620        -       0x00000014   Zero   RW         3808    .bss                segment_lcd_ui.o
    0x20000634   0x08002a9f   0x00000004   PAD
    0x20000638        -       0x00000400   Zero   RW            1    STACK               startup_stm32f030x8.o


==============================================================================

Image component sizes


      Code (inc. data)   RO Data    RW Data    ZI Data      Debug   Object Name

        68          4          0          0          0        706   dma.o
       326         22          0          1         64       4359   ht16220.o
       884         58          0          8         84       5836   key.o
       280         26          0          0         20       3019   lcd_gpio.o
       148          8          0          0          0        815   led.o
       584        166          0          1          0     261447   main.o
       738         54         33          1       1208      10568   segger_rtt.o
      2312        306        320         13         20      15366   segment_lcd_ui.o
        28          8        180          0       1024        612   startup_stm32f030x8.o
       152         32          0          9          0       7153   stm32f0xx_hal.o
       222         26          0          0          0      10249   stm32f0xx_hal_cortex.o
       526         26          0          0          0       2551   stm32f0xx_hal_gpio.o
        64          4          0          0          0        786   stm32f0xx_hal_msp.o
      1984         62         32          0          0       3960   stm32f0xx_hal_rcc.o
       336         14          0          0          0       1352   stm32f0xx_hal_rcc_ex.o
       790         38          0          0          0       5619   stm32f0xx_hal_tim.o
         4          0          0          0          0       1481   stm32f0xx_hal_tim_ex.o
       124         24          0          2          0       5615   stm32f0xx_it.o
         2          0         24          4          0       1055   system_stm32f0xx.o
       268         46          0          0        144       2377   tim.o

    ----------------------------------------------------------------------
      9856        924        624         48       2568     344926   Object Totals
         0          0         32          0          0          0   (incl. Generated)
        16          0          3          9          4          0   (incl. Padding)

    ----------------------------------------------------------------------

      Code (inc. data)   RO Data    RW Data    ZI Data      Debug   Library Member Name

         0          0          0          0          0          0   entry.o
         0          0          0          0          0          0   entry10a.o
         0          0          0          0          0          0   entry11a.o
         4          0          0          0          0          0   entry12b.o
         8          4          0          0          0          0   entry2.o
         4          0          0          0          0          0   entry5.o
         0          0          0          0          0          0   entry7b.o
         0          0          0          0          0          0   entry8b.o
         8          4          0          0          0          0   entry9a.o
        30          0          0          0          0          0   handlers.o
        36          8          0          0          0         68   init.o
        32          0          0          0          0         68   llshl.o
        34          0          0          0          0         68   llushr.o
        36          0          0          0          0         60   memcpya.o
        36          0          0          0          0        100   memseta.o
        14          0          0          0          0         60   strlen.o
        44          0          0          0          0         72   uidiv.o
        96          0          0          0          0         84   uldiv.o

    ----------------------------------------------------------------------
       384         16          0          0          0        580   Library Totals
         2          0          0          0          0          0   (incl. Padding)

    ----------------------------------------------------------------------

      Code (inc. data)   RO Data    RW Data    ZI Data      Debug   Library Name

       382         16          0          0          0        580   mc_p.l

    ----------------------------------------------------------------------
       384         16          0          0          0        580   Library Totals

    ----------------------------------------------------------------------

==============================================================================


      Code (inc. data)   RO Data    RW Data    ZI Data      Debug   

     10240        940        624         48       2568     341038   Grand Totals
     10240        940        624         48       2568     341038   ELF Image Totals
     10240        940        624         48          0          0   ROM Totals

==============================================================================

    Total RO  Size (Code + RO Data)                10864 (  10.61kB)
    Total RW  Size (RW Data + ZI Data)              2616 (   2.55kB)
    Total ROM Size (Code + RO Data + RW Data)      10912 (  10.66kB)

==============================================================================

