<html>
<body>
<pre>
<h1>µVision Build Log</h1>
<h2>Tool Versions:</h2>
IDE-Version: ¦ÌVision V5.39.0.0
Copyright (C) 2023 ARM Ltd and ARM Germany GmbH. All rights reserved.
License Information: 1 2, 2, LIC=D0D7S-LRW76-TGW7T-RLY9G-Y5SIT-UKT3Q
 
Tool Versions:
Toolchain:       MDK-ARM Plus  Version: 5.39.0.0
Toolchain Path:  D:\keil5\ARM\ARMCC\Bin
C Compiler:      Armcc.exe V5.06 update 7 (build 960)
Assembler:       Armasm.exe V5.06 update 7 (build 960)
Linker/Locator:  ArmLink.exe V5.06 update 7 (build 960)
Library Manager: ArmAr.exe V5.06 update 7 (build 960)
Hex Converter:   FromElf.exe V5.06 update 7 (build 960)
CPU DLL:         SARMCM3.DLL V5.39.0.0
Dialog DLL:      DARMCM1.DLL V1.19.6.0
Target DLL:      CMSIS_AGDI.dll V1.33.16.0
Dialog DLL:      TARMCM1.DLL V1.14.6.0
 
<h2>Project:</h2>
C:\Users\22120\Desktop\project\111\MDK-ARM\111.uvprojx
Project File Date:  07/21/2026

<h2>Output:</h2>
*** Using Compiler 'V5.06 update 7 (build 960)', folder: 'D:\keil5\ARM\ARMCC\Bin'
Rebuild target '111'
assembling startup_stm32f030x8.s...
compiling dma.c...
compiling gpio.c...
compiling main.c...
../Core/Src/main.c(126): warning:  #223-D: function "sprintf" declared implicitly
  			usart_printf_count = sprintf(usart_printf_buffer,"data:%d,%.2f,%.2f\r\n",temp_data,ywy_oil_height,max_ywy_height);
../Core/Src/main.c(234): warning:  #177-D: variable "result"  was declared but never referenced
  	FlashParamInitResult_t result;
../Core/Src/main.c: 2 warnings, 0 errors
compiling tim.c...
compiling stm32f0xx_hal_msp.c...
compiling stm32f0xx_it.c...
compiling stm32f0xx_hal_tim_ex.c...
compiling stm32f0xx_hal_tim.c...
compiling stm32f0xx_hal_rcc_ex.c...
compiling stm32f0xx_hal_rcc.c...
compiling stm32f0xx_hal.c...
compiling stm32f0xx_hal_i2c_ex.c...
compiling stm32f0xx_hal_gpio.c...
compiling stm32f0xx_hal_dma.c...
compiling stm32f0xx_hal_i2c.c...
compiling stm32f0xx_hal_cortex.c...
compiling stm32f0xx_hal_pwr.c...
compiling stm32f0xx_hal_pwr_ex.c...
compiling stm32f0xx_hal_flash.c...
compiling stm32f0xx_hal_flash_ex.c...
compiling stm32f0xx_hal_exti.c...
compiling SEGGER_RTT.c...
compiling stm32f0xx_hal_uart_ex.c...
compiling stm32f0xx_hal_uart.c...
compiling SEGGER_RTT_printf.c...
compiling ht16220.c...
compiling system_stm32f0xx.c...
compiling segment_lcd_ui.c...
compiling crc.c...
compiling LED.c...
compiling KEY.c...
compiling lcd_gpio.c...
compiling usart_test.c...
..\BSP\USART_FIFO\usart_test.c(189): warning:  #177-D: function "loop_buffer_free"  was declared but never referenced
  static uint16_t loop_buffer_free(const uart_receive_struct *temp_value)
..\BSP\USART_FIFO\usart_test.c: 1 warning, 0 errors
compiling flash_param.c...
compiling usart_ywy.c...
compiling usart_control.c...
..\BSP\USART_CONTROL\usart_control.c(174): warning:  #167-D: argument of type "uint8_t *" is incompatible with parameter of type "char *restrict"
  		usart2_temp_send_buffer_count = sprintf(usart2_temp_send_buffer,"hello\r\n");
..\BSP\USART_CONTROL\usart_control.c(167): warning:  #550-D: variable "temp_len"  was set but never used
  	uint16_t temp_len = 0;
..\BSP\USART_CONTROL\usart_control.c: 2 warnings, 0 errors
linking...
Program Size: Code=24356 RO-data=1136 RW-data=156 ZI-data=4540  
FromELF: creating hex file...
"111\111.axf" - 0 Error(s), 5 Warning(s).

<h2>Software Packages used:</h2>

Package Vendor: ARM
                http://www.keil.com/pack/ARM.CMSIS.5.9.0.pack
                ARM::CMSIS@5.9.0
                CMSIS (Common Microcontroller Software Interface Standard)
   * Component: CORE Version: 5.6.0

Package Vendor: Keil
                https://www.keil.com/pack/Keil.STM32F0xx_DFP.2.1.1.pack
                Keil::STM32F0xx_DFP@2.1.1
                STMicroelectronics STM32F0 Series Device Support, Drivers and Examples

<h2>Collection of Component include folders:</h2>
  ./RTE/_111
  D:/keil5/ARM/Pack/ARM/CMSIS/5.9.0/CMSIS/Core/Include
  D:/keil5/ARM/Pack/Keil/STM32F0xx_DFP/2.1.1/Drivers/CMSIS/Device/ST/STM32F0xx/Include

<h2>Collection of Component Files used:</h2>

   * Component: ARM::CMSIS:CORE@5.6.0
      Include file:  CMSIS/Core/Include/tz_context.h
Build Time Elapsed:  00:00:05
</pre>
</body>
</html>
