Component: ARM Compiler 5.06 update 7 (build 960) Tool: armlink [4d3601]

==============================================================================

Section Cross References

    startup_stm32f030x8.o(RESET) refers to startup_stm32f030x8.o(STACK) for __initial_sp
    startup_stm32f030x8.o(RESET) refers to startup_stm32f030x8.o(.text) for Reset_Handler
    startup_stm32f030x8.o(RESET) refers to stm32f0xx_it.o(i.NMI_Handler) for NMI_Handler
    startup_stm32f030x8.o(RESET) refers to stm32f0xx_it.o(i.HardFault_Handler) for HardFault_Handler
    startup_stm32f030x8.o(RESET) refers to stm32f0xx_it.o(i.SVC_Handler) for SVC_Handler
    startup_stm32f030x8.o(RESET) refers to stm32f0xx_it.o(i.PendSV_Handler) for PendSV_Handler
    startup_stm32f030x8.o(RESET) refers to stm32f0xx_it.o(i.SysTick_Handler) for SysTick_Handler
    startup_stm32f030x8.o(RESET) refers to stm32f0xx_it.o(i.DMA1_Channel2_3_IRQHandler) for DMA1_Channel2_3_IRQHandler
    startup_stm32f030x8.o(RESET) refers to stm32f0xx_it.o(i.DMA1_Channel4_5_IRQHandler) for DMA1_Channel4_5_IRQHandler
    startup_stm32f030x8.o(RESET) refers to stm32f0xx_it.o(i.TIM16_IRQHandler) for TIM16_IRQHandler
    startup_stm32f030x8.o(RESET) refers to stm32f0xx_it.o(i.TIM17_IRQHandler) for TIM17_IRQHandler
    startup_stm32f030x8.o(RESET) refers to stm32f0xx_it.o(i.USART1_IRQHandler) for USART1_IRQHandler
    startup_stm32f030x8.o(RESET) refers to stm32f0xx_it.o(i.USART2_IRQHandler) for USART2_IRQHandler
    startup_stm32f030x8.o(.text) refers to system_stm32f0xx.o(i.SystemInit) for SystemInit
    startup_stm32f030x8.o(.text) refers to entry.o(.ARM.Collect$$$$00000000) for __main
    main.o(i.LCD_UI_ConfigChangedCallback) refers to flash_param.o(i.FlashParam_Save) for FlashParam_Save
    main.o(i.LCD_UI_ConfigChangedCallback) refers to main.o(.bss) for ywy_flash_params
    main.o(i.LCD_UI_ConfigChangedCallback) refers to main.o(.data) for high_oil_level_alarm_mm
    main.o(i.SystemClock_Config) refers to memseta.o(.text) for __aeabi_memclr4
    main.o(i.SystemClock_Config) refers to stm32f0xx_hal_rcc.o(i.HAL_RCC_OscConfig) for HAL_RCC_OscConfig
    main.o(i.SystemClock_Config) refers to main.o(i.Error_Handler) for Error_Handler
    main.o(i.SystemClock_Config) refers to stm32f0xx_hal_rcc.o(i.HAL_RCC_ClockConfig) for HAL_RCC_ClockConfig
    main.o(i.SystemClock_Config) refers to stm32f0xx_hal_rcc_ex.o(i.HAL_RCCEx_PeriphCLKConfig) for HAL_RCCEx_PeriphCLKConfig
    main.o(i.flash_read_params_init) refers to flash_param.o(i.FlashParam_Init) for FlashParam_Init
    main.o(i.flash_read_params_init) refers to main.o(.bss) for ywy_flash_params
    main.o(i.flash_read_params_init) refers to main.o(.data) for high_oil_level_alarm_mm
    main.o(i.key_click_handle) refers to segger_rtt.o(i.SEGGER_RTT_SetTerminal) for SEGGER_RTT_SetTerminal
    main.o(i.key_click_handle) refers to segger_rtt.o(i.SEGGER_RTT_WriteString) for SEGGER_RTT_WriteString
    main.o(i.key_click_handle) refers to segment_lcd_ui.o(i.LCD_UI_KeyEvent) for LCD_UI_KeyEvent
    main.o(i.key_double_click_handle) refers to segger_rtt.o(i.SEGGER_RTT_SetTerminal) for SEGGER_RTT_SetTerminal
    main.o(i.key_double_click_handle) refers to segger_rtt.o(i.SEGGER_RTT_WriteString) for SEGGER_RTT_WriteString
    main.o(i.main) refers to stm32f0xx_hal.o(i.HAL_Init) for HAL_Init
    main.o(i.main) refers to main.o(i.SystemClock_Config) for SystemClock_Config
    main.o(i.main) refers to main.o(i.flash_read_params_init) for flash_read_params_init
    main.o(i.main) refers to tim.o(i.MX_TIM17_Init) for MX_TIM17_Init
    main.o(i.main) refers to tim.o(i.MX_TIM16_Init) for MX_TIM16_Init
    main.o(i.main) refers to tim.o(i.TIM17_Start) for TIM17_Start
    main.o(i.main) refers to lcd_gpio.o(i.ht16220_gpio_init) for ht16220_gpio_init
    main.o(i.main) refers to key.o(i.key_init) for key_init
    main.o(i.main) refers to led.o(i.led_init) for led_init
    main.o(i.main) refers to segment_lcd_ui.o(i.LCD_UI_Init) for LCD_UI_Init
    main.o(i.main) refers to usart_ywy.o(i.usart_ywy_dma_init) for usart_ywy_dma_init
    main.o(i.main) refers to usart_control.o(i.usart2_control_dma_init) for usart2_control_dma_init
    main.o(i.main) refers to segment_lcd_ui.o(i.LCD_UI_SetConfig) for LCD_UI_SetConfig
    main.o(i.main) refers to segger_rtt.o(i.SEGGER_RTT_SetTerminal) for SEGGER_RTT_SetTerminal
    main.o(i.main) refers to segger_rtt.o(i.SEGGER_RTT_WriteString) for SEGGER_RTT_WriteString
    main.o(i.main) refers to key.o(i.key_click_register_task) for key_click_register_task
    main.o(i.main) refers to key.o(i.key_double_click_register_task) for key_double_click_register_task
    main.o(i.main) refers to usart_ywy.o(i.com_ywy_handle) for com_ywy_handle
    main.o(i.main) refers to usart_control.o(i.uart2_ywy_send_check) for uart2_ywy_send_check
    main.o(i.main) refers to usart_control.o(i.my_usart2_receive_handle) for my_usart2_receive_handle
    main.o(i.main) refers to fmul.o(.text) for __aeabi_fmul
[...]
    i.__ARM_common_ll_muluu                  0x08003986   Section        0  stm32f0xx_hal_rcc.o(i.__ARM_common_ll_muluu)
    i.__ARM_common_switch8                   0x080039b6   Section        0  stm32f0xx_hal_tim.o(i.__ARM_common_switch8)
    i.__NVIC_SetPriority                     0x080039d4   Section        0  stm32f0xx_hal_cortex.o(i.__NVIC_SetPriority)
    __NVIC_SetPriority                       0x080039d5   Thumb Code   110  stm32f0xx_hal_cortex.o(i.__NVIC_SetPriority)
    i.__get_PRIMASK                          0x08003a4c   Section        0  stm32f0xx_hal_uart.o(i.__get_PRIMASK)
    __get_PRIMASK                            0x08003a4d   Thumb Code     6  stm32f0xx_hal_uart.o(i.__get_PRIMASK)
    i.__scatterload_copy                     0x08003a52   Section       14  handlers.o(i.__scatterload_copy)
    i.__scatterload_null                     0x08003a60   Section        2  handlers.o(i.__scatterload_null)
    i.__scatterload_zeroinit                 0x08003a62   Section       14  handlers.o(i.__scatterload_zeroinit)
    i.__set_PRIMASK                          0x08003a70   Section        0  stm32f0xx_hal_uart.o(i.__set_PRIMASK)
    __set_PRIMASK                            0x08003a71   Thumb Code     6  stm32f0xx_hal_uart.o(i.__set_PRIMASK)
    i.__set_PRIMASK                          0x08003a76   Section        0  stm32f0xx_hal_uart_ex.o(i.__set_PRIMASK)
    __set_PRIMASK                            0x08003a77   Thumb Code     6  stm32f0xx_hal_uart_ex.o(i.__set_PRIMASK)
    i._fp_digits                             0x08003a7c   Section        0  printfa.o(i._fp_digits)
    _fp_digits                               0x08003a7d   Thumb Code   344  printfa.o(i._fp_digits)
    i._printf_core                           0x08003bf0   Section        0  printfa.o(i._printf_core)
    _printf_core                             0x08003bf1   Thumb Code  1760  printfa.o(i._printf_core)
    i._printf_post_padding                   0x080042e0   Section        0  printfa.o(i._printf_post_padding)
    _printf_post_padding                     0x080042e1   Thumb Code    32  printfa.o(i._printf_post_padding)
    i._printf_pre_padding                    0x08004300   Section        0  printfa.o(i._printf_pre_padding)
    _printf_pre_padding                      0x08004301   Thumb Code    44  printfa.o(i._printf_pre_padding)
    i._sputc                                 0x0800432c   Section        0  printfa.o(i._sputc)
    _sputc                                   0x0800432d   Thumb Code    10  printfa.o(i._sputc)
    i.alpha_pattern                          0x08004338   Section        0  segment_lcd_ui.o(i.alpha_pattern)
    alpha_pattern                            0x08004339   Thumb Code   190  segment_lcd_ui.o(i.alpha_pattern)
    i.alpha_show_right                       0x08004408   Section        0  segment_lcd_ui.o(i.alpha_show_right)
    alpha_show_right                         0x08004409   Thumb Code    54  segment_lcd_ui.o(i.alpha_show_right)
    i.alpha_show_text                        0x0800443e   Section        0  segment_lcd_ui.o(i.alpha_show_text)
    alpha_show_text                          0x0800443f   Thumb Code    28  segment_lcd_ui.o(i.alpha_show_text)
    i.alpha_show_water_x10                   0x0800445a   Section        0  segment_lcd_ui.o(i.alpha_show_water_x10)
    alpha_show_water_x10                     0x0800445b   Thumb Code    20  segment_lcd_ui.o(i.alpha_show_water_x10)
    i.alpha_write                            0x08004470   Section        0  segment_lcd_ui.o(i.alpha_write)
    alpha_write                              0x08004471   Thumb Code    80  segment_lcd_ui.o(i.alpha_write)
    i.bsp_key_10ms_scan                      0x080044c4   Section        0  key.o(i.bsp_key_10ms_scan)
    i.clear_alpha_decimal_points             0x08004580   Section        0  segment_lcd_ui.o(i.clear_alpha_decimal_points)
    clear_alpha_decimal_points               0x08004581   Thumb Code    36  segment_lcd_ui.o(i.clear_alpha_decimal_points)
    i.com_ywy_handle                         0x080045a4   Section        0  usart_ywy.o(i.com_ywy_handle)
    i.flash_param_crc32                      0x08004914   Section        0  flash_param.o(i.flash_param_crc32)
    flash_param_crc32                        0x08004915   Thumb Code    60  flash_param.o(i.flash_param_crc32)
    i.flash_param_program_halfword           0x08004954   Section        0  flash_param.o(i.flash_param_program_halfword)
    flash_param_program_halfword             0x08004955   Thumb Code    40  flash_param.o(i.flash_param_program_halfword)
    i.flash_param_read_record                0x0800497c   Section        0  flash_param.o(i.flash_param_read_record)
    flash_param_read_record                  0x0800497d   Thumb Code    16  flash_param.o(i.flash_param_read_record)
    i.flash_param_record_valid               0x08004990   Section        0  flash_param.o(i.flash_param_record_valid)
    flash_param_record_valid                 0x08004991   Thumb Code    62  flash_param.o(i.flash_param_record_valid)
    i.flash_read_params_init                 0x080049d4   Section        0  main.o(i.flash_read_params_init)
    flash_read_params_init                   0x080049d5   Thumb Code   166  main.o(i.flash_read_params_init)
    i.format_fixed5                          0x08004ab0   Section        0  segment_lcd_ui.o(i.format_fixed5)
    format_fixed5                            0x08004ab1   Thumb Code    50  segment_lcd_ui.o(i.format_fixed5)
    i.format_water_x10                       0x08004ae2   Section        0  segment_lcd_ui.o(i.format_water_x10)
    format_water_x10                         0x08004ae3   Thumb Code    44  segment_lcd_ui.o(i.format_water_x10)
    i.get_key_state                          0x08004b10   Section        0  key.o(i.get_key_state)
    get_key_state                            0x08004b11   Thumb Code   230  key.o(i.get_key_state)
    i.hide_temperature_area                  0x08004bfc   Section        0  segment_lcd_ui.o(i.hide_temperature_area)
    hide_temperature_area                    0x08004bfd   Thumb Code    42  segment_lcd_ui.o(i.hide_temperature_area)
    i.ht16220_gpio_init                      0x08004c2c   Section        0  lcd_gpio.o(i.ht16220_gpio_init)
    i.ht_send_command                        0x08004cc8   Section        0  ht16220.o(i.ht_send_command)
    ht_send_command                          0x08004cc9   Thumb Code    40  ht16220.o(i.ht_send_command)
    i.ht_write_bit                           0x08004cf0   Section        0  ht16220.o(i.ht_write_bit)
    ht_write_bit                             0x08004cf1   Thumb Code    42  ht16220.o(i.ht_write_bit)
    i.ht_write_bits_msb                      0x08004d1a   Section        0  ht16220.o(i.ht_write_bits_msb)
    ht_write_bits_msb                        0x08004d1b   Thumb Code    34  ht16220.o(i.ht_write_bits_msb)
    i.ht_write_nibble_lsb                    0x08004d3c   Section        0  ht16220.o(i.ht_write_nibble_lsb)
    ht_write_nibble_lsb                      0x08004d3d   Thumb Code    30  ht16220.o(i.ht_write_nibble_lsb)
    i.ht_write_seg_byte                      0x08004d5a   Section        0  ht16220.o(i.ht_write_seg_byte)
    ht_write_seg_byte                        0x08004d5b   Thumb Code    60  ht16220.o(i.ht_write_seg_byte)
    i.increment_selected_digit               0x08004d98   Section        0  segment_lcd_ui.o(i.increment_selected_digit)
    increment_selected_digit                 0x08004d99   Thumb Code    94  segment_lcd_ui.o(i.increment_selected_digit)
    i.key_click_handle                       0x08004e04   Section        0  main.o(i.key_click_handle)
    i.key_click_register_task                0x08004ea4   Section        0  key.o(i.key_click_register_task)
    i.key_double_click_handle                0x08004eb0   Section        0  main.o(i.key_double_click_handle)
    i.key_double_click_register_task         0x08004f3c   Section        0  key.o(i.key_double_click_register_task)
    i.key_gpio_init                          0x08004f48   Section        0  key.o(i.key_gpio_init)
    i.key_init                               0x08005008   Section        0  key.o(i.key_init)
    i.key_params_register                    0x08005014   Section        0  key.o(i.key_params_register)
    key_params_register                      0x08005015   Thumb Code   108  key.o(i.key_params_register)
    i.key_soft_init                          0x08005084   Section        0  key.o(i.key_soft_init)
    i.led_init                               0x080050bc   Section        0  led.o(i.led_init)
    i.limit_5_digits                         0x08005150   Section        0  segment_lcd_ui.o(i.limit_5_digits)
    limit_5_digits                           0x08005151   Thumb Code    14  segment_lcd_ui.o(i.limit_5_digits)
    i.loop_buffer_init                       0x08005164   Section        0  usart_test.o(i.loop_buffer_init)
    i.loop_buffer_next_index                 0x08005170   Section        0  usart_test.o(i.loop_buffer_next_index)
    loop_buffer_next_index                   0x08005171   Thumb Code    18  usart_test.o(i.loop_buffer_next_index)
    i.loop_buffer_pop                        0x08005182   Section        0  usart_test.o(i.loop_buffer_pop)
    loop_buffer_pop                          0x08005183   Thumb Code    42  usart_test.o(i.loop_buffer_pop)
    i.loop_buffer_pop_array                  0x080051ac   Section        0  usart_test.o(i.loop_buffer_pop_array)
    i.loop_buffer_push                       0x080051d6   Section        0  usart_test.o(i.loop_buffer_push)
    loop_buffer_push                         0x080051d7   Thumb Code    38  usart_test.o(i.loop_buffer_push)
    i.loop_buffer_push_array                 0x080051fc   Section        0  usart_test.o(i.loop_buffer_push_array)
    i.main                                   0x08005228   Section        0  main.o(i.main)
    i.modbus_time_done                       0x080053c4   Section        0  usart_ywy.o(i.modbus_time_done)
    i.my_usart2_receive_handle               0x08005400   Section        0  usart_control.o(i.my_usart2_receive_handle)
    i.page_is_numeric                        0x0800544c   Section        0  segment_lcd_ui.o(i.page_is_numeric)
    page_is_numeric                          0x0800544d   Thumb Code    50  segment_lcd_ui.o(i.page_is_numeric)
    i.page_next                              0x08005480   Section        0  segment_lcd_ui.o(i.page_next)
    page_next                                0x08005481   Thumb Code    26  segment_lcd_ui.o(i.page_next)
    i.page_prev                              0x080054a4   Section        0  segment_lcd_ui.o(i.page_prev)
    page_prev                                0x080054a5   Thumb Code    34  segment_lcd_ui.o(i.page_prev)
    i.page_right_text                        0x080054d0   Section        0  segment_lcd_ui.o(i.page_right_text)
    page_right_text                          0x080054d1   Thumb Code    68  segment_lcd_ui.o(i.page_right_text)
    i.page_value_pointer                     0x08005540   Section        0  segment_lcd_ui.o(i.page_value_pointer)
    page_value_pointer                       0x08005541   Thumb Code    86  segment_lcd_ui.o(i.page_value_pointer)
    i.read_key_down_state                    0x0800559c   Section        0  key.o(i.read_key_down_state)
    read_key_down_state                      0x0800559d   Thumb Code    58  key.o(i.read_key_down_state)
    i.render_alarm_enable_page               0x080055dc   Section        0  segment_lcd_ui.o(i.render_alarm_enable_page)
    render_alarm_enable_page                 0x080055dd   Thumb Code    72  segment_lcd_ui.o(i.render_alarm_enable_page)
    i.render_main_page                       0x0800563c   Section        0  segment_lcd_ui.o(i.render_main_page)
    render_main_page                         0x0800563d   Thumb Code   224  segment_lcd_ui.o(i.render_main_page)
    i.render_numeric_page                    0x08005724   Section        0  segment_lcd_ui.o(i.render_numeric_page)
    render_numeric_page                      0x08005725   Thumb Code    98  segment_lcd_ui.o(i.render_numeric_page)
    i.render_page                            0x08005798   Section        0  segment_lcd_ui.o(i.render_page)
    render_page                              0x08005799   Thumb Code    56  segment_lcd_ui.o(i.render_page)
    i.render_progress_bar                    0x080057d4   Section        0  segment_lcd_ui.o(i.render_progress_bar)
    render_progress_bar                      0x080057d5   Thumb Code    74  segment_lcd_ui.o(i.render_progress_bar)
    i.sanitize_config                        0x08005828   Section        0  segment_lcd_ui.o(i.sanitize_config)
    sanitize_config                          0x08005829   Thumb Code   100  segment_lcd_ui.o(i.sanitize_config)
    i.send_loop_buffer_count_empty           0x0800588c   Section        0  usart_test.o(i.send_loop_buffer_count_empty)
    send_loop_buffer_count_empty             0x0800588d   Thumb Code    18  usart_test.o(i.send_loop_buffer_count_empty)
    i.send_loop_buffer_count_free            0x0800589e   Section        0  usart_test.o(i.send_loop_buffer_count_free)
    send_loop_buffer_count_free              0x0800589f   Thumb Code    38  usart_test.o(i.send_loop_buffer_count_free)
    i.send_loop_buffer_data_free             0x080058c4   Section        0  usart_test.o(i.send_loop_buffer_data_free)
    send_loop_buffer_data_free               0x080058c5   Thumb Code    38  usart_test.o(i.send_loop_buffer_data_free)
    i.send_loop_buffer_init                  0x080058ea   Section        0  usart_test.o(i.send_loop_buffer_init)
    i.send_loop_buffer_pop                   0x08005902   Section        0  usart_test.o(i.send_loop_buffer_pop)
    i.send_loop_buffer_push                  0x08005972   Section        0  usart_test.o(i.send_loop_buffer_push)
    i.set_point                              0x080059fe   Section        0  segment_lcd_ui.o(i.set_point)
    set_point                                0x080059ff   Thumb Code    22  segment_lcd_ui.o(i.set_point)
    i.seven_pattern                          0x08005a14   Section        0  segment_lcd_ui.o(i.seven_pattern)
    seven_pattern                            0x08005a15   Thumb Code   140  segment_lcd_ui.o(i.seven_pattern)
    i.seven_write                            0x08005aa0   Section        0  segment_lcd_ui.o(i.seven_write)
    seven_write                              0x08005aa1   Thumb Code   108  segment_lcd_ui.o(i.seven_write)
    i.top_show_digits                        0x08005b0c   Section        0  segment_lcd_ui.o(i.top_show_digits)
    top_show_digits                          0x08005b0d   Thumb Code    48  segment_lcd_ui.o(i.top_show_digits)
    i.top_show_word                          0x08005b40   Section        0  segment_lcd_ui.o(i.top_show_word)
    top_show_word                            0x08005b41   Thumb Code    66  segment_lcd_ui.o(i.top_show_word)
    i.uart2_send_data                        0x08005b88   Section        0  usart_control.o(i.uart2_send_data)
    i.uart2_ywy_send_check                   0x08005ba0   Section        0  usart_control.o(i.uart2_ywy_send_check)
    i.uart_send_data                         0x08005bf8   Section        0  usart_ywy.o(i.uart_send_data)
    i.uart_send_enter_critical               0x08005c10   Section        0  usart_test.o(i.uart_send_enter_critical)
    uart_send_enter_critical                 0x08005c11   Thumb Code     4  usart_test.o(i.uart_send_enter_critical)
    i.uart_send_exit_critical                0x08005c14   Section        0  usart_test.o(i.uart_send_exit_critical)
    uart_send_exit_critical                  0x08005c15   Thumb Code     4  usart_test.o(i.uart_send_exit_critical)
    i.uart_ywy_send_check                    0x08005c18   Section        0  usart_ywy.o(i.uart_ywy_send_check)
    i.usart2_control_dma_init                0x08005c64   Section        0  usart_control.o(i.usart2_control_dma_init)
    i.usart_ywy_dma_init                     0x08005e28   Section        0  usart_ywy.o(i.usart_ywy_dma_init)
    .constdata                               0x08005fd8   Section       32  stm32f0xx_hal_rcc.o(.constdata)
    aPLLMULFactorTable                       0x08005fd8   Data          16  stm32f0xx_hal_rcc.o(.constdata)
    aPredivFactorTable                       0x08005fe8   Data          16  stm32f0xx_hal_rcc.o(.constdata)
    .constdata                               0x08005ff8   Section       24  system_stm32f0xx.o(.constdata)
    .constdata                               0x08006010   Section       33  segger_rtt.o(.constdata)
    _aTerminalId                             0x08006010   Data          16  segger_rtt.o(.constdata)
    _aInitStr                                0x08006020   Data          17  segger_rtt.o(.constdata)
    .constdata                               0x08006034   Section      320  segment_lcd_ui.o(.constdata)
    top_digit                                0x08006034   Data          70  segment_lcd_ui.o(.constdata)
    temp_digit                               0x0800607a   Data          28  segment_lcd_ui.o(.constdata)
    alpha_digit                              0x08006096   Data         160  segment_lcd_ui.o(.constdata)
    progress_bar                             0x08006136   Data          40  segment_lcd_ui.o(.constdata)
    power10                                  0x08006160   Data          20  segment_lcd_ui.o(.constdata)
    .constdata                               0x08006174   Section      512  crc.o(.constdata)
    .data                                    0x20000000   Section       81  main.o(.data)
    .data                                    0x20000052   Section        2  stm32f0xx_it.o(.data)
    temp_count                               0x20000052   Data           2  stm32f0xx_it.o(.data)
    .data                                    0x20000054   Section        9  stm32f0xx_hal.o(.data)
    .data                                    0x20000060   Section        4  system_stm32f0xx.o(.data)
    .data                                    0x20000064   Section        1  segger_rtt.o(.data)
    _ActiveTerminal                          0x20000064   Data           1  segger_rtt.o(.data)
    .data                                    0x20000068   Section        8  key.o(.data)
    key_click_callback                       0x20000068   Data           4  key.o(.data)
    key_double_click_callback                0x2000006c   Data           4  key.o(.data)
    .data                                    0x20000070   Section        1  ht16220.o(.data)
    ht_flush_index                           0x20000070   Data           1  ht16220.o(.data)
    .data                                    0x20000072   Section       13  segment_lcd_ui.o(.data)
    ui_page                                  0x20000072   Data           1  segment_lcd_ui.o(.data)
    ui_editing                               0x20000073   Data           1  segment_lcd_ui.o(.data)
    ui_selected_digit                        0x20000074   Data           1  segment_lcd_ui.o(.data)
    ui_blink_tick                            0x20000076   Data           2  segment_lcd_ui.o(.data)
    ui_blink_toggle_pending                  0x20000078   Data           1  segment_lcd_ui.o(.data)
    ui_inactive_tick                         0x2000007a   Data           2  segment_lcd_ui.o(.data)
    ui_return_main_pending                   0x2000007c   Data           1  segment_lcd_ui.o(.data)
    ui_blink_visible                         0x2000007d   Data           1  segment_lcd_ui.o(.data)
    ui_render_pending                        0x2000007e   Data           1  segment_lcd_ui.o(.data)
    .data                                    0x20000080   Section       26  usart_ywy.o(.data)
    com_ywy_conn_time_out                    0x20000098   Data           2  usart_ywy.o(.data)
    .data                                    0x2000009a   Section        2  usart_control.o(.data)
    .bss                                     0x2000009c   Section      120  main.o(.bss)
    usart_printf_buffer                      0x200000f4   Data          32  main.o(.bss)
    .bss                                     0x20000114   Section      144  tim.o(.bss)
    .bss                                     0x200001a8   Section       32  stm32f0xx_hal_flash.o(.bss)
    .bss                                     0x200001c8   Section     1208  segger_rtt.o(.bss)
    _acUpBuffer                              0x20000270   Data        1024  segger_rtt.o(.bss)
    _acDownBuffer                            0x20000670   Data          16  segger_rtt.o(.bss)
    .bss                                     0x20000680   Section       84  key.o(.bss)
    .bss                                     0x200006d4   Section       96  ht16220.o(.bss)
    ht_ram                                   0x200006d4   Data          32  ht16220.o(.bss)
    ht_sent_ram                              0x200006f4   Data          32  ht16220.o(.bss)
    ht_sent_valid                            0x20000714   Data          32  ht16220.o(.bss)
    .bss                                     0x20000734   Section       20  lcd_gpio.o(.bss)
    .bss                                     0x20000748   Section      100  segment_lcd_ui.o(.bss)
    ui_data                                  0x20000748   Data          56  segment_lcd_ui.o(.bss)
    ui_edit_backup                           0x20000780   Data          44  segment_lcd_ui.o(.bss)
    .bss                                     0x200007ac   Section      836  usart_ywy.o(.bss)
    uart_send_buffer                         0x20000960   Data          64  usart_ywy.o(.bss)
    uart_send_count_buffer                   0x200009a0   Data          32  usart_ywy.o(.bss)
    uart_dma_send_buffer                     0x200009c0   Data         256  usart_ywy.o(.bss)
    uart_analyze_buffer                      0x20000ac0   Data          48  usart_ywy.o(.bss)
    .bss                                     0x20000af0   Section      868  usart_control.o(.bss)
    uart_send_buffer                         0x20000ca4   Data          64  usart_control.o(.bss)
    uart_send_count_buffer                   0x20000ce4   Data          32  usart_control.o(.bss)
    uart_dma_send_buffer                     0x20000d04   Data         256  usart_control.o(.bss)
    uart2_analyze_buffer                     0x20000e04   Data          48  usart_control.o(.bss)
    usart2_temp_send_buffer                  0x20000e34   Data          32  usart_control.o(.bss)
    STACK                                    0x20000e58   Section     1024  startup_stm32f030x8.o(STACK)

    Global Symbols

    Symbol Name                              Value     Ov Type        Size  Object(Section)

    BuildAttributes$$THM_ISAv3M$S$PE$A:L22$X:L11$S22$IEEE1$IW$USESV6$~STKCKD$USESV7$~SHL$OTIME$ROPI$EBA8$MICROLIB$REQ8$PRES8$EABIv2 0x00000000   Number         0  anon$$obj.o ABSOLUTE
    __ARM_use_no_argv                        0x00000000   Number         0  main.o ABSOLUTE
    _printf_a                                0x00000000   Number         0  stubs.o ABSOLUTE
    _printf_c                                0x00000000   Number         0  stubs.o ABSOLUTE
    _printf_charcount                        0x00000000   Number         0  stubs.o ABSOLUTE
    _printf_d                                0x00000000   Number         0  stubs.o ABSOLUTE
    _printf_e                                0x00000000   Number         0  stubs.o ABSOLUTE
    _printf_f                                0x00000000   Number         0  stubs.o ABSOLUTE
    _printf_flags                            0x00000000   Number         0  stubs.o ABSOLUTE
    _printf_fp_dec                           0x00000000   Number         0  stubs.o ABSOLUTE
    _printf_fp_hex                           0x00000000   Number         0  stubs.o ABSOLUTE
    _printf_g                                0x00000000   Number         0  stubs.o ABSOLUTE
    _printf_i                                0x00000000   Number         0  stubs.o ABSOLUTE
    _printf_int_dec                          0x00000000   Number         0  stubs.o ABSOLUTE
    _printf_l                                0x00000000   Number         0  stubs.o ABSOLUTE
    _printf_lc                               0x00000000   Number         0  stubs.o ABSOLUTE
    _printf_ll                               0x00000000   Number         0  stubs.o ABSOLUTE
    _printf_lld                              0x00000000   Number         0  stubs.o ABSOLUTE
    _printf_lli                              0x00000000   Number         0  stubs.o ABSOLUTE
    _printf_llo                              0x00000000   Number         0  stubs.o ABSOLUTE
    _printf_llu                              0x00000000   Number         0  stubs.o ABSOLUTE
    _printf_llx                              0x00000000   Number         0  stubs.o ABSOLUTE
    _printf_longlong_dec                     0x00000000   Number         0  stubs.o ABSOLUTE
    _printf_longlong_hex                     0x00000000   Number         0  stubs.o ABSOLUTE
    _printf_longlong_oct                     0x00000000   Number         0  stubs.o ABSOLUTE
    _printf_ls                               0x00000000   Number         0  stubs.o ABSOLUTE
    _printf_mbtowc                           0x00000000   Number         0  stubs.o ABSOLUTE
    _printf_n                                0x00000000   Number         0  stubs.o ABSOLUTE
    _printf_o                                0x00000000   Number         0  stubs.o ABSOLUTE
    _printf_p                                0x00000000   Number         0  stubs.o ABSOLUTE
    _printf_percent                          0x00000000   Number         0  stubs.o ABSOLUTE
    _printf_pre_padding                      0x00000000   Number         0  stubs.o ABSOLUTE
    _printf_return_value                     0x00000000   Number         0  stubs.o ABSOLUTE
    _printf_s                                0x00000000   Number         0  stubs.o ABSOLUTE
    _printf_sizespec                         0x00000000   Number         0  stubs.o ABSOLUTE
    _printf_str                              0x00000000   Number         0  stubs.o ABSOLUTE
    _printf_truncate_signed                  0x00000000   Number         0  stubs.o ABSOLUTE
    _printf_truncate_unsigned                0x00000000   Number         0  stubs.o ABSOLUTE
    _printf_u                                0x00000000   Number         0  stubs.o ABSOLUTE
    _printf_wc                               0x00000000   Number         0  stubs.o ABSOLUTE
    _printf_wctomb                           0x00000000   Number         0  stubs.o ABSOLUTE
    _printf_widthprec                        0x00000000   Number         0  stubs.o ABSOLUTE
    _printf_x                                0x00000000   Number         0  stubs.o ABSOLUTE
    __arm_fini_                               - Undefined Weak Reference
    __cpp_initialize__aeabi_                  - Undefined Weak Reference
    __cxa_finalize                            - Undefined Weak Reference
    __decompress                              - Undefined Weak Reference
    _clock_init                               - Undefined Weak Reference
    _microlib_exit                            - Undefined Weak Reference
    __Vectors_Size                           0x000000b4   Number         0  startup_stm32f030x8.o ABSOLUTE
    __Vectors                                0x08000000   Data           4  startup_stm32f030x8.o(RESET)
    __Vectors_End                            0x080000b4   Data           0  startup_stm32f030x8.o(RESET)
    __main                                   0x080000b5   Thumb Code     0  entry.o(.ARM.Collect$$$$00000000)
    _main_stk                                0x080000b5   Thumb Code     0  entry2.o(.ARM.Collect$$$$00000001)
    _main_scatterload                        0x080000b9   Thumb Code     0  entry5.o(.ARM.Collect$$$$00000004)
    __main_after_scatterload                 0x080000bd   Thumb Code     0  entry5.o(.ARM.Collect$$$$00000004)
    _main_clock                              0x080000bd   Thumb Code     0  entry7b.o(.ARM.Collect$$$$00000008)
    _main_cpp_init                           0x080000bd   Thumb Code     0  entry8b.o(.ARM.Collect$$$$0000000A)
    _main_init                               0x080000bd   Thumb Code     0  entry9a.o(.ARM.Collect$$$$0000000B)
    __rt_lib_shutdown_fini                   0x080000c5   Thumb Code     0  entry12b.o(.ARM.Collect$$$$0000000E)
    __rt_final_cpp                           0x080000c9   Thumb Code     0  entry10a.o(.ARM.Collect$$$$0000000F)
    __rt_final_exit                          0x080000c9   Thumb Code     0  entry11a.o(.ARM.Collect$$$$00000011)
    Reset_Handler                            0x080000cd   Thumb Code     8  startup_stm32f030x8.o(.text)
    ADC1_IRQHandler                          0x080000df   Thumb Code     0  startup_stm32f030x8.o(.text)
    DMA1_Channel1_IRQHandler                 0x080000df   Thumb Code     0  startup_stm32f030x8.o(.text)
    EXTI0_1_IRQHandler                       0x080000df   Thumb Code     0  startup_stm32f030x8.o(.text)
    EXTI2_3_IRQHandler                       0x080000df   Thumb Code     0  startup_stm32f030x8.o(.text)
    EXTI4_15_IRQHandler                      0x080000df   Thumb Code     0  startup_stm32f030x8.o(.text)
    FLASH_IRQHandler                         0x080000df   Thumb Code     0  startup_stm32f030x8.o(.text)
    I2C1_IRQHandler                          0x080000df   Thumb Code     0  startup_stm32f030x8.o(.text)
    I2C2_IRQHandler                          0x080000df   Thumb Code     0  startup_stm32f030x8.o(.text)
    RCC_IRQHandler                           0x080000df   Thumb Code     0  startup_stm32f030x8.o(.text)
    RTC_IRQHandler                           0x080000df   Thumb Code     0  startup_stm32f030x8.o(.text)
    SPI1_IRQHandler                          0x080000df   Thumb Code     0  startup_stm32f030x8.o(.text)
    SPI2_IRQHandler                          0x080000df   Thumb Code     0  startup_stm32f030x8.o(.text)
    TIM14_IRQHandler                         0x080000df   Thumb Code     0  startup_stm32f030x8.o(.text)
    TIM15_IRQHandler                         0x080000df   Thumb Code     0  startup_stm32f030x8.o(.text)
    TIM1_BRK_UP_TRG_COM_IRQHandler           0x080000df   Thumb Code     0  startup_stm32f030x8.o(.text)
    TIM1_CC_IRQHandler                       0x080000df   Thumb Code     0  startup_stm32f030x8.o(.text)
    TIM3_IRQHandler                          0x080000df   Thumb Code     0  startup_stm32f030x8.o(.text)
    TIM6_IRQHandler                          0x080000df   Thumb Code     0  startup_stm32f030x8.o(.text)
    WWDG_IRQHandler                          0x080000df   Thumb Code     0  startup_stm32f030x8.o(.text)
    __aeabi_uidiv                            0x080000e9   Thumb Code     0  uidiv.o(.text)
    __aeabi_uidivmod                         0x080000e9   Thumb Code    44  uidiv.o(.text)
    __aeabi_uldivmod                         0x08000115   Thumb Code    96  uldiv.o(.text)
    __aeabi_llsr                             0x08000175   Thumb Code    34  llushr.o(.text)
    _ll_ushift_r                             0x08000175   Thumb Code     0  llushr.o(.text)
    __aeabi_memcpy                           0x08000197   Thumb Code    36  memcpya.o(.text)
    __aeabi_memcpy4                          0x08000197   Thumb Code     0  memcpya.o(.text)
    __aeabi_memcpy8                          0x08000197   Thumb Code     0  memcpya.o(.text)
    __aeabi_memset                           0x080001bb   Thumb Code    14  memseta.o(.text)
    __aeabi_memset4                          0x080001bb   Thumb Code     0  memseta.o(.text)
    __aeabi_memset8                          0x080001bb   Thumb Code     0  memseta.o(.text)
    __aeabi_memclr                           0x080001c9   Thumb Code     4  memseta.o(.text)
    __aeabi_memclr4                          0x080001c9   Thumb Code     0  memseta.o(.text)
    __aeabi_memclr8                          0x080001c9   Thumb Code     0  memseta.o(.text)
    _memset$wrapper                          0x080001cd   Thumb Code    18  memseta.o(.text)
    strlen                                   0x080001df   Thumb Code    14  strlen.o(.text)
    memcmp                                   0x080001ed   Thumb Code    26  memcmp.o(.text)
    __aeabi_fmul                             0x08000207   Thumb Code   122  fmul.o(.text)
    __aeabi_fdiv                             0x08000281   Thumb Code   124  fdiv.o(.text)
    __aeabi_ddiv                             0x080002fd   Thumb Code   234  ddiv.o(.text)
    __aeabi_ui2f                             0x080003ed   Thumb Code    14  ffltui.o(.text)
    __aeabi_f2iz                             0x080003fb   Thumb Code    50  ffixi.o(.text)
    __aeabi_f2uiz                            0x0800042d   Thumb Code    40  ffixui.o(.text)
    __aeabi_f2d                              0x08000455   Thumb Code    40  f2d.o(.text)
    __aeabi_d2f                              0x0800047d   Thumb Code    56  d2f.o(.text)
    __aeabi_cfrcmple                         0x080004b5   Thumb Code    20  cfrcmple.o(.text)
    __aeabi_llsl                             0x080004c9   Thumb Code    32  llshl.o(.text)
    _ll_shift_l                              0x080004c9   Thumb Code     0  llshl.o(.text)
    __I$use$fp                               0x080004e9   Thumb Code     0  iusefp.o(.text)
    _float_round                             0x080004e9   Thumb Code    16  fepilogue.o(.text)
    _float_epilogue                          0x080004f9   Thumb Code   114  fepilogue.o(.text)
    _double_round                            0x0800056b   Thumb Code    26  depilogue.o(.text)
    _double_epilogue                         0x08000585   Thumb Code   164  depilogue.o(.text)
    __aeabi_dadd                             0x08000629   Thumb Code   330  dadd.o(.text)
    __aeabi_dsub                             0x08000773   Thumb Code    12  dadd.o(.text)
    __aeabi_drsub                            0x0800077f   Thumb Code    12  dadd.o(.text)
    __aeabi_dmul                             0x08000791   Thumb Code   202  dmul.o(.text)
    __aeabi_d2ulz                            0x08000861   Thumb Code    54  dfixul.o(.text)
    __aeabi_cdrcmple                         0x080008a1   Thumb Code    38  cdrcmple.o(.text)
    __scatterload                            0x080008c9   Thumb Code    28  init.o(.text)
    __scatterload_rt2                        0x080008c9   Thumb Code     0  init.o(.text)
    __aeabi_lasr                             0x080008ed   Thumb Code    38  llsshr.o(.text)
    _ll_sshift_r                             0x080008ed   Thumb Code     0  llsshr.o(.text)
    CRC16                                    0x08000915   Thumb Code    46  crc.o(i.CRC16)
    DMA1_Channel2_3_IRQHandler               0x0800094d   Thumb Code    16  stm32f0xx_it.o(i.DMA1_Channel2_3_IRQHandler)
    DMA1_Channel4_5_IRQHandler               0x08000965   Thumb Code    16  stm32f0xx_it.o(i.DMA1_Channel4_5_IRQHandler)
    Error_Handler                            0x080009c7   Thumb Code     6  main.o(i.Error_Handler)
    FLASH_PageErase                          0x080009f5   Thumb Code    34  stm32f0xx_hal_flash_ex.o(i.FLASH_PageErase)
    FLASH_WaitForLastOperation               0x08000a89   Thumb Code   100  stm32f0xx_hal_flash.o(i.FLASH_WaitForLastOperation)
    FlashParam_Init                          0x08000af1   Thumb Code    50  flash_param.o(i.FlashParam_Init)
    FlashParam_Load                          0x08000b23   Thumb Code    46  flash_param.o(i.FlashParam_Load)
    FlashParam_Save                          0x08000b51   Thumb Code   300  flash_param.o(i.FlashParam_Save)
    FlashParam_SetDefault                    0x08000c89   Thumb Code    52  flash_param.o(i.FlashParam_SetDefault)
    HAL_DMA_Abort                            0x08000cbd   Thumb Code    82  stm32f0xx_hal_dma.o(i.HAL_DMA_Abort)
    HAL_DMA_Abort_IT                         0x08000d0f   Thumb Code    88  stm32f0xx_hal_dma.o(i.HAL_DMA_Abort_IT)
    HAL_DMA_IRQHandler                       0x08000d67   Thumb Code   240  stm32f0xx_hal_dma.o(i.HAL_DMA_IRQHandler)
    HAL_DMA_Init                             0x08000e59   Thumb Code    86  stm32f0xx_hal_dma.o(i.HAL_DMA_Init)
    HAL_DMA_Start_IT                         0x08000eb5   Thumb Code   154  stm32f0xx_hal_dma.o(i.HAL_DMA_Start_IT)
    HAL_FLASHEx_Erase                        0x08000f51   Thumb Code   160  stm32f0xx_hal_flash_ex.o(i.HAL_FLASHEx_Erase)
    HAL_FLASH_Lock                           0x08000ffd   Thumb Code    16  stm32f0xx_hal_flash.o(i.HAL_FLASH_Lock)
    HAL_FLASH_Program                        0x08001011   Thumb Code   174  stm32f0xx_hal_flash.o(i.HAL_FLASH_Program)
    HAL_FLASH_Unlock                         0x080010cd   Thumb Code    40  stm32f0xx_hal_flash.o(i.HAL_FLASH_Unlock)
    HAL_GPIO_Init                            0x08001101   Thumb Code   470  stm32f0xx_hal_gpio.o(i.HAL_GPIO_Init)
    HAL_GPIO_ReadPin                         0x080012f1   Thumb Code    18  stm32f0xx_hal_gpio.o(i.HAL_GPIO_ReadPin)
    HAL_GPIO_TogglePin                       0x08001303   Thumb Code    20  stm32f0xx_hal_gpio.o(i.HAL_GPIO_TogglePin)
    HAL_GPIO_WritePin                        0x08001317   Thumb Code    12  stm32f0xx_hal_gpio.o(i.HAL_GPIO_WritePin)
    HAL_GetTick                              0x08001325   Thumb Code     6  stm32f0xx_hal.o(i.HAL_GetTick)
    HAL_IncTick                              0x08001331   Thumb Code    16  stm32f0xx_hal.o(i.HAL_IncTick)
    HAL_Init                                 0x08001349   Thumb Code    28  stm32f0xx_hal.o(i.HAL_Init)
    HAL_InitTick                             0x08001369   Thumb Code    70  stm32f0xx_hal.o(i.HAL_InitTick)
    HAL_MspInit                              0x080013bd   Thumb Code    60  stm32f0xx_hal_msp.o(i.HAL_MspInit)
    HAL_NVIC_EnableIRQ                       0x080013fd   Thumb Code    22  stm32f0xx_hal_cortex.o(i.HAL_NVIC_EnableIRQ)
    HAL_NVIC_SetPriority                     0x08001419   Thumb Code    18  stm32f0xx_hal_cortex.o(i.HAL_NVIC_SetPriority)
    HAL_RCCEx_PeriphCLKConfig                0x0800142d   Thumb Code   322  stm32f0xx_hal_rcc_ex.o(i.HAL_RCCEx_PeriphCLKConfig)
    HAL_RCC_ClockConfig                      0x0800157d   Thumb Code   342  stm32f0xx_hal_rcc.o(i.HAL_RCC_ClockConfig)
    HAL_RCC_GetHCLKFreq                      0x080016e9   Thumb Code     6  stm32f0xx_hal_rcc.o(i.HAL_RCC_GetHCLKFreq)
    HAL_RCC_GetPCLK1Freq                     0x080016f5   Thumb Code    26  stm32f0xx_hal_rcc.o(i.HAL_RCC_GetPCLK1Freq)
    HAL_RCC_GetSysClockFreq                  0x08001719   Thumb Code   130  stm32f0xx_hal_rcc.o(i.HAL_RCC_GetSysClockFreq)
    HAL_RCC_OscConfig                        0x080017b1   Thumb Code  1416  stm32f0xx_hal_rcc.o(i.HAL_RCC_OscConfig)
    HAL_SYSTICK_Config                       0x08001d3d   Thumb Code    46  stm32f0xx_hal_cortex.o(i.HAL_SYSTICK_Config)
    HAL_TIMEx_BreakCallback                  0x08001d75   Thumb Code     2  stm32f0xx_hal_tim_ex.o(i.HAL_TIMEx_BreakCallback)
    HAL_TIMEx_CommutCallback                 0x08001d77   Thumb Code     2  stm32f0xx_hal_tim_ex.o(i.HAL_TIMEx_CommutCallback)
    HAL_TIM_Base_Init                        0x08001d79   Thumb Code   100  stm32f0xx_hal_tim.o(i.HAL_TIM_Base_Init)
    HAL_TIM_Base_MspInit                     0x08001ddd   Thumb Code   120  tim.o(i.HAL_TIM_Base_MspInit)
    HAL_TIM_Base_Start_IT                    0x08001e61   Thumb Code    98  stm32f0xx_hal_tim.o(i.HAL_TIM_Base_Start_IT)
    HAL_TIM_IC_CaptureCallback               0x08001ed1   Thumb Code     2  stm32f0xx_hal_tim.o(i.HAL_TIM_IC_CaptureCallback)
    HAL_TIM_IRQHandler                       0x08001ed3   Thumb Code   366  stm32f0xx_hal_tim.o(i.HAL_TIM_IRQHandler)
    HAL_TIM_OC_DelayElapsedCallback          0x08002041   Thumb Code     2  stm32f0xx_hal_tim.o(i.HAL_TIM_OC_DelayElapsedCallback)
    HAL_TIM_PWM_PulseFinishedCallback        0x08002043   Thumb Code     2  stm32f0xx_hal_tim.o(i.HAL_TIM_PWM_PulseFinishedCallback)
    HAL_TIM_PeriodElapsedCallback            0x08002045   Thumb Code    56  stm32f0xx_it.o(i.HAL_TIM_PeriodElapsedCallback)
    HAL_TIM_TriggerCallback                  0x08002089   Thumb Code     2  stm32f0xx_hal_tim.o(i.HAL_TIM_TriggerCallback)
    HAL_UARTEx_ReceiveToIdle_DMA             0x0800208b   Thumb Code   138  stm32f0xx_hal_uart_ex.o(i.HAL_UARTEx_ReceiveToIdle_DMA)
    HAL_UARTEx_RxEventCallback               0x08002115   Thumb Code   126  usart_ywy.o(i.HAL_UARTEx_RxEventCallback)
    HAL_UART_ErrorCallback                   0x080021bd   Thumb Code     2  stm32f0xx_hal_uart.o(i.HAL_UART_ErrorCallback)
    HAL_UART_IRQHandler                      0x080021c1   Thumb Code   928  stm32f0xx_hal_uart.o(i.HAL_UART_IRQHandler)
    HAL_UART_Init                            0x0800256d   Thumb Code   126  stm32f0xx_hal_uart.o(i.HAL_UART_Init)
    HAL_UART_MspInit                         0x080025eb   Thumb Code     2  stm32f0xx_hal_uart.o(i.HAL_UART_MspInit)
    HAL_UART_RxCpltCallback                  0x080025ed   Thumb Code     2  stm32f0xx_hal_uart.o(i.HAL_UART_RxCpltCallback)
    HAL_UART_RxHalfCpltCallback              0x080025ef   Thumb Code     2  stm32f0xx_hal_uart.o(i.HAL_UART_RxHalfCpltCallback)
    HAL_UART_Transmit_DMA                    0x080025f1   Thumb Code   186  stm32f0xx_hal_uart.o(i.HAL_UART_Transmit_DMA)
    HAL_UART_TxCpltCallback                  0x080026b9   Thumb Code    48  usart_ywy.o(i.HAL_UART_TxCpltCallback)
    HAL_UART_TxHalfCpltCallback              0x080026f9   Thumb Code     2  stm32f0xx_hal_uart.o(i.HAL_UART_TxHalfCpltCallback)
    HT16220_Clear                            0x080026fd   Thumb Code    12  ht16220.o(i.HT16220_Clear)
    HT16220_FlushStep                        0x0800270d   Thumb Code    88  ht16220.o(i.HT16220_FlushStep)
    HT16220_Init                             0x08002775   Thumb Code    72  ht16220.o(i.HT16220_Init)
    HT16220_PortCS                           0x080027cd   Thumb Code    28  lcd_gpio.o(i.HT16220_PortCS)
    HT16220_PortDATA                         0x080027ed   Thumb Code    28  lcd_gpio.o(i.HT16220_PortDATA)
    HT16220_PortDelay                        0x0800280d   Thumb Code    24  lcd_gpio.o(i.HT16220_PortDelay)
    HT16220_PortWR                           0x08002825   Thumb Code    28  lcd_gpio.o(i.HT16220_PortWR)
    HT16220_SetPoint                         0x08002845   Thumb Code    50  ht16220.o(i.HT16220_SetPoint)
    HardFault_Handler                        0x0800287d   Thumb Code     4  stm32f0xx_it.o(i.HardFault_Handler)
    LCD_UI_ConfigChangedCallback             0x08002881   Thumb Code   146  main.o(i.LCD_UI_ConfigChangedCallback)
    LCD_UI_Init                              0x08002945   Thumb Code    70  segment_lcd_ui.o(i.LCD_UI_Init)
    LCD_UI_KeyEvent                          0x080029b9   Thumb Code   224  segment_lcd_ui.o(i.LCD_UI_KeyEvent)
    LCD_UI_SetConfig                         0x08002ac1   Thumb Code    44  segment_lcd_ui.o(i.LCD_UI_SetConfig)
    LCD_UI_SetMeasurements                   0x08002af9   Thumb Code    56  segment_lcd_ui.o(i.LCD_UI_SetMeasurements)
    LCD_UI_SetProgressPercent                0x08002b3d   Thumb Code    30  segment_lcd_ui.o(i.LCD_UI_SetProgressPercent)
    LCD_UI_Task                              0x08002b65   Thumb Code   122  segment_lcd_ui.o(i.LCD_UI_Task)
    LCD_UI_Tick10ms                          0x08002c09   Thumb Code   104  segment_lcd_ui.o(i.LCD_UI_Tick10ms)
    MX_TIM16_Init                            0x08002c89   Thumb Code    46  tim.o(i.MX_TIM16_Init)
    MX_TIM17_Init                            0x08002cc5   Thumb Code    46  tim.o(i.MX_TIM17_Init)
    NMI_Handler                              0x08002d01   Thumb Code     4  stm32f0xx_it.o(i.NMI_Handler)
    PendSV_Handler                           0x08002d05   Thumb Code     2  stm32f0xx_it.o(i.PendSV_Handler)
    SEGGER_RTT_SetTerminal                   0x08002d09   Thumb Code   142  segger_rtt.o(i.SEGGER_RTT_SetTerminal)
    SEGGER_RTT_Write                         0x08002da5   Thumb Code    66  segger_rtt.o(i.SEGGER_RTT_Write)
    SEGGER_RTT_WriteNoLock                   0x08002ded   Thumb Code   128  segger_rtt.o(i.SEGGER_RTT_WriteNoLock)
    SEGGER_RTT_WriteString                   0x08002e71   Thumb Code    26  segger_rtt.o(i.SEGGER_RTT_WriteString)
    SVC_Handler                              0x08002e8b   Thumb Code     2  stm32f0xx_it.o(i.SVC_Handler)
    SysTick_Handler                          0x08002e8d   Thumb Code     8  stm32f0xx_it.o(i.SysTick_Handler)
    SystemClock_Config                       0x08002e95   Thumb Code   110  main.o(i.SystemClock_Config)
    SystemInit                               0x08002f03   Thumb Code     2  system_stm32f0xx.o(i.SystemInit)
    TIM16_IRQHandler                         0x08002f05   Thumb Code    10  stm32f0xx_it.o(i.TIM16_IRQHandler)
    TIM17_IRQHandler                         0x08002f15   Thumb Code    10  stm32f0xx_it.o(i.TIM17_IRQHandler)
    TIM17_Start                              0x08002f25   Thumb Code    10  tim.o(i.TIM17_Start)
    TIM_Base_SetConfig                       0x08002f35   Thumb Code   152  stm32f0xx_hal_tim.o(i.TIM_Base_SetConfig)
    UART_AdvFeatureConfig                    0x08002fe5   Thumb Code   240  stm32f0xx_hal_uart.o(i.UART_AdvFeatureConfig)
    UART_CheckIdleState                      0x080030d5   Thumb Code   252  stm32f0xx_hal_uart.o(i.UART_CheckIdleState)
    UART_SetConfig                           0x08003481   Thumb Code   390  stm32f0xx_hal_uart.o(i.UART_SetConfig)
    UART_Start_Receive_DMA                   0x08003621   Thumb Code   206  stm32f0xx_hal_uart.o(i.UART_Start_Receive_DMA)
    UART_WaitOnFlagUntilTimeout              0x080036fd   Thumb Code   180  stm32f0xx_hal_uart.o(i.UART_WaitOnFlagUntilTimeout)
    USART1_IRQHandler                        0x080037b1   Thumb Code    10  stm32f0xx_it.o(i.USART1_IRQHandler)
    USART2_IRQHandler                        0x080037c1   Thumb Code    10  stm32f0xx_it.o(i.USART2_IRQHandler)
    __0sprintf                               0x08003931   Thumb Code    36  printfa.o(i.__0sprintf)
    __1sprintf                               0x08003931   Thumb Code     0  printfa.o(i.__0sprintf)
    __2sprintf                               0x08003931   Thumb Code     0  printfa.o(i.__0sprintf)
    __c89sprintf                             0x08003931   Thumb Code     0  printfa.o(i.__0sprintf)
    sprintf                                  0x08003931   Thumb Code     0  printfa.o(i.__0sprintf)
    __ARM_clz                                0x08003959   Thumb Code    46  depilogue.o(i.__ARM_clz)
    __ARM_common_ll_muluu                    0x08003987   Thumb Code    48  stm32f0xx_hal_rcc.o(i.__ARM_common_ll_muluu)
    __ARM_common_switch8                     0x080039b7   Thumb Code    28  stm32f0xx_hal_tim.o(i.__ARM_common_switch8)
    __scatterload_copy                       0x08003a53   Thumb Code    14  handlers.o(i.__scatterload_copy)
    __scatterload_null                       0x08003a61   Thumb Code     2  handlers.o(i.__scatterload_null)
    __scatterload_zeroinit                   0x08003a63   Thumb Code    14  handlers.o(i.__scatterload_zeroinit)
    bsp_key_10ms_scan                        0x080044c5   Thumb Code   174  key.o(i.bsp_key_10ms_scan)
    com_ywy_handle                           0x080045a5   Thumb Code   816  usart_ywy.o(i.com_ywy_handle)
    ht16220_gpio_init                        0x08004c2d   Thumb Code   144  lcd_gpio.o(i.ht16220_gpio_init)
    key_click_handle                         0x08004e05   Thumb Code    94  main.o(i.key_click_handle)
    key_click_register_task                  0x08004ea5   Thumb Code     6  key.o(i.key_click_register_task)
    key_double_click_handle                  0x08004eb1   Thumb Code    76  main.o(i.key_double_click_handle)
    key_double_click_register_task           0x08004f3d   Thumb Code     6  key.o(i.key_double_click_register_task)
    key_gpio_init                            0x08004f49   Thumb Code   180  key.o(i.key_gpio_init)
    key_init                                 0x08005009   Thumb Code    12  key.o(i.key_init)
    key_soft_init                            0x08005085   Thumb Code    52  key.o(i.key_soft_init)
    led_init                                 0x080050bd   Thumb Code   140  led.o(i.led_init)
    loop_buffer_init                         0x08005165   Thumb Code    12  usart_test.o(i.loop_buffer_init)
    loop_buffer_pop_array                    0x080051ad   Thumb Code    42  usart_test.o(i.loop_buffer_pop_array)
    loop_buffer_push_array                   0x080051fd   Thumb Code    42  usart_test.o(i.loop_buffer_push_array)
    main                                     0x08005229   Thumb Code   328  main.o(i.main)
    modbus_time_done                         0x080053c5   Thumb Code    48  usart_ywy.o(i.modbus_time_done)
    my_usart2_receive_handle                 0x08005401   Thumb Code    50  usart_control.o(i.my_usart2_receive_handle)
    send_loop_buffer_init                    0x080058eb   Thumb Code    24  usart_test.o(i.send_loop_buffer_init)
    send_loop_buffer_pop                     0x08005903   Thumb Code   112  usart_test.o(i.send_loop_buffer_pop)
    send_loop_buffer_push                    0x08005973   Thumb Code   140  usart_test.o(i.send_loop_buffer_push)
    uart2_send_data                          0x08005b89   Thumb Code    18  usart_control.o(i.uart2_send_data)
    uart2_ywy_send_check                     0x08005ba1   Thumb Code    70  usart_control.o(i.uart2_ywy_send_check)
    uart_send_data                           0x08005bf9   Thumb Code    18  usart_ywy.o(i.uart_send_data)
    uart_ywy_send_check                      0x08005c19   Thumb Code    58  usart_ywy.o(i.uart_ywy_send_check)
    usart2_control_dma_init                  0x08005c65   Thumb Code   400  usart_control.o(i.usart2_control_dma_init)
    usart_ywy_dma_init                       0x08005e29   Thumb Code   378  usart_ywy.o(i.usart_ywy_dma_init)
    AHBPrescTable                            0x08005ff8   Data          16  system_stm32f0xx.o(.constdata)
    APBPrescTable                            0x08006008   Data           8  system_stm32f0xx.o(.constdata)
    auchCRCHi                                0x08006174   Data         256  crc.o(.constdata)
    auchCRCLo                                0x08006274   Data         256  crc.o(.constdata)
    Region$$Table$$Base                      0x08006374   Number         0  anon$$obj.o(Region$$Table)
    Region$$Table$$Limit                     0x08006394   Number         0  anon$$obj.o(Region$$Table)
    high_oil_level_alarm_mm                  0x20000000   Data           4  main.o(.data)
    high_oil_level_warn_mm                   0x20000004   Data           4  main.o(.data)
    low_oil_level_alram_mm                   0x20000008   Data           4  main.o(.data)
    low_oil_level_warn_mm                    0x2000000c   Data           4  main.o(.data)
    high_water_level_alarm_mm                0x20000010   Data           4  main.o(.data)
    ywy_open_alarm_flag                      0x20000014   Data           4  main.o(.data)
    high_water_shield_mm                     0x20000018   Data           4  main.o(.data)
    device_id                                0x2000001c   Data           4  main.o(.data)
    device_length                            0x20000020   Data           4  main.o(.data)
    oil_compensation                         0x20000024   Data           4  main.o(.data)
    water_compensation                       0x20000028   Data           4  main.o(.data)
    max_ywy_height                           0x2000002c   Data           4  main.o(.data)
    ywy_oil_height                           0x20000030   Data           4  main.o(.data)
    ywy_water_height                         0x20000034   Data           4  main.o(.data)
    ywy_temp1                                0x20000038   Data           4  main.o(.data)
    ywy_temp2                                0x2000003c   Data           4  main.o(.data)
    ywy_temp3                                0x20000040   Data           4  main.o(.data)
    ywy_temp4                                0x20000044   Data           4  main.o(.data)
    ywy_temp5                                0x20000048   Data           4  main.o(.data)
    ywy_temp                                 0x2000004c   Data           4  main.o(.data)
    timer_test_flag                          0x20000050   Data           1  main.o(.data)
    uwTick                                   0x20000054   Data           4  stm32f0xx_hal.o(.data)
    uwTickPrio                               0x20000058   Data           4  stm32f0xx_hal.o(.data)
    uwTickFreq                               0x2000005c   Data           1  stm32f0xx_hal.o(.data)
    SystemCoreClock                          0x20000060   Data           4  system_stm32f0xx.o(.data)
    usart_receive_done                       0x20000080   Data           1  usart_ywy.o(.data)
    usart_send_done                          0x20000081   Data           1  usart_ywy.o(.data)
    com_ywy_send_done_flag                   0x20000082   Data           2  usart_ywy.o(.data)
    com_ywy_delay_done_flag                  0x20000084   Data           1  usart_ywy.o(.data)
    ywy_temp_data                            0x20000088   Data           4  usart_ywy.o(.data)
    com_ywy_id                               0x2000008c   Data           2  usart_ywy.o(.data)
    com_connect_state                        0x2000008e   Data           1  usart_ywy.o(.data)
    com_connect_error_time                   0x2000008f   Data           1  usart_ywy.o(.data)
    com_ywy_send_buffer                      0x20000090   Data           8  usart_ywy.o(.data)
    usart2_receive_done                      0x2000009a   Data           1  usart_control.o(.data)
    usart2_send_done                         0x2000009b   Data           1  usart_control.o(.data)
    ywy_flash_params                         0x2000009c   Data          44  main.o(.bss)
    ywy_show_params                          0x200000c8   Data          44  main.o(.bss)
    htim16                                   0x20000114   Data          72  tim.o(.bss)
    htim17                                   0x2000015c   Data          72  tim.o(.bss)
    pFlash                                   0x200001a8   Data          32  stm32f0xx_hal_flash.o(.bss)
    _SEGGER_RTT                              0x200001c8   Data         168  segger_rtt.o(.bss)
    led_gpio_init_struct                     0x20000680   Data          20  key.o(.bss)
    key_params                               0x20000694   Data          64  key.o(.bss)
    ht16220_gpio_initstruct                  0x20000734   Data          20  lcd_gpio.o(.bss)
    usart_handle                             0x200007ac   Data         136  usart_ywy.o(.bss)
    usart_rx_handle                          0x20000834   Data          68  usart_ywy.o(.bss)
    usart_tx_handle                          0x20000878   Data          68  usart_ywy.o(.bss)
    modbus_recieve_struct                    0x200008bc   Data          12  usart_ywy.o(.bss)
    uart_send_fifo                           0x200008c8   Data          24  usart_ywy.o(.bss)
    uart_receive_fifo_buffer                 0x200008e0   Data          64  usart_ywy.o(.bss)
    usart_rx_buffer                          0x20000920   Data          64  usart_ywy.o(.bss)
    usart2_handle                            0x20000af0   Data         136  usart_control.o(.bss)
    usart2_rx_handle                         0x20000b78   Data          68  usart_control.o(.bss)
    usart2_tx_handle                         0x20000bbc   Data          68  usart_control.o(.bss)
    modbus2_recieve_struct                   0x20000c00   Data          12  usart_control.o(.bss)
    uart2_send_fifo                          0x20000c0c   Data          24  usart_control.o(.bss)
    uart2_receive_fifo_buffer                0x20000c24   Data          64  usart_control.o(.bss)
    usart2_rx_buffer                         0x20000c64   Data          64  usart_control.o(.bss)
    __initial_sp                             0x20001258   Data           0  startup_stm32f030x8.o(STACK)



==============================================================================

Memory Map of the image

  Image Entry point : 0x080000b5

  Load Region LR_IROM1 (Base: 0x08000000, Size: 0x00006430, Max: 0x0000fc00, ABSOLUTE)

    Execution Region ER_IROM1 (Exec base: 0x08000000, Load base: 0x08000000, Size: 0x00006394, Max: 0x0000fc00, ABSOLUTE)

    Exec Addr    Load Addr    Size         Type   Attr      Idx    E Section Name        Object

    0x08000000   0x08000000   0x000000b4   Data   RO            3    RESET               startup_stm32f030x8.o
    0x080000b4   0x080000b4   0x00000000   Code   RO         4341  * .ARM.Collect$$$$00000000  mc_p.l(entry.o)
    0x080000b4   0x080000b4   0x00000004   Code   RO         4641    .ARM.Collect$$$$00000001  mc_p.l(entry2.o)
    0x080000b8   0x080000b8   0x00000004   Code   RO         4644    .ARM.Collect$$$$00000004  mc_p.l(entry5.o)
    0x080000bc   0x080000bc   0x00000000   Code   RO         4646    .ARM.Collect$$$$00000008  mc_p.l(entry7b.o)
    0x080000bc   0x080000bc   0x00000000   Code   RO         4648    .ARM.Collect$$$$0000000A  mc_p.l(entry8b.o)
    0x080000bc   0x080000bc   0x00000008   Code   RO         4649    .ARM.Collect$$$$0000000B  mc_p.l(entry9a.o)
    0x080000c4   0x080000c4   0x00000004   Code   RO         4656    .ARM.Collect$$$$0000000E  mc_p.l(entry12b.o)
    0x080000c8   0x080000c8   0x00000000   Code   RO         4651    .ARM.Collect$$$$0000000F  mc_p.l(entry10a.o)
    0x080000c8   0x080000c8   0x00000000   Code   RO         4653    .ARM.Collect$$$$00000011  mc_p.l(entry11a.o)
    0x080000c8   0x080000c8   0x00000004   Code   RO         4642    .ARM.Collect$$$$00002712  mc_p.l(entry2.o)
    0x080000cc   0x080000cc   0x0000001c   Code   RO            4    .text               startup_stm32f030x8.o
    0x080000e8   0x080000e8   0x0000002c   Code   RO         4344    .text               mc_p.l(uidiv.o)
    0x08000114   0x08000114   0x00000060   Code   RO         4348    .text               mc_p.l(uldiv.o)
    0x08000174   0x08000174   0x00000022   Code   RO         4350    .text               mc_p.l(llushr.o)
    0x08000196   0x08000196   0x00000024   Code   RO         4352    .text               mc_p.l(memcpya.o)
    0x080001ba   0x080001ba   0x00000024   Code   RO         4354    .text               mc_p.l(memseta.o)
    0x080001de   0x080001de   0x0000000e   Code   RO         4356    .text               mc_p.l(strlen.o)
    0x080001ec   0x080001ec   0x0000001a   Code   RO         4358    .text               mc_p.l(memcmp.o)
    0x08000206   0x08000206   0x0000007a   Code   RO         4623    .text               mf_p.l(fmul.o)
    0x08000280   0x08000280   0x0000007c   Code   RO         4625    .text               mf_p.l(fdiv.o)
    0x080002fc   0x080002fc   0x000000f0   Code   RO         4627    .text               mf_p.l(ddiv.o)
    0x080003ec   0x080003ec   0x0000000e   Code   RO         4629    .text               mf_p.l(ffltui.o)
    0x080003fa   0x080003fa   0x00000032   Code   RO         4631    .text               mf_p.l(ffixi.o)
    0x0800042c   0x0800042c   0x00000028   Code   RO         4633    .text               mf_p.l(ffixui.o)
    0x08000454   0x08000454   0x00000028   Code   RO         4635    .text               mf_p.l(f2d.o)
    0x0800047c   0x0800047c   0x00000038   Code   RO         4637    .text               mf_p.l(d2f.o)
    0x080004b4   0x080004b4   0x00000014   Code   RO         4639    .text               mf_p.l(cfrcmple.o)
    0x080004c8   0x080004c8   0x00000020   Code   RO         4660    .text               mc_p.l(llshl.o)
    0x080004e8   0x080004e8   0x00000000   Code   RO         4662    .text               mc_p.l(iusefp.o)
    0x080004e8   0x080004e8   0x00000082   Code   RO         4663    .text               mf_p.l(fepilogue.o)
    0x0800056a   0x0800056a   0x000000be   Code   RO         4665    .text               mf_p.l(depilogue.o)
    0x08000628   0x08000628   0x00000168   Code   RO         4669    .text               mf_p.l(dadd.o)
    0x08000790   0x08000790   0x000000d0   Code   RO         4671    .text               mf_p.l(dmul.o)
    0x08000860   0x08000860   0x00000040   Code   RO         4673    .text               mf_p.l(dfixul.o)
    0x080008a0   0x080008a0   0x00000028   Code   RO         4675    .text               mf_p.l(cdrcmple.o)
    0x080008c8   0x080008c8   0x00000024   Code   RO         4677    .text               mc_p.l(init.o)
    0x080008ec   0x080008ec   0x00000026   Code   RO         4680    .text               mc_p.l(llsshr.o)
    0x08000912   0x08000912   0x00000002   PAD
    0x08000914   0x08000914   0x00000038   Code   RO         4023    i.CRC16             crc.o
    0x0800094c   0x0800094c   0x00000018   Code   RO          310    i.DMA1_Channel2_3_IRQHandler  stm32f0xx_it.o
    0x08000964   0x08000964   0x00000018   Code   RO          311    i.DMA1_Channel4_5_IRQHandler  stm32f0xx_it.o
    0x0800097c   0x0800097c   0x00000020   Code   RO         2252    i.DMA_CalcBaseAndBitshift  stm32f0xx_hal_dma.o
    0x0800099c   0x0800099c   0x0000002a   Code   RO         2253    i.DMA_SetConfig     stm32f0xx_hal_dma.o
    0x080009c6   0x080009c6   0x00000006   Code   RO           12    i.Error_Handler     main.o
    0x080009cc   0x080009cc   0x00000028   Code   RO         2641    i.FLASH_MassErase   stm32f0xx_hal_flash_ex.o
    0x080009f4   0x080009f4   0x0000002c   Code   RO         2650    i.FLASH_PageErase   stm32f0xx_hal_flash_ex.o
    0x08000a20   0x08000a20   0x00000020   Code   RO         2542    i.FLASH_Program_HalfWord  stm32f0xx_hal_flash.o
    0x08000a40   0x08000a40   0x00000048   Code   RO         2543    i.FLASH_SetErrorCode  stm32f0xx_hal_flash.o
    0x08000a88   0x08000a88   0x00000068   Code   RO         2544    i.FLASH_WaitForLastOperation  stm32f0xx_hal_flash.o
    0x08000af0   0x08000af0   0x00000032   Code   RO         4224    i.FlashParam_Init   flash_param.o
    0x08000b22   0x08000b22   0x0000002e   Code   RO         4226    i.FlashParam_Load   flash_param.o
    0x08000b50   0x08000b50   0x00000138   Code   RO         4228    i.FlashParam_Save   flash_param.o
    0x08000c88   0x08000c88   0x00000034   Code   RO         4229    i.FlashParam_SetDefault  flash_param.o
    0x08000cbc   0x08000cbc   0x00000052   Code   RO         2254    i.HAL_DMA_Abort     stm32f0xx_hal_dma.o
    0x08000d0e   0x08000d0e   0x00000058   Code   RO         2255    i.HAL_DMA_Abort_IT  stm32f0xx_hal_dma.o
    0x08000d66   0x08000d66   0x000000f0   Code   RO         2259    i.HAL_DMA_IRQHandler  stm32f0xx_hal_dma.o
    0x08000e56   0x08000e56   0x00000002   PAD
    0x08000e58   0x08000e58   0x0000005c   Code   RO         2260    i.HAL_DMA_Init      stm32f0xx_hal_dma.o
    0x08000eb4   0x08000eb4   0x0000009a   Code   RO         2264    i.HAL_DMA_Start_IT  stm32f0xx_hal_dma.o
    0x08000f4e   0x08000f4e   0x00000002   PAD
    0x08000f50   0x08000f50   0x000000ac   Code   RO         2651    i.HAL_FLASHEx_Erase  stm32f0xx_hal_flash_ex.o
    0x08000ffc   0x08000ffc   0x00000014   Code   RO         2548    i.HAL_FLASH_Lock    stm32f0xx_hal_flash.o
    0x08001010   0x08001010   0x000000bc   Code   RO         2553    i.HAL_FLASH_Program  stm32f0xx_hal_flash.o
    0x080010cc   0x080010cc   0x00000034   Code   RO         2555    i.HAL_FLASH_Unlock  stm32f0xx_hal_flash.o
    0x08001100   0x08001100   0x000001f0   Code   RO         2193    i.HAL_GPIO_Init     stm32f0xx_hal_gpio.o
    0x080012f0   0x080012f0   0x00000012   Code   RO         2195    i.HAL_GPIO_ReadPin  stm32f0xx_hal_gpio.o
    0x08001302   0x08001302   0x00000014   Code   RO         2196    i.HAL_GPIO_TogglePin  stm32f0xx_hal_gpio.o
    0x08001316   0x08001316   0x0000000c   Code   RO         2197    i.HAL_GPIO_WritePin  stm32f0xx_hal_gpio.o
    0x08001322   0x08001322   0x00000002   PAD
    0x08001324   0x08001324   0x0000000c   Code   RO         1535    i.HAL_GetTick       stm32f0xx_hal.o
    0x08001330   0x08001330   0x00000018   Code   RO         1541    i.HAL_IncTick       stm32f0xx_hal.o
    0x08001348   0x08001348   0x00000020   Code   RO         1542    i.HAL_Init          stm32f0xx_hal.o
    0x08001368   0x08001368   0x00000054   Code   RO         1543    i.HAL_InitTick      stm32f0xx_hal.o
    0x080013bc   0x080013bc   0x00000040   Code   RO          401    i.HAL_MspInit       stm32f0xx_hal_msp.o
    0x080013fc   0x080013fc   0x0000001c   Code   RO         2350    i.HAL_NVIC_EnableIRQ  stm32f0xx_hal_cortex.o
    0x08001418   0x08001418   0x00000012   Code   RO         2354    i.HAL_NVIC_SetPriority  stm32f0xx_hal_cortex.o
    0x0800142a   0x0800142a   0x00000002   PAD
    0x0800142c   0x0800142c   0x00000150   Code   RO         1496    i.HAL_RCCEx_PeriphCLKConfig  stm32f0xx_hal_rcc_ex.o
    0x0800157c   0x0800157c   0x0000016c   Code   RO         1400    i.HAL_RCC_ClockConfig  stm32f0xx_hal_rcc.o
    0x080016e8   0x080016e8   0x0000000c   Code   RO         1405    i.HAL_RCC_GetHCLKFreq  stm32f0xx_hal_rcc.o
    0x080016f4   0x080016f4   0x00000024   Code   RO         1407    i.HAL_RCC_GetPCLK1Freq  stm32f0xx_hal_rcc.o
    0x08001718   0x08001718   0x00000098   Code   RO         1408    i.HAL_RCC_GetSysClockFreq  stm32f0xx_hal_rcc.o
    0x080017b0   0x080017b0   0x0000058c   Code   RO         1411    i.HAL_RCC_OscConfig  stm32f0xx_hal_rcc.o
    0x08001d3c   0x08001d3c   0x00000038   Code   RO         2358    i.HAL_SYSTICK_Config  stm32f0xx_hal_cortex.o
    0x08001d74   0x08001d74   0x00000002   Code   RO         1136    i.HAL_TIMEx_BreakCallback  stm32f0xx_hal_tim_ex.o
    0x08001d76   0x08001d76   0x00000002   Code   RO         1137    i.HAL_TIMEx_CommutCallback  stm32f0xx_hal_tim_ex.o
    0x08001d78   0x08001d78   0x00000064   Code   RO          423    i.HAL_TIM_Base_Init  stm32f0xx_hal_tim.o
    0x08001ddc   0x08001ddc   0x00000084   Code   RO          261    i.HAL_TIM_Base_MspInit  tim.o
    0x08001e60   0x08001e60   0x00000070   Code   RO          428    i.HAL_TIM_Base_Start_IT  stm32f0xx_hal_tim.o
    0x08001ed0   0x08001ed0   0x00000002   Code   RO          457    i.HAL_TIM_IC_CaptureCallback  stm32f0xx_hal_tim.o
    0x08001ed2   0x08001ed2   0x0000016e   Code   RO          471    i.HAL_TIM_IRQHandler  stm32f0xx_hal_tim.o
    0x08002040   0x08002040   0x00000002   Code   RO          474    i.HAL_TIM_OC_DelayElapsedCallback  stm32f0xx_hal_tim.o
    0x08002042   0x08002042   0x00000002   Code   RO          501    i.HAL_TIM_PWM_PulseFinishedCallback  stm32f0xx_hal_tim.o
    0x08002044   0x08002044   0x00000044   Code   RO          312    i.HAL_TIM_PeriodElapsedCallback  stm32f0xx_it.o
    0x08002088   0x08002088   0x00000002   Code   RO          514    i.HAL_TIM_TriggerCallback  stm32f0xx_hal_tim.o
    0x0800208a   0x0800208a   0x0000008a   Code   RO         3209    i.HAL_UARTEx_ReceiveToIdle_DMA  stm32f0xx_hal_uart_ex.o
    0x08002114   0x08002114   0x000000a8   Code   RO         4156    i.HAL_UARTEx_RxEventCallback  usart_ywy.o
    0x080021bc   0x080021bc   0x00000002   Code   RO         2834    i.HAL_UART_ErrorCallback  stm32f0xx_hal_uart.o
    0x080021be   0x080021be   0x00000002   PAD
    0x080021c0   0x080021c0   0x000003ac   Code   RO         2837    i.HAL_UART_IRQHandler  stm32f0xx_hal_uart.o
    0x0800256c   0x0800256c   0x0000007e   Code   RO         2838    i.HAL_UART_Init     stm32f0xx_hal_uart.o
    0x080025ea   0x080025ea   0x00000002   Code   RO         2840    i.HAL_UART_MspInit  stm32f0xx_hal_uart.o
    0x080025ec   0x080025ec   0x00000002   Code   RO         2845    i.HAL_UART_RxCpltCallback  stm32f0xx_hal_uart.o
    0x080025ee   0x080025ee   0x00000002   Code   RO         2846    i.HAL_UART_RxHalfCpltCallback  stm32f0xx_hal_uart.o
    0x080025f0   0x080025f0   0x000000c8   Code   RO         2848    i.HAL_UART_Transmit_DMA  stm32f0xx_hal_uart.o
    0x080026b8   0x080026b8   0x00000040   Code   RO         4157    i.HAL_UART_TxCpltCallback  usart_ywy.o
    0x080026f8   0x080026f8   0x00000002   Code   RO         2851    i.HAL_UART_TxHalfCpltCallback  stm32f0xx_hal_uart.o
    0x080026fa   0x080026fa   0x00000002   PAD
    0x080026fc   0x080026fc   0x00000010   Code   RO         3662    i.HT16220_Clear     ht16220.o
    0x0800270c   0x0800270c   0x00000068   Code   RO         3663    i.HT16220_FlushStep  ht16220.o
    0x08002774   0x08002774   0x00000058   Code   RO         3666    i.HT16220_Init      ht16220.o
    0x080027cc   0x080027cc   0x00000020   Code   RO         3755    i.HT16220_PortCS    lcd_gpio.o
    0x080027ec   0x080027ec   0x00000020   Code   RO         3756    i.HT16220_PortDATA  lcd_gpio.o
    0x0800280c   0x0800280c   0x00000018   Code   RO         3757    i.HT16220_PortDelay  lcd_gpio.o
    0x08002824   0x08002824   0x00000020   Code   RO         3758    i.HT16220_PortWR    lcd_gpio.o
    0x08002844   0x08002844   0x00000038   Code   RO         3669    i.HT16220_SetPoint  ht16220.o
    0x0800287c   0x0800287c   0x00000004   Code   RO          313    i.HardFault_Handler  stm32f0xx_it.o
    0x08002880   0x08002880   0x000000c4   Code   RO           13    i.LCD_UI_ConfigChangedCallback  main.o
    0x08002944   0x08002944   0x00000074   Code   RO         3804    i.LCD_UI_Init       segment_lcd_ui.o
    0x080029b8   0x080029b8   0x00000108   Code   RO         3806    i.LCD_UI_KeyEvent   segment_lcd_ui.o
    0x08002ac0   0x08002ac0   0x00000038   Code   RO         3807    i.LCD_UI_SetConfig  segment_lcd_ui.o
    0x08002af8   0x08002af8   0x00000044   Code   RO         3809    i.LCD_UI_SetMeasurements  segment_lcd_ui.o
    0x08002b3c   0x08002b3c   0x00000028   Code   RO         3810    i.LCD_UI_SetProgressPercent  segment_lcd_ui.o
    0x08002b64   0x08002b64   0x000000a4   Code   RO         3811    i.LCD_UI_Task       segment_lcd_ui.o
    0x08002c08   0x08002c08   0x00000080   Code   RO         3812    i.LCD_UI_Tick10ms   segment_lcd_ui.o
    0x08002c88   0x08002c88   0x0000003c   Code   RO          262    i.MX_TIM16_Init     tim.o
    0x08002cc4   0x08002cc4   0x0000003c   Code   RO          263    i.MX_TIM17_Init     tim.o
    0x08002d00   0x08002d00   0x00000004   Code   RO          314    i.NMI_Handler       stm32f0xx_it.o
    0x08002d04   0x08002d04   0x00000002   Code   RO          315    i.PendSV_Handler    stm32f0xx_it.o
    0x08002d06   0x08002d06   0x00000002   PAD
    0x08002d08   0x08002d08   0x0000009c   Code   RO         3313    i.SEGGER_RTT_SetTerminal  segger_rtt.o
    0x08002da4   0x08002da4   0x00000048   Code   RO         3316    i.SEGGER_RTT_Write  segger_rtt.o
    0x08002dec   0x08002dec   0x00000084   Code   RO         3319    i.SEGGER_RTT_WriteNoLock  segger_rtt.o
    0x08002e70   0x08002e70   0x0000001a   Code   RO         3321    i.SEGGER_RTT_WriteString  segger_rtt.o
    0x08002e8a   0x08002e8a   0x00000002   Code   RO          316    i.SVC_Handler       stm32f0xx_it.o
    0x08002e8c   0x08002e8c   0x00000008   Code   RO          317    i.SysTick_Handler   stm32f0xx_it.o
    0x08002e94   0x08002e94   0x0000006e   Code   RO           14    i.SystemClock_Config  main.o
    0x08002f02   0x08002f02   0x00000002   Code   RO         3261    i.SystemInit        system_stm32f0xx.o
    0x08002f04   0x08002f04   0x00000010   Code   RO          318    i.TIM16_IRQHandler  stm32f0xx_it.o
    0x08002f14   0x08002f14   0x00000010   Code   RO          319    i.TIM17_IRQHandler  stm32f0xx_it.o
    0x08002f24   0x08002f24   0x00000010   Code   RO          264    i.TIM17_Start       tim.o
    0x08002f34   0x08002f34   0x000000b0   Code   RO          516    i.TIM_Base_SetConfig  stm32f0xx_hal_tim.o
    0x08002fe4   0x08002fe4   0x000000f0   Code   RO         2852    i.UART_AdvFeatureConfig  stm32f0xx_hal_uart.o
    0x080030d4   0x080030d4   0x00000100   Code   RO         2853    i.UART_CheckIdleState  stm32f0xx_hal_uart.o
    0x080031d4   0x080031d4   0x00000018   Code   RO         2854    i.UART_DMAAbortOnError  stm32f0xx_hal_uart.o
    0x080031ec   0x080031ec   0x00000058   Code   RO         2855    i.UART_DMAError     stm32f0xx_hal_uart.o
    0x08003244   0x08003244   0x000000c6   Code   RO         2856    i.UART_DMAReceiveCplt  stm32f0xx_hal_uart.o
    0x0800330a   0x0800330a   0x00000026   Code   RO         2858    i.UART_DMARxHalfCplt  stm32f0xx_hal_uart.o
    0x08003330   0x08003330   0x0000005e   Code   RO         2860    i.UART_DMATransmitCplt  stm32f0xx_hal_uart.o
    0x0800338e   0x0800338e   0x0000000e   Code   RO         2862    i.UART_DMATxHalfCplt  stm32f0xx_hal_uart.o
    0x0800339c   0x0800339c   0x00000080   Code   RO         2864    i.UART_EndRxTransfer  stm32f0xx_hal_uart.o
    0x0800341c   0x0800341c   0x00000036   Code   RO         2865    i.UART_EndTransmit_IT  stm32f0xx_hal_uart.o
    0x08003452   0x08003452   0x0000002c   Code   RO         2866    i.UART_EndTxTransfer  stm32f0xx_hal_uart.o
    0x0800347e   0x0800347e   0x00000002   PAD
    0x08003480   0x08003480   0x000001a0   Code   RO         2869    i.UART_SetConfig    stm32f0xx_hal_uart.o
    0x08003620   0x08003620   0x000000dc   Code   RO         2870    i.UART_Start_Receive_DMA  stm32f0xx_hal_uart.o
    0x080036fc   0x080036fc   0x000000b4   Code   RO         2874    i.UART_WaitOnFlagUntilTimeout  stm32f0xx_hal_uart.o
    0x080037b0   0x080037b0   0x00000010   Code   RO          320    i.USART1_IRQHandler  stm32f0xx_it.o
    0x080037c0   0x080037c0   0x00000010   Code   RO          321    i.USART2_IRQHandler  stm32f0xx_it.o
    0x080037d0   0x080037d0   0x00000070   Code   RO         3323    i._DoInit           segger_rtt.o
    0x08003840   0x08003840   0x0000001c   Code   RO         3324    i._GetAvailWriteSpace  segger_rtt.o
    0x0800385c   0x0800385c   0x0000007e   Code   RO         3326    i._WriteBlocking    segger_rtt.o
    0x080038da   0x080038da   0x00000056   Code   RO         3327    i._WriteNoCheck     segger_rtt.o
    0x08003930   0x08003930   0x00000028   Code   RO         4597    i.__0sprintf        mc_p.l(printfa.o)
    0x08003958   0x08003958   0x0000002e   Code   RO         4667    i.__ARM_clz         mf_p.l(depilogue.o)
    0x08003986   0x08003986   0x00000030   Code   RO         1487    i.__ARM_common_ll_muluu  stm32f0xx_hal_rcc.o
    0x080039b6   0x080039b6   0x0000001c   Code   RO         1129    i.__ARM_common_switch8  stm32f0xx_hal_tim.o
    0x080039d2   0x080039d2   0x00000002   PAD
    0x080039d4   0x080039d4   0x00000078   Code   RO         2360    i.__NVIC_SetPriority  stm32f0xx_hal_cortex.o
    0x08003a4c   0x08003a4c   0x00000006   Code   RO         2875    i.__get_PRIMASK     stm32f0xx_hal_uart.o
    0x08003a52   0x08003a52   0x0000000e   Code   RO         4685    i.__scatterload_copy  mc_p.l(handlers.o)
    0x08003a60   0x08003a60   0x00000002   Code   RO         4686    i.__scatterload_null  mc_p.l(handlers.o)
    0x08003a62   0x08003a62   0x0000000e   Code   RO         4687    i.__scatterload_zeroinit  mc_p.l(handlers.o)
    0x08003a70   0x08003a70   0x00000006   Code   RO         2876    i.__set_PRIMASK     stm32f0xx_hal_uart.o
    0x08003a76   0x08003a76   0x00000006   Code   RO         3211    i.__set_PRIMASK     stm32f0xx_hal_uart_ex.o
    0x08003a7c   0x08003a7c   0x00000174   Code   RO         4602    i._fp_digits        mc_p.l(printfa.o)
    0x08003bf0   0x08003bf0   0x000006f0   Code   RO         4603    i._printf_core      mc_p.l(printfa.o)
    0x080042e0   0x080042e0   0x00000020   Code   RO         4604    i._printf_post_padding  mc_p.l(printfa.o)
    0x08004300   0x08004300   0x0000002c   Code   RO         4605    i._printf_pre_padding  mc_p.l(printfa.o)
    0x0800432c   0x0800432c   0x0000000a   Code   RO         4607    i._sputc            mc_p.l(printfa.o)
    0x08004336   0x08004336   0x00000002   PAD
    0x08004338   0x08004338   0x000000d0   Code   RO         3813    i.alpha_pattern     segment_lcd_ui.o
    0x08004408   0x08004408   0x00000036   Code   RO         3814    i.alpha_show_right  segment_lcd_ui.o
    0x0800443e   0x0800443e   0x0000001c   Code   RO         3815    i.alpha_show_text   segment_lcd_ui.o
    0x0800445a   0x0800445a   0x00000014   Code   RO         3816    i.alpha_show_water_x10  segment_lcd_ui.o
    0x0800446e   0x0800446e   0x00000002   PAD
    0x08004470   0x08004470   0x00000054   Code   RO         3817    i.alpha_write       segment_lcd_ui.o
    0x080044c4   0x080044c4   0x000000bc   Code   RO         3571    i.bsp_key_10ms_scan  key.o
    0x08004580   0x08004580   0x00000024   Code   RO         3818    i.clear_alpha_decimal_points  segment_lcd_ui.o
    0x080045a4   0x080045a4   0x00000370   Code   RO         4158    i.com_ywy_handle    usart_ywy.o
    0x08004914   0x08004914   0x00000040   Code   RO         4230    i.flash_param_crc32  flash_param.o
    0x08004954   0x08004954   0x00000028   Code   RO         4231    i.flash_param_program_halfword  flash_param.o
    0x0800497c   0x0800497c   0x00000014   Code   RO         4232    i.flash_param_read_record  flash_param.o
    0x08004990   0x08004990   0x00000044   Code   RO         4233    i.flash_param_record_valid  flash_param.o
    0x080049d4   0x080049d4   0x000000dc   Code   RO           15    i.flash_read_params_init  main.o
    0x08004ab0   0x08004ab0   0x00000032   Code   RO         3819    i.format_fixed5     segment_lcd_ui.o
    0x08004ae2   0x08004ae2   0x0000002c   Code   RO         3820    i.format_water_x10  segment_lcd_ui.o
    0x08004b0e   0x08004b0e   0x00000002   PAD
    0x08004b10   0x08004b10   0x000000ec   Code   RO         3572    i.get_key_state     key.o
    0x08004bfc   0x08004bfc   0x00000030   Code   RO         3821    i.hide_temperature_area  segment_lcd_ui.o
    0x08004c2c   0x08004c2c   0x0000009c   Code   RO         3759    i.ht16220_gpio_init  lcd_gpio.o
    0x08004cc8   0x08004cc8   0x00000028   Code   RO         3671    i.ht_send_command   ht16220.o
    0x08004cf0   0x08004cf0   0x0000002a   Code   RO         3672    i.ht_write_bit      ht16220.o
    0x08004d1a   0x08004d1a   0x00000022   Code   RO         3673    i.ht_write_bits_msb  ht16220.o
    0x08004d3c   0x08004d3c   0x0000001e   Code   RO         3674    i.ht_write_nibble_lsb  ht16220.o
    0x08004d5a   0x08004d5a   0x0000003c   Code   RO         3675    i.ht_write_seg_byte  ht16220.o
    0x08004d96   0x08004d96   0x00000002   PAD
    0x08004d98   0x08004d98   0x0000006c   Code   RO         3822    i.increment_selected_digit  segment_lcd_ui.o
    0x08004e04   0x08004e04   0x000000a0   Code   RO           16    i.key_click_handle  main.o
    0x08004ea4   0x08004ea4   0x0000000c   Code   RO         3573    i.key_click_register_task  key.o
    0x08004eb0   0x08004eb0   0x0000008c   Code   RO           17    i.key_double_click_handle  main.o
    0x08004f3c   0x08004f3c   0x0000000c   Code   RO         3574    i.key_double_click_register_task  key.o
    0x08004f48   0x08004f48   0x000000c0   Code   RO         3575    i.key_gpio_init     key.o
    0x08005008   0x08005008   0x0000000c   Code   RO         3576    i.key_init          key.o
    0x08005014   0x08005014   0x00000070   Code   RO         3577    i.key_params_register  key.o
    0x08005084   0x08005084   0x00000038   Code   RO         3578    i.key_soft_init     key.o
    0x080050bc   0x080050bc   0x00000094   Code   RO         3644    i.led_init          led.o
    0x08005150   0x08005150   0x00000014   Code   RO         3823    i.limit_5_digits    segment_lcd_ui.o
    0x08005164   0x08005164   0x0000000c   Code   RO         4052    i.loop_buffer_init  usart_test.o
    0x08005170   0x08005170   0x00000012   Code   RO         4053    i.loop_buffer_next_index  usart_test.o
    0x08005182   0x08005182   0x0000002a   Code   RO         4054    i.loop_buffer_pop   usart_test.o
    0x080051ac   0x080051ac   0x0000002a   Code   RO         4055    i.loop_buffer_pop_array  usart_test.o
    0x080051d6   0x080051d6   0x00000026   Code   RO         4056    i.loop_buffer_push  usart_test.o
    0x080051fc   0x080051fc   0x0000002a   Code   RO         4057    i.loop_buffer_push_array  usart_test.o
    0x08005226   0x08005226   0x00000002   PAD
    0x08005228   0x08005228   0x0000019c   Code   RO           18    i.main              main.o
    0x080053c4   0x080053c4   0x0000003c   Code   RO         4159    i.modbus_time_done  usart_ywy.o
    0x08005400   0x08005400   0x0000004c   Code   RO         4297    i.my_usart2_receive_handle  usart_control.o
    0x0800544c   0x0800544c   0x00000032   Code   RO         3824    i.page_is_numeric   segment_lcd_ui.o
    0x0800547e   0x0800547e   0x00000002   PAD
    0x08005480   0x08005480   0x00000024   Code   RO         3825    i.page_next         segment_lcd_ui.o
    0x080054a4   0x080054a4   0x0000002c   Code   RO         3826    i.page_prev         segment_lcd_ui.o
    0x080054d0   0x080054d0   0x00000070   Code   RO         3827    i.page_right_text   segment_lcd_ui.o
    0x08005540   0x08005540   0x0000005c   Code   RO         3828    i.page_value_pointer  segment_lcd_ui.o
    0x0800559c   0x0800559c   0x00000040   Code   RO         3579    i.read_key_down_state  key.o
    0x080055dc   0x080055dc   0x00000060   Code   RO         3829    i.render_alarm_enable_page  segment_lcd_ui.o
    0x0800563c   0x0800563c   0x000000e8   Code   RO         3830    i.render_main_page  segment_lcd_ui.o
    0x08005724   0x08005724   0x00000074   Code   RO         3831    i.render_numeric_page  segment_lcd_ui.o
    0x08005798   0x08005798   0x0000003c   Code   RO         3832    i.render_page       segment_lcd_ui.o
    0x080057d4   0x080057d4   0x00000054   Code   RO         3833    i.render_progress_bar  segment_lcd_ui.o
    0x08005828   0x08005828   0x00000064   Code   RO         3834    i.sanitize_config   segment_lcd_ui.o
    0x0800588c   0x0800588c   0x00000012   Code   RO         4058    i.send_loop_buffer_count_empty  usart_test.o
    0x0800589e   0x0800589e   0x00000026   Code   RO         4059    i.send_loop_buffer_count_free  usart_test.o
    0x080058c4   0x080058c4   0x00000026   Code   RO         4060    i.send_loop_buffer_data_free  usart_test.o
    0x080058ea   0x080058ea   0x00000018   Code   RO         4061    i.send_loop_buffer_init  usart_test.o
    0x08005902   0x08005902   0x00000070   Code   RO         4062    i.send_loop_buffer_pop  usart_test.o
    0x08005972   0x08005972   0x0000008c   Code   RO         4063    i.send_loop_buffer_push  usart_test.o
    0x080059fe   0x080059fe   0x00000016   Code   RO         3835    i.set_point         segment_lcd_ui.o
    0x08005a14   0x08005a14   0x0000008c   Code   RO         3836    i.seven_pattern     segment_lcd_ui.o
    0x08005aa0   0x08005aa0   0x0000006c   Code   RO         3837    i.seven_write       segment_lcd_ui.o
    0x08005b0c   0x08005b0c   0x00000034   Code   RO         3838    i.top_show_digits   segment_lcd_ui.o
    0x08005b40   0x08005b40   0x00000048   Code   RO         3839    i.top_show_word     segment_lcd_ui.o
    0x08005b88   0x08005b88   0x00000018   Code   RO         4298    i.uart2_send_data   usart_control.o
    0x08005ba0   0x08005ba0   0x00000058   Code   RO         4299    i.uart2_ywy_send_check  usart_control.o
    0x08005bf8   0x08005bf8   0x00000018   Code   RO         4160    i.uart_send_data    usart_ywy.o
    0x08005c10   0x08005c10   0x00000004   Code   RO         4064    i.uart_send_enter_critical  usart_test.o
    0x08005c14   0x08005c14   0x00000004   Code   RO         4065    i.uart_send_exit_critical  usart_test.o
    0x08005c18   0x08005c18   0x0000004c   Code   RO         4161    i.uart_ywy_send_check  usart_ywy.o
    0x08005c64   0x08005c64   0x000001c4   Code   RO         4300    i.usart2_control_dma_init  usart_control.o
    0x08005e28   0x08005e28   0x000001b0   Code   RO         4162    i.usart_ywy_dma_init  usart_ywy.o
    0x08005fd8   0x08005fd8   0x00000020   Data   RO         1412    .constdata          stm32f0xx_hal_rcc.o
    0x08005ff8   0x08005ff8   0x00000018   Data   RO         3262    .constdata          system_stm32f0xx.o
    0x08006010   0x08006010   0x00000021   Data   RO         3329    .constdata          segger_rtt.o
    0x08006031   0x08006031   0x00000003   PAD
    0x08006034   0x08006034   0x00000140   Data   RO         3841    .constdata          segment_lcd_ui.o
    0x08006174   0x08006174   0x00000200   Data   RO         4025    .constdata          crc.o
    0x08006374   0x08006374   0x00000020   Data   RO         4683    Region$$Table       anon$$obj.o


    Execution Region RW_IRAM1 (Exec base: 0x20000000, Load base: 0x08006394, Size: 0x00001258, Max: 0x00002000, ABSOLUTE)

    Exec Addr    Load Addr    Size         Type   Attr      Idx    E Section Name        Object

    0x20000000   0x08006394   0x00000051   Data   RW           20    .data               main.o
    0x20000051   0x080063e5   0x00000001   PAD
    0x20000052   0x080063e6   0x00000002   Data   RW          322    .data               stm32f0xx_it.o
    0x20000054   0x080063e8   0x00000009   Data   RW         1549    .data               stm32f0xx_hal.o
    0x2000005d   0x080063f1   0x00000003   PAD
    0x20000060   0x080063f4   0x00000004   Data   RW         3263    .data               system_stm32f0xx.o
    0x20000064   0x080063f8   0x00000001   Data   RW         3330    .data               segger_rtt.o
    0x20000065   0x080063f9   0x00000003   PAD
    0x20000068   0x080063fc   0x00000008   Data   RW         3581    .data               key.o
    0x20000070   0x08006404   0x00000001   Data   RW         3677    .data               ht16220.o
    0x20000071   0x08006405   0x00000001   PAD
    0x20000072   0x08006406   0x0000000d   Data   RW         3842    .data               segment_lcd_ui.o
    0x2000007f   0x08006413   0x00000001   PAD
    0x20000080   0x08006414   0x0000001a   Data   RW         4164    .data               usart_ywy.o
    0x2000009a   0x0800642e   0x00000002   Data   RW         4302    .data               usart_control.o
    0x2000009c        -       0x00000078   Zero   RW           19    .bss                main.o
    0x20000114        -       0x00000090   Zero   RW          265    .bss                tim.o
    0x200001a4   0x08006430   0x00000004   PAD
    0x200001a8        -       0x00000020   Zero   RW         2556    .bss                stm32f0xx_hal_flash.o
    0x200001c8        -       0x000004b8   Zero   RW         3328    .bss                segger_rtt.o
    0x20000680        -       0x00000054   Zero   RW         3580    .bss                key.o
    0x200006d4        -       0x00000060   Zero   RW         3676    .bss                ht16220.o
    0x20000734        -       0x00000014   Zero   RW         3760    .bss                lcd_gpio.o
    0x20000748        -       0x00000064   Zero   RW         3840    .bss                segment_lcd_ui.o
    0x200007ac        -       0x00000344   Zero   RW         4163    .bss                usart_ywy.o
    0x20000af0        -       0x00000364   Zero   RW         4301    .bss                usart_control.o
    0x20000e54   0x08006430   0x00000004   PAD
    0x20000e58        -       0x00000400   Zero   RW            1    STACK               startup_stm32f030x8.o


==============================================================================

Image component sizes


      Code (inc. data)   RO Data    RW Data    ZI Data      Debug   Object Name

        56         10        512          0          0       1361   crc.o
       652         26          0          0          0       6650   flash_param.o
       470         42          0          1         96       5318   ht16220.o
       884         58          0          8         84       5836   key.o
       276         24          0          0         20       3019   lcd_gpio.o
       148          8          0          0          0        815   led.o
      1244        318          0         81        120     286592   main.o
       738         54         33          1       1208      10568   segger_rtt.o
      2952        478        320         13        100      19964   segment_lcd_ui.o
        28          8        180          0       1024        612   startup_stm32f030x8.o
       152         32          0          9          0       7153   stm32f0xx_hal.o
       222         26          0          0          0      10249   stm32f0xx_hal_cortex.o
       730         10          0          0          0       5050   stm32f0xx_hal_dma.o
       468         52          0          0         32       4002   stm32f0xx_hal_flash.o
       256         30          0          0          0       2359   stm32f0xx_hal_flash_ex.o
       546         26          0          0          0       3140   stm32f0xx_hal_gpio.o
        64          4          0          0          0        786   stm32f0xx_hal_msp.o
      2032         78         32          0          0       4985   stm32f0xx_hal_rcc.o
       336         14          0          0          0       1352   stm32f0xx_hal_rcc_ex.o
       790         38          0          0          0       5619   stm32f0xx_hal_tim.o
         4          0          0          0          0       1481   stm32f0xx_hal_tim_ex.o
      3282         70          0          0          0      20306   stm32f0xx_hal_uart.o
       144          0          0          0          0       1823   stm32f0xx_hal_uart_ex.o
       200         52          0          2          0       6032   stm32f0xx_it.o
         2          0         24          4          0       1055   system_stm32f0xx.o
       268         46          0          0        144       2361   tim.o
       640        102          0          2        868       4159   usart_control.o
       572          0          0          0          0       9303   usart_test.o
      1704        212          0         26        836       6972   usart_ywy.o

    ----------------------------------------------------------------------
     19888       1818       1136        156       4540     438922   Object Totals
         0          0         32          0          0          0   (incl. Generated)
        28          0          3          9          8          0   (incl. Padding)

    ----------------------------------------------------------------------

      Code (inc. data)   RO Data    RW Data    ZI Data      Debug   Library Member Name

         0          0          0          0          0          0   entry.o
         0          0          0          0          0          0   entry10a.o
         0          0          0          0          0          0   entry11a.o
         4          0          0          0          0          0   entry12b.o
         8          4          0          0          0          0   entry2.o
         4          0          0          0          0          0   entry5.o
         0          0          0          0          0          0   entry7b.o
         0          0          0          0          0          0   entry8b.o
         8          4          0          0          0          0   entry9a.o
        30          0          0          0          0          0   handlers.o
        36          8          0          0          0         68   init.o
         0          0          0          0          0          0   iusefp.o
        32          0          0          0          0         68   llshl.o
        38          0          0          0          0         68   llsshr.o
        34          0          0          0          0         68   llushr.o
        26          0          0          0          0         72   memcmp.o
        36          0          0          0          0         60   memcpya.o
        36          0          0          0          0        100   memseta.o
      2274         94          0          0          0        472   printfa.o
        14          0          0          0          0         60   strlen.o
        44          0          0          0          0         72   uidiv.o
        96          0          0          0          0         84   uldiv.o
        40          2          0          0          0         68   cdrcmple.o
        20          0          0          0          0         68   cfrcmple.o
        56          0          0          0          0         68   d2f.o
       360          6          0          0          0        140   dadd.o
       240          6          0          0          0         84   ddiv.o
       236          0          0          0          0        216   depilogue.o
        64         10          0          0          0         68   dfixul.o
       208          6          0          0          0         88   dmul.o
        40          0          0          0          0         60   f2d.o
       124          0          0          0          0         72   fdiv.o
       130          0          0          0          0        144   fepilogue.o
        50          0          0          0          0         60   ffixi.o
        40          0          0          0          0         60   ffixui.o
        14          0          0          0          0         68   ffltui.o
       122          0          0          0          0         72   fmul.o

    ----------------------------------------------------------------------
      4468        140          0          0          0       2528   Library Totals
         4          0          0          0          0          0   (incl. Padding)

    ----------------------------------------------------------------------

      Code (inc. data)   RO Data    RW Data    ZI Data      Debug   Library Name

      2720        110          0          0          0       1192   mc_p.l
      1744         30          0          0          0       1336   mf_p.l

    ----------------------------------------------------------------------
      4468        140          0          0          0       2528   Library Totals

    ----------------------------------------------------------------------

==============================================================================


      Code (inc. data)   RO Data    RW Data    ZI Data      Debug   

     24356       1958       1136        156       4540     431906   Grand Totals
     24356       1958       1136        156       4540     431906   ELF Image Totals
     24356       1958       1136        156          0          0   ROM Totals

==============================================================================

    Total RO  Size (Code + RO Data)                25492 (  24.89kB)
    Total RW  Size (RW Data + ZI Data)              4696 (   4.59kB)
    Total ROM Size (Code + RO Data + RW Data)      25648 (  25.05kB)

==============================================================================

